Archive member included because of file (symbol)

c:/program files (x86)/gnu tools arm embedded/4.8 2014q3/bin/../lib/gcc/arm-none-eabi/4.8.4/../../../../arm-none-eabi/lib/armv7e-m/fpu\libg.a(lib_a-exit.o)
                              c:/program files (x86)/gnu tools arm embedded/4.8 2014q3/bin/../lib/gcc/arm-none-eabi/4.8.4/../../../../arm-none-eabi/lib/armv7e-m/fpu/crt0.o (exit)
c:/program files (x86)/gnu tools arm embedded/4.8 2014q3/bin/../lib/gcc/arm-none-eabi/4.8.4/../../../../arm-none-eabi/lib/armv7e-m/fpu\libg.a(lib_a-impure.o)
                              c:/program files (x86)/gnu tools arm embedded/4.8 2014q3/bin/../lib/gcc/arm-none-eabi/4.8.4/../../../../arm-none-eabi/lib/armv7e-m/fpu\libg.a(lib_a-exit.o) (_global_impure_ptr)
c:/program files (x86)/gnu tools arm embedded/4.8 2014q3/bin/../lib/gcc/arm-none-eabi/4.8.4/../../../../arm-none-eabi/lib/armv7e-m/fpu\libg.a(lib_a-init.o)
                              c:/program files (x86)/gnu tools arm embedded/4.8 2014q3/bin/../lib/gcc/arm-none-eabi/4.8.4/../../../../arm-none-eabi/lib/armv7e-m/fpu/crt0.o (__libc_init_array)
c:/program files (x86)/gnu tools arm embedded/4.8 2014q3/bin/../lib/gcc/arm-none-eabi/4.8.4/../../../../arm-none-eabi/lib/armv7e-m/fpu\libg.a(lib_a-malloc.o)
                              ./drivers/USBH_midi_class/Src/usbh_MIDI.o (malloc)
c:/program files (x86)/gnu tools arm embedded/4.8 2014q3/bin/../lib/gcc/arm-none-eabi/4.8.4/../../../../arm-none-eabi/lib/armv7e-m/fpu\libg.a(lib_a-mallocr.o)
                              c:/program files (x86)/gnu tools arm embedded/4.8 2014q3/bin/../lib/gcc/arm-none-eabi/4.8.4/../../../../arm-none-eabi/lib/armv7e-m/fpu\libg.a(lib_a-malloc.o) (_malloc_r)
c:/program files (x86)/gnu tools arm embedded/4.8 2014q3/bin/../lib/gcc/arm-none-eabi/4.8.4/../../../../arm-none-eabi/lib/armv7e-m/fpu\libg.a(lib_a-memcpy.o)
                              ./Synth/blepvco.o (memcpy)
c:/program files (x86)/gnu tools arm embedded/4.8 2014q3/bin/../lib/gcc/arm-none-eabi/4.8.4/../../../../arm-none-eabi/lib/armv7e-m/fpu\libg.a(lib_a-memset.o)
                              c:/program files (x86)/gnu tools arm embedded/4.8 2014q3/bin/../lib/gcc/arm-none-eabi/4.8.4/../../../../arm-none-eabi/lib/armv7e-m/fpu/crt0.o (memset)
c:/program files (x86)/gnu tools arm embedded/4.8 2014q3/bin/../lib/gcc/arm-none-eabi/4.8.4/../../../../arm-none-eabi/lib/armv7e-m/fpu\libg.a(lib_a-mlock.o)
                              c:/program files (x86)/gnu tools arm embedded/4.8 2014q3/bin/../lib/gcc/arm-none-eabi/4.8.4/../../../../arm-none-eabi/lib/armv7e-m/fpu\libg.a(lib_a-mallocr.o) (__malloc_lock)
c:/program files (x86)/gnu tools arm embedded/4.8 2014q3/bin/../lib/gcc/arm-none-eabi/4.8.4/../../../../arm-none-eabi/lib/armv7e-m/fpu\libg.a(lib_a-rand.o)
                              ./Synth/random.o (srand)
c:/program files (x86)/gnu tools arm embedded/4.8 2014q3/bin/../lib/gcc/arm-none-eabi/4.8.4/../../../../arm-none-eabi/lib/armv7e-m/fpu\libg.a(lib_a-sbrkr.o)
                              c:/program files (x86)/gnu tools arm embedded/4.8 2014q3/bin/../lib/gcc/arm-none-eabi/4.8.4/../../../../arm-none-eabi/lib/armv7e-m/fpu\libg.a(lib_a-mallocr.o) (_sbrk_r)
c:/program files (x86)/gnu tools arm embedded/4.8 2014q3/bin/../lib/gcc/arm-none-eabi/4.8.4/../../../../arm-none-eabi/lib/armv7e-m/fpu\libg.a(lib_a-__call_atexit.o)
                              c:/program files (x86)/gnu tools arm embedded/4.8 2014q3/bin/../lib/gcc/arm-none-eabi/4.8.4/../../../../arm-none-eabi/lib/armv7e-m/fpu\libg.a(lib_a-exit.o) (__call_exitprocs)
c:/program files (x86)/gnu tools arm embedded/4.8 2014q3/bin/../lib/gcc/arm-none-eabi/4.8.4/../../../../arm-none-eabi/lib/armv7e-m/fpu\libg.a(lib_a-atexit.o)
                              c:/program files (x86)/gnu tools arm embedded/4.8 2014q3/bin/../lib/gcc/arm-none-eabi/4.8.4/../../../../arm-none-eabi/lib/armv7e-m/fpu\libg.a(lib_a-__call_atexit.o) (atexit)
c:/program files (x86)/gnu tools arm embedded/4.8 2014q3/bin/../lib/gcc/arm-none-eabi/4.8.4/../../../../arm-none-eabi/lib/armv7e-m/fpu\libg.a(lib_a-fini.o)
                              c:/program files (x86)/gnu tools arm embedded/4.8 2014q3/bin/../lib/gcc/arm-none-eabi/4.8.4/../../../../arm-none-eabi/lib/armv7e-m/fpu\libg.a(lib_a-__call_atexit.o) (__libc_fini_array)
c:/program files (x86)/gnu tools arm embedded/4.8 2014q3/bin/../lib/gcc/arm-none-eabi/4.8.4/../../../../arm-none-eabi/lib/armv7e-m/fpu\libg.a(lib_a-freer.o)
                              c:/program files (x86)/gnu tools arm embedded/4.8 2014q3/bin/../lib/gcc/arm-none-eabi/4.8.4/../../../../arm-none-eabi/lib/armv7e-m/fpu\libg.a(lib_a-malloc.o) (_free_r)
c:/program files (x86)/gnu tools arm embedded/4.8 2014q3/bin/../lib/gcc/arm-none-eabi/4.8.4/../../../../arm-none-eabi/lib/armv7e-m/fpu\libg.a(lib_a-reent.o)
                              c:/program files (x86)/gnu tools arm embedded/4.8 2014q3/bin/../lib/gcc/arm-none-eabi/4.8.4/../../../../arm-none-eabi/lib/armv7e-m/fpu\libg.a(lib_a-sbrkr.o) (errno)
[...]
Memory Configuration

Name             Origin             Length             Attributes
FLASH            0x08000000         0x00100000         xr
RAM              0x20000000         0x00020000         xrw
CCMRAM           0x10000000         0x00010000         rw
*default*        0x00000000         0xffffffff

Linker script and memory map

LOAD c:/program files (x86)/gnu tools arm embedded/4.8 2014q3/bin/../lib/gcc/arm-none-eabi/4.8.4/armv7e-m/fpu/crti.o
LOAD c:/program files (x86)/gnu tools arm embedded/4.8 2014q3/bin/../lib/gcc/arm-none-eabi/4.8.4/armv7e-m/fpu/crtbegin.o
LOAD c:/program files (x86)/gnu tools arm embedded/4.8 2014q3/bin/../lib/gcc/arm-none-eabi/4.8.4/../../../../arm-none-eabi/lib/armv7e-m/fpu/crt0.o
LOAD ./drivers/USBH_midi_class/Src/usbh_MIDI.o
LOAD ./drivers/STM32_USB_Host_Library/Core/Src/usbh_core.o
LOAD ./drivers/STM32_USB_Host_Library/Core/Src/usbh_ctlreq.o
LOAD ./drivers/STM32_USB_Host_Library/Core/Src/usbh_ioreq.o
LOAD ./drivers/STM32_USB_Host_Library/Core/Src/usbh_pipes.o
LOAD ./drivers/STM32F4xx_HAL_Driver/Src/stm32f4xx_hal.o
LOAD ./drivers/STM32F4xx_HAL_Driver/Src/stm32f4xx_hal_adc.o
LOAD ./drivers/STM32F4xx_HAL_Driver/Src/stm32f4xx_hal_adc_ex.o
LOAD ./drivers/STM32F4xx_HAL_Driver/Src/stm32f4xx_hal_can.o
LOAD ./drivers/STM32F4xx_HAL_Driver/Src/stm32f4xx_hal_cortex.o
LOAD ./drivers/STM32F4xx_HAL_Driver/Src/stm32f4xx_hal_crc.o
LOAD ./drivers/STM32F4xx_HAL_Driver/Src/stm32f4xx_hal_cryp.o
LOAD ./drivers/STM32F4xx_HAL_Driver/Src/stm32f4xx_hal_cryp_ex.o
LOAD ./drivers/STM32F4xx_HAL_Driver/Src/stm32f4xx_hal_dac.o
LOAD ./drivers/STM32F4xx_HAL_Driver/Src/stm32f4xx_hal_dac_ex.o
LOAD ./drivers/STM32F4xx_HAL_Driver/Src/stm32f4xx_hal_dcmi.o
LOAD ./drivers/STM32F4xx_HAL_Driver/Src/stm32f4xx_hal_dma.o
LOAD ./drivers/STM32F4xx_HAL_Driver/Src/stm32f4xx_hal_dma2d.o
LOAD ./drivers/STM32F4xx_HAL_Driver/Src/stm32f4xx_hal_dma_ex.o
LOAD ./drivers/STM32F4xx_HAL_Driver/Src/stm32f4xx_hal_eth.o
LOAD ./drivers/STM32F4xx_HAL_Driver/Src/stm32f4xx_hal_flash.o
LOAD ./drivers/STM32F4xx_HAL_Driver/Src/stm32f4xx_hal_flash_ex.o
LOAD ./drivers/STM32F4xx_HAL_Driver/Src/stm32f4xx_hal_flash_ramfunc.o
LOAD ./drivers/STM32F4xx_HAL_Driver/Src/stm32f4xx_hal_gpio.o
LOAD ./drivers/STM32F4xx_HAL_Driver/Src/stm32f4xx_hal_hash.o
LOAD ./drivers/STM32F4xx_HAL_Driver/Src/stm32f4xx_hal_hash_ex.o
LOAD ./drivers/STM32F4xx_HAL_Driver/Src/stm32f4xx_hal_hcd.o
LOAD ./drivers/STM32F4xx_HAL_Driver/Src/stm32f4xx_hal_i2c.o
LOAD ./drivers/STM32F4xx_HAL_Driver/Src/stm32f4xx_hal_i2c_ex.o
LOAD ./drivers/STM32F4xx_HAL_Driver/Src/stm32f4xx_hal_i2s.o
LOAD ./drivers/STM32F4xx_HAL_Driver/Src/stm32f4xx_hal_i2s_ex.o
LOAD ./drivers/STM32F4xx_HAL_Driver/Src/stm32f4xx_hal_irda.o
LOAD ./drivers/STM32F4xx_HAL_Driver/Src/stm32f4xx_hal_iwdg.o
LOAD ./drivers/STM32F4xx_HAL_Driver/Src/stm32f4xx_hal_ltdc.o
LOAD ./drivers/STM32F4xx_HAL_Driver/Src/stm32f4xx_hal_nand.o
LOAD ./drivers/STM32F4xx_HAL_Driver/Src/stm32f4xx_hal_nor.o
LOAD ./drivers/STM32F4xx_HAL_Driver/Src/stm32f4xx_hal_pccard.o
LOAD ./drivers/STM32F4xx_HAL_Driver/Src/stm32f4xx_hal_pcd.o
LOAD ./drivers/STM32F4xx_HAL_Driver/Src/stm32f4xx_hal_pcd_ex.o
LOAD ./drivers/STM32F4xx_HAL_Driver/Src/stm32f4xx_hal_pwr.o
LOAD ./drivers/STM32F4xx_HAL_Driver/Src/stm32f4xx_hal_pwr_ex.o
LOAD ./drivers/STM32F4xx_HAL_Driver/Src/stm32f4xx_hal_rcc.o
LOAD ./drivers/STM32F4xx_HAL_Driver/Src/stm32f4xx_hal_rcc_ex.o
LOAD ./drivers/STM32F4xx_HAL_Driver/Src/stm32f4xx_hal_rng.o
LOAD ./drivers/STM32F4xx_HAL_Driver/Src/stm32f4xx_hal_rtc.o
LOAD ./drivers/STM32F4xx_HAL_Driver/Src/stm32f4xx_hal_rtc_ex.o
LOAD ./drivers/STM32F4xx_HAL_Driver/Src/stm32f4xx_hal_sai.o
LOAD ./drivers/STM32F4xx_HAL_Driver/Src/stm32f4xx_hal_sd.o
LOAD ./drivers/STM32F4xx_HAL_Driver/Src/stm32f4xx_hal_sdram.o
LOAD ./drivers/STM32F4xx_HAL_Driver/Src/stm32f4xx_hal_smartcard.o
LOAD ./drivers/STM32F4xx_HAL_Driver/Src/stm32f4xx_hal_spi.o
LOAD ./drivers/STM32F4xx_HAL_Driver/Src/stm32f4xx_hal_sram.o
LOAD ./drivers/STM32F4xx_HAL_Driver/Src/stm32f4xx_hal_tim.o
LOAD ./drivers/STM32F4xx_HAL_Driver/Src/stm32f4xx_hal_tim_ex.o
LOAD ./drivers/STM32F4xx_HAL_Driver/Src/stm32f4xx_hal_uart.o
LOAD ./drivers/STM32F4xx_HAL_Driver/Src/stm32f4xx_hal_usart.o
LOAD ./drivers/STM32F4xx_HAL_Driver/Src/stm32f4xx_hal_wwdg.o
LOAD ./drivers/STM32F4xx_HAL_Driver/Src/stm32f4xx_ll_fmc.o
LOAD ./drivers/STM32F4xx_HAL_Driver/Src/stm32f4xx_ll_fsmc.o
LOAD ./drivers/STM32F4xx_HAL_Driver/Src/stm32f4xx_ll_sdmmc.o
LOAD ./drivers/STM32F4xx_HAL_Driver/Src/stm32f4xx_ll_usb.o
LOAD ./drivers/BSP/cs43l22.o
LOAD ./drivers/BSP/lis302dl.o
LOAD ./drivers/BSP/lis3dsh.o
LOAD ./drivers/BSP/stm32f4_discovery.o
LOAD ./drivers/BSP/stm32f4_discovery_accelerometer.o
LOAD ./drivers/BSP/stm32f4_discovery_audio.o
LOAD ./Synth/MIDI_application.o
LOAD ./Synth/adsr.o
LOAD ./Synth/audio_conf.o
LOAD ./Synth/blepvco.o
LOAD ./Synth/chorusFD.o
LOAD ./Synth/delay.o
LOAD ./Synth/drifter.o
LOAD ./Synth/main.o
LOAD ./Synth/math_tools.o
LOAD ./Synth/minblep_tables.o
LOAD ./Synth/notesTables.o
LOAD ./Synth/oscillators.o
LOAD ./Synth/phaser.o
LOAD ./Synth/random.o
LOAD ./Synth/resonantFilter.o
LOAD ./Synth/sequencer.o
LOAD ./Synth/sinetable.o
LOAD ./Synth/soundGen.o
LOAD ./Synth/startup_stm32f407xx.o
LOAD ./Synth/stm32f4xx_it.o
LOAD ./Synth/system_stm32f4xx.o
LOAD ./Synth/timers.o
LOAD ./Synth/usbh_conf.o
START GROUP
LOAD c:/program files (x86)/gnu tools arm embedded/4.8 2014q3/bin/../lib/gcc/arm-none-eabi/4.8.4/armv7e-m/fpu\libgcc.a
LOAD c:/program files (x86)/gnu tools arm embedded/4.8 2014q3/bin/../lib/gcc/arm-none-eabi/4.8.4/../../../../arm-none-eabi/lib/armv7e-m/fpu\libg.a
LOAD c:/program files (x86)/gnu tools arm embedded/4.8 2014q3/bin/../lib/gcc/arm-none-eabi/4.8.4/../../../../arm-none-eabi/lib/armv7e-m/fpu\libc.a
END GROUP
START GROUP
LOAD c:/program files (x86)/gnu tools arm embedded/4.8 2014q3/bin/../lib/gcc/arm-none-eabi/4.8.4/armv7e-m/fpu\libgcc.a
LOAD c:/program files (x86)/gnu tools arm embedded/4.8 2014q3/bin/../lib/gcc/arm-none-eabi/4.8.4/../../../../arm-none-eabi/lib/armv7e-m/fpu\libc.a
LOAD c:/program files (x86)/gnu tools arm embedded/4.8 2014q3/bin/../lib/gcc/arm-none-eabi/4.8.4/../../../../arm-none-eabi/lib/armv7e-m/fpu\libnosys.a
END GROUP
LOAD c:/program files (x86)/gnu tools arm embedded/4.8 2014q3/bin/../lib/gcc/arm-none-eabi/4.8.4/armv7e-m/fpu/crtend.o
LOAD c:/program files (x86)/gnu tools arm embedded/4.8 2014q3/bin/../lib/gcc/arm-none-eabi/4.8.4/armv7e-m/fpu/crtn.o
                0x2001ffff                _estack = 0x2001ffff
                0x00001000                _Min_Heap_Size = 0x1000
                0x00001000                _Min_Stack_Size = 0x1000

.isr_vector     0x08000000      0x188
                0x08000000                . = ALIGN (0x4)
 *(.isr_vector)
 .isr_vector    0x08000000      0x188 ./Synth/startup_stm32f407xx.o
                0x08000000                g_pfnVectors
                0x08000188                . = ALIGN (0x4)

.text           0x08000188     0xe668
                0x08000188                . = ALIGN (0x4)
 *(.text)
 .text          0x08000188       0x54 c:/program files (x86)/gnu tools arm embedded/4.8 2014q3/bin/../lib/gcc/arm-none-eabi/4.8.4/armv7e-m/fpu/crtbegin.o
 .text          0x080001dc      0x134 c:/program files (x86)/gnu tools arm embedded/4.8 2014q3/bin/../lib/gcc/arm-none-eabi/4.8.4/../../../../arm-none-eabi/lib/armv7e-m/fpu\libg.a(lib_a-memcpy.o)
                0x080001dc                memcpy
 .text          0x08000310      0x370 c:/program files (x86)/gnu tools arm embedded/4.8 2014q3/bin/../lib/gcc/arm-none-eabi/4.8.4/armv7e-m/fpu\libgcc.a(_arm_addsubdf3.o)
                0x08000310                __aeabi_drsub
                0x08000318                __aeabi_dsub
                0x08000318                __subdf3
                0x0800031c                __aeabi_dadd
                0x0800031c                __adddf3
                0x08000594                __floatunsidf
                0x08000594                __aeabi_ui2d
                0x080005b4                __floatsidf
                0x080005b4                __aeabi_i2d
                0x080005d8                __aeabi_f2d
                0x080005d8                __extendsfdf2
                0x08000614                __floatundidf
                0x08000614                __aeabi_ul2d
                0x08000624                __floatdidf
                0x08000624                __aeabi_l2d
 .text          0x08000680      0x424 c:/program files (x86)/gnu tools arm embedded/4.8 2014q3/bin/../lib/gcc/arm-none-eabi/4.8.4/armv7e-m/fpu\libgcc.a(_arm_muldivdf3.o)
                0x08000680                __aeabi_dmul
                0x08000680                __muldf3
                0x080008d4                __divdf3
                0x080008d4                __aeabi_ddiv
 .text          0x08000aa4      0x110 c:/program files (x86)/gnu tools arm embedded/4.8 2014q3/bin/../lib/gcc/arm-none-eabi/4.8.4/armv7e-m/fpu\libgcc.a(_arm_cmpdf2.o)
                0x08000aa4                __gtdf2
                0x08000aa4                __gedf2
                0x08000aac                __ltdf2
                0x08000aac                __ledf2
                0x08000ab4                __nedf2
                0x08000ab4                __eqdf2
                0x08000ab4                __cmpdf2
                0x08000b30                __aeabi_cdrcmple
                0x08000b40                __aeabi_cdcmpeq
                0x08000b40                __aeabi_cdcmple
                0x08000b50                __aeabi_dcmpeq
                0x08000b64                __aeabi_dcmplt
                0x08000b78                __aeabi_dcmple
                0x08000b8c                __aeabi_dcmpge
                0x08000ba0                __aeabi_dcmpgt
 .text          0x08000bb4       0xa0 c:/program files (x86)/gnu tools arm embedded/4.8 2014q3/bin/../lib/gcc/arm-none-eabi/4.8.4/armv7e-m/fpu\libgcc.a(_arm_truncdfsf2.o)
                0x08000bb4                __truncdfsf2
                0x08000bb4                __aeabi_d2f
 *(.text*)
 .text.USBH_MIDI_ClassRequest
                0x08000c54       0x10 ./drivers/USBH_midi_class/Src/usbh_MIDI.o
 .text.USBH_MIDI_SOFProcess
                0x08000c64        0x4 ./drivers/USBH_midi_class/Src/usbh_MIDI.o
 .text.USBH_MIDI_InterfaceDeInit
                0x08000c68       0x54 ./drivers/USBH_midi_class/Src/usbh_MIDI.o
 .text.USBH_MIDI_InterfaceInit
                0x08000cbc       0xdc ./drivers/USBH_midi_class/Src/usbh_MIDI.o
 .text.USBH_MIDI_Stop
                0x08000d98       0x2c ./drivers/USBH_midi_class/Src/usbh_MIDI.o
                0x08000d98                USBH_MIDI_Stop
 .text.USBH_MIDI_GetLastReceivedDataSize
                0x08000dc4       0x1c ./drivers/USBH_midi_class/Src/usbh_MIDI.o
                0x08000dc4                USBH_MIDI_GetLastReceivedDataSize
 .text.USBH_MIDI_Receive
                0x08000de0       0x2c ./drivers/USBH_midi_class/Src/usbh_MIDI.o
                0x08000de0                USBH_MIDI_Receive
 .text.USBH_MIDI_TransmitCallback
                0x08000e0c        0x4 ./drivers/USBH_midi_class/Src/usbh_MIDI.o
                0x08000e0c                USBH_MIDI_TransmitCallback
 .text.USBH_MIDI_Process
                0x08000e10      0x110 ./drivers/USBH_midi_class/Src/usbh_MIDI.o
 .text.USBH_Init
                0x08000f20       0x60 ./drivers/STM32_USB_Host_Library/Core/Src/usbh_core.o
                0x08000f20                USBH_Init
 .text.USBH_RegisterClass
                0x08000f80       0x1c ./drivers/STM32_USB_Host_Library/Core/Src/usbh_core.o
                0x08000f80                USBH_RegisterClass
 .text.USBH_SelectInterface
                0x08000f9c       0x14 ./drivers/STM32_USB_Host_Library/Core/Src/usbh_core.o
                0x08000f9c                USBH_SelectInterface
 .text.USBH_FindInterface
                0x08000fb0      0x4e0 ./drivers/STM32_USB_Host_Library/Core/Src/usbh_core.o
                0x08000fb0                USBH_FindInterface
 .text.USBH_Start
                0x08001490       0x14 ./drivers/STM32_USB_Host_Library/Core/Src/usbh_core.o
                0x08001490                USBH_Start
 .text.USBH_Process
                0x080014a4      0x2b8 ./drivers/STM32_USB_Host_Library/Core/Src/usbh_core.o
                0x080014a4                USBH_Process
 .text.USBH_LL_SetTimer
                0x0800175c        0x8 ./drivers/STM32_USB_Host_Library/Core/Src/usbh_core.o
                0x0800175c                USBH_LL_SetTimer
 .text.USBH_LL_IncTimer
                0x08001764       0x24 ./drivers/STM32_USB_Host_Library/Core/Src/usbh_core.o
                0x08001764                USBH_LL_IncTimer
 .text.USBH_LL_Connect
                0x08001788       0x30 ./drivers/STM32_USB_Host_Library/Core/Src/usbh_core.o
                0x08001788                USBH_LL_Connect
 .text.USBH_LL_Disconnect
                0x080017b8       0x38 ./drivers/STM32_USB_Host_Library/Core/Src/usbh_core.o
                0x080017b8                USBH_LL_Disconnect
 .text.USBH_Get_DevDesc
                0x080017f0      0x254 ./drivers/STM32_USB_Host_Library/Core/Src/usbh_ctlreq.o
                0x080017f0                USBH_Get_DevDesc
 .text.USBH_Get_CfgDesc
                0x08001a44      0x2d8 ./drivers/STM32_USB_Host_Library/Core/Src/usbh_ctlreq.o
                0x08001a44                USBH_Get_CfgDesc
 .text.USBH_Get_StringDesc
                0x08001d1c      0x210 ./drivers/STM32_USB_Host_Library/Core/Src/usbh_ctlreq.o
                0x08001d1c                USBH_Get_StringDesc
 .text.USBH_SetAddress
                0x08001f2c      0x1c0 ./drivers/STM32_USB_Host_Library/Core/Src/usbh_ctlreq.o
                0x08001f2c                USBH_SetAddress
 .text.USBH_SetCfg
                0x080020ec      0x1c0 ./drivers/STM32_USB_Host_Library/Core/Src/usbh_ctlreq.o
                0x080020ec                USBH_SetCfg
 .text.USBH_ClrFeature
                0x080022ac      0x1bc ./drivers/STM32_USB_Host_Library/Core/Src/usbh_ctlreq.o
                0x080022ac                USBH_ClrFeature
 .text.USBH_CtlSendSetup
                0x08002468       0x20 ./drivers/STM32_USB_Host_Library/Core/Src/usbh_ioreq.o
                0x08002468                USBH_CtlSendSetup
 .text.USBH_CtlSendData
                0x08002488       0x2c ./drivers/STM32_USB_Host_Library/Core/Src/usbh_ioreq.o
                0x08002488                USBH_CtlSendData
 .text.USBH_CtlReceiveData
                0x080024b4       0x20 ./drivers/STM32_USB_Host_Library/Core/Src/usbh_ioreq.o
                0x080024b4                USBH_CtlReceiveData
 .text.USBH_BulkSendData
                0x080024d4       0x2c ./drivers/STM32_USB_Host_Library/Core/Src/usbh_ioreq.o
                0x080024d4                USBH_BulkSendData
 .text.USBH_BulkReceiveData
                0x08002500       0x20 ./drivers/STM32_USB_Host_Library/Core/Src/usbh_ioreq.o
                0x08002500                USBH_BulkReceiveData
 .text.USBH_OpenPipe
                0x08002520       0x20 ./drivers/STM32_USB_Host_Library/Core/Src/usbh_pipes.o
                0x08002520                USBH_OpenPipe
 .text.USBH_ClosePipe
                0x08002540        0xc ./drivers/STM32_USB_Host_Library/Core/Src/usbh_pipes.o
                0x08002540                USBH_ClosePipe
 .text.USBH_AllocPipe
                0x0800254c       0xa8 ./drivers/STM32_USB_Host_Library/Core/Src/usbh_pipes.o
                0x0800254c                USBH_AllocPipe
 .text.USBH_FreePipe
                0x080025f4       0x18 ./drivers/STM32_USB_Host_Library/Core/Src/usbh_pipes.o
                0x080025f4                USBH_FreePipe
 .text.HAL_MspInit
                0x0800260c        0x4 ./drivers/STM32F4xx_HAL_Driver/Src/stm32f4xx_hal.o
                0x0800260c                HAL_MspInit
 .text.HAL_InitTick
                0x08002610       0x28 ./drivers/STM32F4xx_HAL_Driver/Src/stm32f4xx_hal.o
                0x08002610                HAL_InitTick
 .text.HAL_Init
                0x08002638       0x34 ./drivers/STM32F4xx_HAL_Driver/Src/stm32f4xx_hal.o
                0x08002638                HAL_Init
 .text.HAL_IncTick
                0x0800266c       0x10 ./drivers/STM32F4xx_HAL_Driver/Src/stm32f4xx_hal.o
                0x0800266c                HAL_IncTick
 .text.HAL_GetTick
                0x0800267c        0xc ./drivers/STM32F4xx_HAL_Driver/Src/stm32f4xx_hal.o
                0x0800267c                HAL_GetTick
 .text.HAL_Delay
                0x08002688       0x1c ./drivers/STM32F4xx_HAL_Driver/Src/stm32f4xx_hal.o
                0x08002688                HAL_Delay
 .text.HAL_NVIC_SetPriorityGrouping
                0x080026a4       0x24 ./drivers/STM32F4xx_HAL_Driver/Src/stm32f4xx_hal_cortex.o
                0x080026a4                HAL_NVIC_SetPriorityGrouping
 .text.HAL_NVIC_SetPriority
                0x080026c8       0x70 ./drivers/STM32F4xx_HAL_Driver/Src/stm32f4xx_hal_cortex.o
                0x080026c8                HAL_NVIC_SetPriority
 .text.HAL_NVIC_EnableIRQ
                0x08002738       0x18 ./drivers/STM32F4xx_HAL_Driver/Src/stm32f4xx_hal_cortex.o
                0x08002738                HAL_NVIC_EnableIRQ
 .text.HAL_SYSTICK_Config
                0x08002750       0x38 ./drivers/STM32F4xx_HAL_Driver/Src/stm32f4xx_hal_cortex.o
                0x08002750                HAL_SYSTICK_Config
 .text.HAL_DMA_Init
                0x08002788       0xa0 ./drivers/STM32F4xx_HAL_Driver/Src/stm32f4xx_hal_dma.o
                0x08002788                HAL_DMA_Init
 .text.HAL_DMA_DeInit
                0x08002828      0x404 ./drivers/STM32F4xx_HAL_Driver/Src/stm32f4xx_hal_dma.o
                0x08002828                HAL_DMA_DeInit
 .text.HAL_DMA_Start_IT
                0x08002c2c       0x70 ./drivers/STM32F4xx_HAL_Driver/Src/stm32f4xx_hal_dma.o
                0x08002c2c                HAL_DMA_Start_IT
 .text.HAL_DMA_IRQHandler
                0x08002c9c      0x978 ./drivers/STM32F4xx_HAL_Driver/Src/stm32f4xx_hal_dma.o
                0x08002c9c                HAL_DMA_IRQHandler
 .text.HAL_GPIO_Init
                0x08003614      0x278 ./drivers/STM32F4xx_HAL_Driver/Src/stm32f4xx_hal_gpio.o
                0x08003614                HAL_GPIO_Init
 .text.HAL_GPIO_ReadPin
                0x0800388c        0xc ./drivers/STM32F4xx_HAL_Driver/Src/stm32f4xx_hal_gpio.o
                0x0800388c                HAL_GPIO_ReadPin
 .text.HAL_GPIO_WritePin
                0x08003898        0xc ./drivers/STM32F4xx_HAL_Driver/Src/stm32f4xx_hal_gpio.o
                0x08003898                HAL_GPIO_WritePin
 .text.HAL_GPIO_EXTI_IRQHandler
                0x080038a4       0x18 ./drivers/STM32F4xx_HAL_Driver/Src/stm32f4xx_hal_gpio.o
                0x080038a4                HAL_GPIO_EXTI_IRQHandler
 .text.HAL_HCD_HC_Init
                0x080038bc       0x74 ./drivers/STM32F4xx_HAL_Driver/Src/stm32f4xx_hal_hcd.o
                0x080038bc                HAL_HCD_HC_Init
 .text.HAL_HCD_HC_Halt
                0x08003930       0x24 ./drivers/STM32F4xx_HAL_Driver/Src/stm32f4xx_hal_hcd.o
                0x08003930                HAL_HCD_HC_Halt
 .text.HAL_HCD_Init
                0x08003954       0x78 ./drivers/STM32F4xx_HAL_Driver/Src/stm32f4xx_hal_hcd.o
                0x08003954                HAL_HCD_Init
 .text.HAL_HCD_HC_SubmitRequest
                0x080039cc      0x108 ./drivers/STM32F4xx_HAL_Driver/Src/stm32f4xx_hal_hcd.o
                0x080039cc                HAL_HCD_HC_SubmitRequest
 .text.HAL_HCD_IRQHandler
                0x08003ad4      0x7b0 ./drivers/STM32F4xx_HAL_Driver/Src/stm32f4xx_hal_hcd.o
                0x08003ad4                HAL_HCD_IRQHandler
 .text.HAL_HCD_Start
                0x08004284       0x2c ./drivers/STM32F4xx_HAL_Driver/Src/stm32f4xx_hal_hcd.o
                0x08004284                HAL_HCD_Start
 .text.HAL_HCD_Stop
                0x080042b0       0x24 ./drivers/STM32F4xx_HAL_Driver/Src/stm32f4xx_hal_hcd.o
                0x080042b0                HAL_HCD_Stop
 .text.HAL_HCD_ResetPort
                0x080042d4        0x8 ./drivers/STM32F4xx_HAL_Driver/Src/stm32f4xx_hal_hcd.o
                0x080042d4                HAL_HCD_ResetPort
 .text.HAL_HCD_HC_GetURBState
                0x080042dc       0x10 ./drivers/STM32F4xx_HAL_Driver/Src/stm32f4xx_hal_hcd.o
                0x080042dc                HAL_HCD_HC_GetURBState
 .text.HAL_HCD_HC_GetXferCount
                0x080042ec        0xc ./drivers/STM32F4xx_HAL_Driver/Src/stm32f4xx_hal_hcd.o
                0x080042ec                HAL_HCD_HC_GetXferCount
 .text.HAL_HCD_GetCurrentFrame
                0x080042f8        0x8 ./drivers/STM32F4xx_HAL_Driver/Src/stm32f4xx_hal_hcd.o
                0x080042f8                HAL_HCD_GetCurrentFrame
 .text.HAL_HCD_GetCurrentSpeed
                0x08004300        0x8 ./drivers/STM32F4xx_HAL_Driver/Src/stm32f4xx_hal_hcd.o
                0x08004300                HAL_HCD_GetCurrentSpeed
 .text.I2C_WaitOnFlagUntilTimeout.constprop.9
                0x08004308       0x44 ./drivers/STM32F4xx_HAL_Driver/Src/stm32f4xx_hal_i2c.o
 .text.I2C_RequestMemoryRead
                0x0800434c      0x228 ./drivers/STM32F4xx_HAL_Driver/Src/stm32f4xx_hal_i2c.o
 .text.I2C_RequestMemoryWrite
                0x08004574      0x144 ./drivers/STM32F4xx_HAL_Driver/Src/stm32f4xx_hal_i2c.o
 .text.HAL_I2C_MspInit
                0x080046b8        0x4 ./drivers/STM32F4xx_HAL_Driver/Src/stm32f4xx_hal_i2c.o
                0x080046b8                HAL_I2C_MspInit
 .text.HAL_I2C_Init
                0x080046bc       0xe8 ./drivers/STM32F4xx_HAL_Driver/Src/stm32f4xx_hal_i2c.o
                0x080046bc                HAL_I2C_Init
 .text.HAL_I2C_MspDeInit
                0x080047a4        0x4 ./drivers/STM32F4xx_HAL_Driver/Src/stm32f4xx_hal_i2c.o
                0x080047a4                HAL_I2C_MspDeInit
 .text.HAL_I2C_DeInit
                0x080047a8       0x30 ./drivers/STM32F4xx_HAL_Driver/Src/stm32f4xx_hal_i2c.o
                0x080047a8                HAL_I2C_DeInit
 .text.HAL_I2C_Mem_Write
                0x080047d8      0x124 ./drivers/STM32F4xx_HAL_Driver/Src/stm32f4xx_hal_i2c.o
                0x080047d8                HAL_I2C_Mem_Write
 .text.HAL_I2C_Mem_Read
                0x080048fc      0x26c ./drivers/STM32F4xx_HAL_Driver/Src/stm32f4xx_hal_i2c.o
                0x080048fc                HAL_I2C_Mem_Read
 .text.HAL_I2C_GetState
                0x08004b68        0x8 ./drivers/STM32F4xx_HAL_Driver/Src/stm32f4xx_hal_i2c.o
                0x08004b68                HAL_I2C_GetState
 .text.HAL_I2S_MspInit
                0x08004b70        0x4 ./drivers/STM32F4xx_HAL_Driver/Src/stm32f4xx_hal_i2s.o
                0x08004b70                HAL_I2S_MspInit
 .text.HAL_I2S_Init
                0x08004b74      0x1c8 ./drivers/STM32F4xx_HAL_Driver/Src/stm32f4xx_hal_i2s.o
                0x08004b74                HAL_I2S_Init
 .text.HAL_I2S_Transmit_DMA
                0x08004d3c       0xa4 ./drivers/STM32F4xx_HAL_Driver/Src/stm32f4xx_hal_i2s.o
                0x08004d3c                HAL_I2S_Transmit_DMA
 .text.I2S_DMATxHalfCplt
                0x08004de0        0xc ./drivers/STM32F4xx_HAL_Driver/Src/stm32f4xx_hal_i2s.o
                0x08004de0                I2S_DMATxHalfCplt
 .text.I2S_DMATxCplt
                0x08004dec       0x68 ./drivers/STM32F4xx_HAL_Driver/Src/stm32f4xx_hal_i2s.o
                0x08004dec                I2S_DMATxCplt
 .text.I2S_DMAError
                0x08004e54       0x24 ./drivers/STM32F4xx_HAL_Driver/Src/stm32f4xx_hal_i2s.o
                0x08004e54                I2S_DMAError
 .text.HAL_I2S_GetState
                0x08004e78        0x8 ./drivers/STM32F4xx_HAL_Driver/Src/stm32f4xx_hal_i2s.o
                0x08004e78                HAL_I2S_GetState
 .text.HAL_RCC_OscConfig
                0x08004e80      0x364 ./drivers/STM32F4xx_HAL_Driver/Src/stm32f4xx_hal_rcc.o
                0x08004e80                HAL_RCC_OscConfig
 .text.HAL_RCC_ClockConfig
                0x080051e4      0x1b0 ./drivers/STM32F4xx_HAL_Driver/Src/stm32f4xx_hal_rcc.o
                0x080051e4                HAL_RCC_ClockConfig
 .text.HAL_RCC_GetHCLKFreq
                0x08005394       0xbc ./drivers/STM32F4xx_HAL_Driver/Src/stm32f4xx_hal_rcc.o
                0x08005394                HAL_RCC_GetHCLKFreq
 .text.HAL_RCC_GetPCLK1Freq
                0x08005450       0xdc ./drivers/STM32F4xx_HAL_Driver/Src/stm32f4xx_hal_rcc.o
                0x08005450                HAL_RCC_GetPCLK1Freq
 .text.HAL_RCCEx_PeriphCLKConfig
                0x0800552c      0x148 ./drivers/STM32F4xx_HAL_Driver/Src/stm32f4xx_hal_rcc_ex.o
                0x0800552c                HAL_RCCEx_PeriphCLKConfig
 .text.HAL_RCCEx_GetPeriphCLKConfig
                0x08005674       0x58 ./drivers/STM32F4xx_HAL_Driver/Src/stm32f4xx_hal_rcc_ex.o
                0x08005674                HAL_RCCEx_GetPeriphCLKConfig
 .text.HAL_RNG_Init
                0x080056cc       0x2c ./drivers/STM32F4xx_HAL_Driver/Src/stm32f4xx_hal_rng.o
                0x080056cc                HAL_RNG_Init
 .text.HAL_RNG_GetRandomNumber
                0x080056f8       0x3c ./drivers/STM32F4xx_HAL_Driver/Src/stm32f4xx_hal_rng.o
                0x080056f8                HAL_RNG_GetRandomNumber
 .text.USB_CoreInit
                0x08005734       0xb8 ./drivers/STM32F4xx_HAL_Driver/Src/stm32f4xx_ll_usb.o
                0x08005734                USB_CoreInit
 .text.USB_EnableGlobalInt
                0x080057ec       0x10 ./drivers/STM32F4xx_HAL_Driver/Src/stm32f4xx_ll_usb.o
                0x080057ec                USB_EnableGlobalInt
 .text.USB_DisableGlobalInt
                0x080057fc       0x10 ./drivers/STM32F4xx_HAL_Driver/Src/stm32f4xx_ll_usb.o
                0x080057fc                USB_DisableGlobalInt
 .text.USB_SetCurrentMode
                0x0800580c       0x34 ./drivers/STM32F4xx_HAL_Driver/Src/stm32f4xx_ll_usb.o
                0x0800580c                USB_SetCurrentMode
 .text.USB_ReadPacket
                0x08005840       0x28 ./drivers/STM32F4xx_HAL_Driver/Src/stm32f4xx_ll_usb.o
                0x08005840                USB_ReadPacket
 .text.USB_ReadInterrupts
                0x08005868        0x8 ./drivers/STM32F4xx_HAL_Driver/Src/stm32f4xx_ll_usb.o
                0x08005868                USB_ReadInterrupts
 .text.USB_GetMode
                0x08005870        0x8 ./drivers/STM32F4xx_HAL_Driver/Src/stm32f4xx_ll_usb.o
                0x08005870                USB_GetMode
 .text.USB_HostInit
                0x08005878      0x120 ./drivers/STM32F4xx_HAL_Driver/Src/stm32f4xx_ll_usb.o
                0x08005878                USB_HostInit
 .text.USB_InitFSLSPClkSel
                0x08005998       0x3c ./drivers/STM32F4xx_HAL_Driver/Src/stm32f4xx_ll_usb.o
                0x08005998                USB_InitFSLSPClkSel
 .text.USB_ResetPort
                0x080059d4       0x34 ./drivers/STM32F4xx_HAL_Driver/Src/stm32f4xx_ll_usb.o
                0x080059d4                USB_ResetPort
 .text.USB_DriveVbus
                0x08005a08       0x44 ./drivers/STM32F4xx_HAL_Driver/Src/stm32f4xx_ll_usb.o
                0x08005a08                USB_DriveVbus
 .text.USB_GetHostSpeed
                0x08005a4c       0x14 ./drivers/STM32F4xx_HAL_Driver/Src/stm32f4xx_ll_usb.o
                0x08005a4c                USB_GetHostSpeed
 .text.USB_GetCurrentFrame
                0x08005a60        0xc ./drivers/STM32F4xx_HAL_Driver/Src/stm32f4xx_ll_usb.o
                0x08005a60                USB_GetCurrentFrame
 .text.USB_HC_Init
                0x08005a6c       0xf8 ./drivers/STM32F4xx_HAL_Driver/Src/stm32f4xx_ll_usb.o
                0x08005a6c                USB_HC_Init
 .text.USB_HC_ReadInterrupt
                0x08005b64       0x20 ./drivers/STM32F4xx_HAL_Driver/Src/stm32f4xx_ll_usb.o
                0x08005b64                USB_HC_ReadInterrupt
 .text.USB_HC_Halt
                0x08005b84      0x1ec ./drivers/STM32F4xx_HAL_Driver/Src/stm32f4xx_ll_usb.o
                0x08005b84                USB_HC_Halt
 .text.USB_DoPing
                0x08005d70       0x80 ./drivers/STM32F4xx_HAL_Driver/Src/stm32f4xx_ll_usb.o
                0x08005d70                USB_DoPing
 .text.USB_HC_StartXfer
                0x08005df0      0x2c4 ./drivers/STM32F4xx_HAL_Driver/Src/stm32f4xx_ll_usb.o
                0x08005df0                USB_HC_StartXfer
 .text.USB_StopHost
                0x080060b4      0x17c ./drivers/STM32F4xx_HAL_Driver/Src/stm32f4xx_ll_usb.o
                0x080060b4                USB_StopHost
 .text.cs43l22_SetFrequency
                0x08006230        0x4 ./drivers/BSP/cs43l22.o
                0x08006230                cs43l22_SetFrequency
 .text.cs43l22_SetVolume
                0x08006234       0x5c ./drivers/BSP/cs43l22.o
                0x08006234                cs43l22_SetVolume
 .text.cs43l22_ReadID
                0x08006290       0x14 ./drivers/BSP/cs43l22.o
                0x08006290                cs43l22_ReadID
 .text.cs43l22_SetOutputMode
                0x080062a4       0x60 ./drivers/BSP/cs43l22.o
                0x080062a4                cs43l22_SetOutputMode
 .text.cs43l22_Resume
                0x08006304       0x48 ./drivers/BSP/cs43l22.o
                0x08006304                cs43l22_Resume
 .text.cs43l22_SetMute
                0x0800634c       0x28 ./drivers/BSP/cs43l22.o
                0x0800634c                cs43l22_SetMute
 .text.cs43l22_Pause
                0x08006374       0x1c ./drivers/BSP/cs43l22.o
                0x08006374                cs43l22_Pause
 .text.cs43l22_Stop
                0x08006390       0x28 ./drivers/BSP/cs43l22.o
                0x08006390                cs43l22_Stop
 .text.cs43l22_Init
                0x080063b8      0x114 ./drivers/BSP/cs43l22.o
                0x080063b8                cs43l22_Init
 .text.cs43l22_Play
                0x080064cc       0x38 ./drivers/BSP/cs43l22.o
                0x080064cc                cs43l22_Play
 .text.I2Cx_Init
                0x08006504       0xb4 ./drivers/BSP/stm32f4_discovery.o
 .text.BSP_LED_Init
                0x080065b8       0x5c ./drivers/BSP/stm32f4_discovery.o
                0x080065b8                BSP_LED_Init
 .text.BSP_LED_On
                0x08006614       0x1c ./drivers/BSP/stm32f4_discovery.o
                0x08006614                BSP_LED_On
 .text.BSP_LED_Off
                0x08006630       0x1c ./drivers/BSP/stm32f4_discovery.o
                0x08006630                BSP_LED_Off
 .text.BSP_PB_Init
                0x0800664c       0x70 ./drivers/BSP/stm32f4_discovery.o
                0x0800664c                BSP_PB_Init
 .text.BSP_PB_GetState
                0x080066bc       0x14 ./drivers/BSP/stm32f4_discovery.o
                0x080066bc                BSP_PB_GetState
 .text.AUDIO_IO_Init
                0x080066d0       0x58 ./drivers/BSP/stm32f4_discovery.o
                0x080066d0                AUDIO_IO_Init
 .text.AUDIO_IO_Write
                0x08006728       0x38 ./drivers/BSP/stm32f4_discovery.o
                0x08006728                AUDIO_IO_Write
 .text.AUDIO_IO_Read
                0x08006760       0x40 ./drivers/BSP/stm32f4_discovery.o
                0x08006760                AUDIO_IO_Read
 .text.BSP_AUDIO_OUT_Init
                0x080067a0      0x188 ./drivers/BSP/stm32f4_discovery_audio.o
                0x080067a0                BSP_AUDIO_OUT_Init
 .text.BSP_AUDIO_OUT_Play
                0x08006928       0x3c ./drivers/BSP/stm32f4_discovery_audio.o
                0x08006928                BSP_AUDIO_OUT_Play
 .text.BSP_AUDIO_OUT_SetVolume
                0x08006964       0x1c ./drivers/BSP/stm32f4_discovery_audio.o
                0x08006964                BSP_AUDIO_OUT_SetVolume
 .text.HAL_I2S_TxCpltCallback
                0x08006980       0x18 ./drivers/BSP/stm32f4_discovery_audio.o
                0x08006980                HAL_I2S_TxCpltCallback
 .text.HAL_I2S_TxHalfCpltCallback
                0x08006998       0x18 ./drivers/BSP/stm32f4_discovery_audio.o
                0x08006998                HAL_I2S_TxHalfCpltCallback
 .text.BSP_AUDIO_IN_Error_Callback
                0x080069b0        0x4 ./drivers/BSP/stm32f4_discovery_audio.o
                0x080069b0                BSP_AUDIO_IN_Error_Callback
 .text.HAL_I2S_ErrorCallback
                0x080069b4       0x38 ./drivers/BSP/stm32f4_discovery_audio.o
                0x080069b4                HAL_I2S_ErrorCallback
 .text.MagicFX.part.0
                0x080069ec       0x80 ./Synth/MIDI_application.o
 .text.MagicPatch.part.1
                0x08006a6c      0x18c ./Synth/MIDI_application.o
 .text.MIDI_Application
                0x08006bf8       0x3c ./Synth/MIDI_application.o
                0x08006bf8                MIDI_Application
 .text.MagicFX  0x08006c34        0xc ./Synth/MIDI_application.o
                0x08006c34                MagicFX
 .text.MagicPatch
                0x08006c40        0xc ./Synth/MIDI_application.o
                0x08006c40                MagicPatch
 .text.ProcessReceivedMidiDatas
                0x08006c4c      0x4d8 ./Synth/MIDI_application.o
                0x08006c4c                ProcessReceivedMidiDatas
 .text.USBH_MIDI_ReceiveCallback
                0x08007124       0x1c ./Synth/MIDI_application.o
                0x08007124                USBH_MIDI_ReceiveCallback
 .text.ADSR_init
                0x08007140       0x2c ./Synth/adsr.o
                0x08007140                ADSR_init
 .text.ADSR_keyOn
                0x0800716c       0x14 ./Synth/adsr.o
                0x0800716c                ADSR_keyOn
 .text.ADSR_keyOff
                0x08007180       0x14 ./Synth/adsr.o
                0x08007180                ADSR_keyOff
 .text.AttTime_set
                0x08007194       0x40 ./Synth/adsr.o
                0x08007194                AttTime_set
 .text.DecTime_set
                0x080071d4       0x4c ./Synth/adsr.o
                0x080071d4                DecTime_set
 .text.SustLevel_set
                0x08007220       0x20 ./Synth/adsr.o
                0x08007220                SustLevel_set
 .text.RelTime_set
                0x08007240       0x40 ./Synth/adsr.o
                0x08007240                RelTime_set
 .text.ADSR_computeSample
                0x08007280       0xb4 ./Synth/adsr.o
                0x08007280                ADSR_computeSample
 .text.audio_init
                0x08007334       0x28 ./Synth/audio_conf.o
                0x08007334                audio_init
 .text.BSP_AUDIO_OUT_HalfTransfer_CallBack
                0x0800735c       0x20 ./Synth/audio_conf.o
                0x0800735c                BSP_AUDIO_OUT_HalfTransfer_CallBack
 .text.BSP_AUDIO_OUT_TransferComplete_CallBack
                0x0800737c       0x20 ./Synth/audio_conf.o
                0x0800737c                BSP_AUDIO_OUT_TransferComplete_CallBack
 .text.BSP_AUDIO_OUT_Error_CallBack
                0x0800739c        0x4 ./Synth/audio_conf.o
                0x0800739c                BSP_AUDIO_OUT_Error_CallBack
 .text.Volume_set
                0x080073a0       0x2c ./Synth/audio_conf.o
                0x080073a0                Volume_set
 .text.VCO_blepsaw_Init
                0x080073cc       0x30 ./Synth/blepvco.o
                0x080073cc                VCO_blepsaw_Init
 .text.VCO_blepsaw_SampleCompute
                0x080073fc      0x2bc ./Synth/blepvco.o
                0x080073fc                VCO_blepsaw_SampleCompute
 .text.VCO_bleprect_Init
                0x080076b8       0x34 ./Synth/blepvco.o
                0x080076b8                VCO_bleprect_Init
 .text.VCO_bleprect_SampleCompute
                0x080076ec      0x6a8 ./Synth/blepvco.o
                0x080076ec                VCO_bleprect_SampleCompute
 .text.VCO_bleptri_Init
                0x08007d94       0x34 ./Synth/blepvco.o
                0x08007d94                VCO_bleptri_Init
 .text.VCO_bleptri_SampleCompute
                0x08007dc8      0x8a8 ./Synth/blepvco.o
                0x08007dc8                VCO_bleptri_SampleCompute
 .text.Chorus_init
                0x08008670       0xd0 ./Synth/chorusFD.o
                0x08008670                Chorus_init
 .text.Chorus_reset
                0x08008740       0xd4 ./Synth/chorusFD.o
                0x08008740                Chorus_reset
 .text.ChorusRate_set
                0x08008814       0x44 ./Synth/chorusFD.o
                0x08008814                ChorusRate_set
 .text.ChorusSecondRate_set
                0x08008858       0x44 ./Synth/chorusFD.o
                0x08008858                ChorusSecondRate_set
 .text.ChorusDelay_set
                0x0800889c       0x2c ./Synth/chorusFD.o
                0x0800889c                ChorusDelay_set
 .text.ChorusFeedback_set
                0x080088c8       0x38 ./Synth/chorusFD.o
                0x080088c8                ChorusFeedback_set
 .text.ChorusSweep_set
                0x08008900       0x2c ./Synth/chorusFD.o
                0x08008900                ChorusSweep_set
 .text.ChorusMode_switch
                0x0800892c       0x40 ./Synth/chorusFD.o
                0x0800892c                ChorusMode_switch
 .text.ChorusFDBsign_switch
                0x0800896c       0x54 ./Synth/chorusFD.o
                0x0800896c                ChorusFDBsign_switch
 .text.delay_read
                0x080089c0      0x138 ./Synth/chorusFD.o
                0x080089c0                delay_read
 .text.mono_chorus_compute
                0x08008af8      0x14c ./Synth/chorusFD.o
                0x08008af8                mono_chorus_compute
 .text.stereoChorus_compute
                0x08008c44      0x180 ./Synth/chorusFD.o
                0x08008c44                stereoChorus_compute
 .text.Delay_init
                0x08008dc4       0x2c ./Synth/delay.o
                0x08008dc4                Delay_init
 .text.Delay_time_inc
                0x08008df0       0x48 ./Synth/delay.o
                0x08008df0                Delay_time_inc
 .text.Delay_time_dec
                0x08008e38       0x44 ./Synth/delay.o
                0x08008e38                Delay_time_dec
 .text.Delay_time_set
                0x08008e7c       0x54 ./Synth/delay.o
                0x08008e7c                Delay_time_set
 .text.DelayFeedback_set
                0x08008ed0       0x20 ./Synth/delay.o
                0x08008ed0                DelayFeedback_set
 .text.DelayWet_set
                0x08008ef0       0x20 ./Synth/delay.o
                0x08008ef0                DelayWet_set
 .text.Delay_compute
                0x08008f10       0xc0 ./Synth/delay.o
                0x08008f10                Delay_compute
 .text.Drifter_amp_set
                0x08008fd0       0x2c ./Synth/drifter.o
                0x08008fd0                Drifter_amp_set
 .text.Drifter_minFreq_set
                0x08008ffc       0x40 ./Synth/drifter.o
                0x08008ffc                Drifter_minFreq_set
 .text.Drifter_maxFreq_set
                0x0800903c       0x60 ./Synth/drifter.o
                0x0800903c                Drifter_maxFreq_set
 .text.drifter_nextSample
                0x0800909c       0x98 ./Synth/drifter.o
                0x0800909c                drifter_nextSample
 .text.d1_drifter_nextSample
                0x08009134       0xa8 ./Synth/drifter.o
                0x08009134                d1_drifter_nextSample
 .text.d2_drifter_nextSample
                0x080091dc       0xa8 ./Synth/drifter.o
                0x080091dc                d2_drifter_nextSample
 .text.drifter_init
                0x08009284      0x13c ./Synth/drifter.o
                0x08009284                drifter_init
 .text.USBH_UserProcess_callback
                0x080093c0       0x58 ./Synth/main.o
 .text.ButtonPressed_action
                0x08009418       0x20 ./Synth/main.o
                0x08009418                ButtonPressed_action
 .text.ButtonReleased_action
                0x08009438        0x4 ./Synth/main.o
                0x08009438                ButtonReleased_action
 .text.Error_Handler
                0x0800943c        0xc ./Synth/main.o
                0x0800943c                Error_Handler
 .text.startup.main
                0x08009448       0xe8 ./Synth/main.o
                0x08009448                main
 .text.HAL_GPIO_EXTI_Callback
                0x08009530        0x4 ./Synth/main.o
                0x08009530                HAL_GPIO_EXTI_Callback
 .text.Lin2Exp  0x08009534       0x30 ./Synth/math_tools.o
                0x08009534                Lin2Exp
 .text.tanhXdX  0x08009564       0x3c ./Synth/math_tools.o
                0x08009564                tanhXdX
 .text.fastTanh
                0x080095a0       0x50 ./Synth/math_tools.o
                0x080095a0                fastTanh
 .text.softClipTwo
                0x080095f0       0x48 ./Synth/math_tools.o
                0x080095f0                softClipTwo
 .text.fastTan  0x08009638       0x2c ./Synth/math_tools.o
                0x08009638                fastTan
 .text.osc_init
                0x08009664       0x1c ./Synth/oscillators.o
                0x08009664                osc_init
 .text.Drifter_centralFreq_set
                0x08009680       0x20 ./Synth/oscillators.o
                0x08009680                Drifter_centralFreq_set
 .text.Drifters_sampleCompute
                0x080096a0      0x33c ./Synth/oscillators.o
                0x080096a0                Drifters_sampleCompute
 .text.FM_op_freq_set
                0x080099dc       0x1c ./Synth/oscillators.o
                0x080099dc                FM_op_freq_set
 .text.FM_op_modInd_set
                0x080099f8       0x2c ./Synth/oscillators.o
                0x080099f8                FM_op_modInd_set
 .text.FM2_sampleCompute
                0x08009a24      0x264 ./Synth/oscillators.o
                0x08009a24                FM2_sampleCompute
 .text.Osc_WT_SINE_SampleCompute
                0x08009c88       0x98 ./Synth/oscillators.o
                0x08009c88                Osc_WT_SINE_SampleCompute
 .text.OpSampleCompute7bis
                0x08009d20       0xa8 ./Synth/oscillators.o
                0x08009d20                OpSampleCompute7bis
 .text.AdditiveGen_newWaveform
                0x08009dc8       0x6c ./Synth/oscillators.o
                0x08009dc8                AdditiveGen_newWaveform
 .text.waveCompute
                0x08009e34      0xeb4 ./Synth/oscillators.o
                0x08009e34                waveCompute
 .text.PhaserInit
                0x0800ace8       0x90 ./Synth/phaser.o
                0x0800ace8                PhaserInit
 .text.Phaser_Rate_set
                0x0800ad78       0x4c ./Synth/phaser.o
                0x0800ad78                Phaser_Rate_set
 .text.Phaser_Feedback_set
                0x0800adc4       0x2c ./Synth/phaser.o
                0x0800adc4                Phaser_Feedback_set
 .text.Phaser_Wet_set
                0x0800adf0       0x20 ./Synth/phaser.o
                0x0800adf0                Phaser_Wet_set
 .text.Phaser_compute
                0x0800ae10      0x148 ./Synth/phaser.o
                0x0800ae10                Phaser_compute
 .text.HAL_RNG_MspInit
                0x0800af58       0x20 ./Synth/random.o
                0x0800af58                HAL_RNG_MspInit
 .text.randomGen_init
                0x0800af78       0x28 ./Synth/random.o
                0x0800af78                randomGen_init
 .text.frand_a_b
                0x0800afa0       0x2c ./Synth/random.o
                0x0800afa0                frand_a_b
 .text.MIDIrandVal
                0x0800afcc       0x2c ./Synth/random.o
                0x0800afcc                MIDIrandVal
 .text.SVF_directSetFilterValue
                0x0800aff8       0x58 ./Synth/resonantFilter.o
                0x0800aff8                SVF_directSetFilterValue
 .text.SVF_init
                0x0800b050       0x74 ./Synth/resonantFilter.o
                0x0800b050                SVF_init
 .text.Filter1Freq_set
                0x0800b0c4       0x78 ./Synth/resonantFilter.o
                0x0800b0c4                Filter1Freq_set
 .text.Filter1Res_set
                0x0800b13c       0x40 ./Synth/resonantFilter.o
                0x0800b13c                Filter1Res_set
 .text.Filter1Drive_set
                0x0800b17c       0x2c ./Synth/resonantFilter.o
                0x0800b17c                Filter1Drive_set
 .text.Filter1Type_set
                0x0800b1a8       0x28 ./Synth/resonantFilter.o
                0x0800b1a8                Filter1Type_set
 .text.Filter2Freq_set
                0x0800b1d0       0x78 ./Synth/resonantFilter.o
                0x0800b1d0                Filter2Freq_set
 .text.Filter2Res_set
                0x0800b248       0x40 ./Synth/resonantFilter.o
                0x0800b248                Filter2Res_set
 .text.Filter2Drive_set
                0x0800b288       0x2c ./Synth/resonantFilter.o
                0x0800b288                Filter2Drive_set
 .text.Filter2Type_set
                0x0800b2b4       0x2c ./Synth/resonantFilter.o
                0x0800b2b4                Filter2Type_set
 .text.SVF_calcSample
                0x0800b2e0      0x1b4 ./Synth/resonantFilter.o
                0x0800b2e0                SVF_calcSample
 .text.seq_gateTime_set
                0x0800b494       0x48 ./Synth/sequencer.o
                0x0800b494                seq_gateTime_set
 .text.seq_transp
                0x0800b4dc       0x10 ./Synth/sequencer.o
                0x0800b4dc                seq_transp
 .text.seq_scale_set
                0x0800b4ec       0x50 ./Synth/sequencer.o
                0x0800b4ec                seq_scale_set
 .text.seq_switchMovingSeq
                0x0800b53c       0x14 ./Synth/sequencer.o
                0x0800b53c                seq_switchMovingSeq
 .text.seq_switchMute
                0x0800b550       0x1c ./Synth/sequencer.o
                0x0800b550                seq_switchMute
 .text.seq_freqMax_set
                0x0800b56c       0x30 ./Synth/sequencer.o
                0x0800b56c                seq_freqMax_set
 .text.seq_tempo_set
                0x0800b59c       0x48 ./Synth/sequencer.o
                0x0800b59c                seq_tempo_set
 .text.seq_sequence_new
                0x0800b5e4       0x7c ./Synth/sequencer.o
                0x0800b5e4                seq_sequence_new
 .text.seq_transpose
                0x0800b660       0x4c ./Synth/sequencer.o
                0x0800b660                seq_transpose
 .text.sequencer_init
                0x0800b6ac       0xcc ./Synth/sequencer.o
                0x0800b6ac                sequencer_init
 .text.sequencer_process
                0x0800b778       0x40 ./Synth/sequencer.o
                0x0800b778                sequencer_process
 .text.autoSound_set
                0x0800b7b8        0xc ./Synth/soundGen.o
                0x0800b7b8                autoSound_set
 .text.RandSound1
                0x0800b7c4       0x20 ./Synth/soundGen.o
                0x0800b7c4                RandSound1
 .text.RandSound2
                0x0800b7e4       0x20 ./Synth/soundGen.o
                0x0800b7e4                RandSound2
 .text.soundNumber_get
                0x0800b804        0xc ./Synth/soundGen.o
                0x0800b804                soundNumber_get
 .text.DemoMode_toggle
                0x0800b810       0x14 ./Synth/soundGen.o
                0x0800b810                DemoMode_toggle
 .text.AmpLFO_amp_set
                0x0800b824       0x20 ./Synth/soundGen.o
                0x0800b824                AmpLFO_amp_set
 .text.AmpLFO_freq_set
                0x0800b844       0x20 ./Synth/soundGen.o
                0x0800b844                AmpLFO_freq_set
 .text.Filt1LFO_amp_set
                0x0800b864       0x20 ./Synth/soundGen.o
                0x0800b864                Filt1LFO_amp_set
 .text.Filt1LFO_freq_set
                0x0800b884       0x20 ./Synth/soundGen.o
                0x0800b884                Filt1LFO_freq_set
 .text.Filt2LFO_amp_set
                0x0800b8a4       0x20 ./Synth/soundGen.o
                0x0800b8a4                Filt2LFO_amp_set
 .text.Filt2LFO_freq_set
                0x0800b8c4       0x20 ./Synth/soundGen.o
                0x0800b8c4                Filt2LFO_freq_set
 .text.VibratoAmp_set
                0x0800b8e4       0x20 ./Synth/soundGen.o
                0x0800b8e4                VibratoAmp_set
 .text.VibratoFreq_set
                0x0800b904       0x20 ./Synth/soundGen.o
                0x0800b904                VibratoFreq_set
 .text.SynthOut_switch
                0x0800b924       0xa8 ./Synth/soundGen.o
                0x0800b924                SynthOut_switch
 .text.SynthOut_amp_set
                0x0800b9cc       0x64 ./Synth/soundGen.o
                0x0800b9cc                SynthOut_amp_set
 .text.Delay_switch
                0x0800ba30       0x14 ./Synth/soundGen.o
                0x0800ba30                Delay_switch
 .text.Filter_Random_switch
                0x0800ba44       0x14 ./Synth/soundGen.o
                0x0800ba44                Filter_Random_switch
 .text.Chorus_switch
                0x0800ba58       0x14 ./Synth/soundGen.o
                0x0800ba58                Chorus_switch
 .text.Phaser_switch
                0x0800ba6c       0x14 ./Synth/soundGen.o
                0x0800ba6c                Phaser_switch
 .text.Sound_set
                0x0800ba80       0x3c ./Synth/soundGen.o
                0x0800ba80                Sound_set
 .text.FM_OP1_freq_set
                0x0800babc        0xc ./Synth/soundGen.o
                0x0800babc                FM_OP1_freq_set
 .text.FM_OP1_modInd_set
                0x0800bac8        0xc ./Synth/soundGen.o
                0x0800bac8                FM_OP1_modInd_set
 .text.FM_OP2_freq_set
                0x0800bad4       0x24 ./Synth/soundGen.o
                0x0800bad4                FM_OP2_freq_set
 .text.FM_OP2_freqMul_inc
                0x0800baf8       0x20 ./Synth/soundGen.o
                0x0800baf8                FM_OP2_freqMul_inc
 .text.FM_OP2_freqMul_dec
                0x0800bb18       0x20 ./Synth/soundGen.o
                0x0800bb18                FM_OP2_freqMul_dec
 .text.FM_OP2_modInd_set
                0x0800bb38        0xc ./Synth/soundGen.o
                0x0800bb38                FM_OP2_modInd_set
 .text.FM_OP3_freq_set
                0x0800bb44       0x24 ./Synth/soundGen.o
                0x0800bb44                FM_OP3_freq_set
 .text.FM_OP3_modInd_set
                0x0800bb68        0xc ./Synth/soundGen.o
                0x0800bb68                FM_OP3_modInd_set
 .text.FM_OP3_freqMul_inc
                0x0800bb74       0x20 ./Synth/soundGen.o
                0x0800bb74                FM_OP3_freqMul_inc
 .text.FM_OP3_freqMul_dec
                0x0800bb94       0x20 ./Synth/soundGen.o
                0x0800bb94                FM_OP3_freqMul_dec
 .text.FM_OP4_freq_set
                0x0800bbb4       0x24 ./Synth/soundGen.o
                0x0800bbb4                FM_OP4_freq_set
 .text.FM_OP4_modInd_set
                0x0800bbd8        0xc ./Synth/soundGen.o
                0x0800bbd8                FM_OP4_modInd_set
 .text.FM_OP4_freqMul_inc
                0x0800bbe4       0x20 ./Synth/soundGen.o
                0x0800bbe4                FM_OP4_freqMul_inc
 .text.FM_OP4_freqMul_dec
                0x0800bc04       0x20 ./Synth/soundGen.o
                0x0800bc04                FM_OP4_freqMul_dec
 .text.Synth_Init
                0x0800bc24      0x12c ./Synth/soundGen.o
                0x0800bc24                Synth_Init
 .text.Synth_reset
                0x0800bd50       0x1c ./Synth/soundGen.o
                0x0800bd50                Synth_reset
 .text.sequencer_newStep_action
                0x0800bd6c      0x16c ./Synth/soundGen.o
                0x0800bd6c                sequencer_newStep_action
 .text.sequencer_newSequence_action
                0x0800bed8       0x28 ./Synth/soundGen.o
                0x0800bed8                sequencer_newSequence_action
 .text.make_sound
                0x0800bf00      0x220 ./Synth/soundGen.o
                0x0800bf00                make_sound
 .text.Reset_Handler
                0x0800c120       0x58 ./Synth/startup_stm32f407xx.o
                0x0800c120                Reset_Handler
 .text.Default_Handler
                0x0800c178        0x4 ./Synth/startup_stm32f407xx.o
                0x0800c178                RTC_Alarm_IRQHandler
                0x0800c178                HASH_RNG_IRQHandler
                0x0800c178                EXTI2_IRQHandler
                0x0800c178                TIM8_CC_IRQHandler
                0x0800c178                TIM1_CC_IRQHandler
                0x0800c178                DMA2_Stream5_IRQHandler
                0x0800c178                DMA1_Stream5_IRQHandler
                0x0800c178                PVD_IRQHandler
                0x0800c178                SDIO_IRQHandler
                0x0800c178                TAMP_STAMP_IRQHandler
                0x0800c178                CAN2_RX1_IRQHandler
                0x0800c178                EXTI3_IRQHandler
                0x0800c178                TIM8_TRG_COM_TIM14_IRQHandler
                0x0800c178                TIM1_UP_TIM10_IRQHandler
                0x0800c178                TIM8_UP_TIM13_IRQHandler
                0x0800c178                I2C3_ER_IRQHandler
                0x0800c178                I2C2_EV_IRQHandler
                0x0800c178                DMA1_Stream2_IRQHandler
                0x0800c178                CAN1_RX0_IRQHandler
                0x0800c178                FPU_IRQHandler
                0x0800c178                OTG_HS_WKUP_IRQHandler
                0x0800c178                CAN2_SCE_IRQHandler
                0x0800c178                DMA2_Stream2_IRQHandler
                0x0800c178                SPI1_IRQHandler
                0x0800c178                TIM6_DAC_IRQHandler
                0x0800c178                TIM1_BRK_TIM9_IRQHandler
                0x0800c178                DCMI_IRQHandler
                0x0800c178                CAN2_RX0_IRQHandler
                0x0800c178                DMA2_Stream3_IRQHandler
                0x0800c178                USART6_IRQHandler
                0x0800c178                USART3_IRQHandler
                0x0800c178                CAN1_RX1_IRQHandler
                0x0800c178                UART5_IRQHandler
                0x0800c178                DMA2_Stream0_IRQHandler
                0x0800c178                I2C1_EV_IRQHandler
                0x0800c178                DMA1_Stream6_IRQHandler
                0x0800c178                DMA1_Stream1_IRQHandler
                0x0800c178                UART4_IRQHandler
                0x0800c178                TIM3_IRQHandler
                0x0800c178                RCC_IRQHandler
                0x0800c178                TIM8_BRK_TIM12_IRQHandler
                0x0800c178                Default_Handler
                0x0800c178                EXTI15_10_IRQHandler
                0x0800c178                ADC_IRQHandler
                0x0800c178                TIM7_IRQHandler
                0x0800c178                CAN2_TX_IRQHandler
                0x0800c178                TIM5_IRQHandler
                0x0800c178                DMA2_Stream7_IRQHandler
                0x0800c178                I2C3_EV_IRQHandler
                0x0800c178                EXTI9_5_IRQHandler
                0x0800c178                RTC_WKUP_IRQHandler
                0x0800c178                ETH_WKUP_IRQHandler
                0x0800c178                SPI2_IRQHandler
                0x0800c178                OTG_HS_EP1_IN_IRQHandler
                0x0800c178                DMA1_Stream0_IRQHandler
                0x0800c178                CAN1_TX_IRQHandler
                0x0800c178                EXTI4_IRQHandler
                0x0800c178                FSMC_IRQHandler
                0x0800c178                ETH_IRQHandler
                0x0800c178                OTG_HS_EP1_OUT_IRQHandler
                0x0800c178                WWDG_IRQHandler
                0x0800c178                TIM2_IRQHandler
                0x0800c178                OTG_FS_WKUP_IRQHandler
                0x0800c178                TIM1_TRG_COM_TIM11_IRQHandler
                0x0800c178                OTG_HS_IRQHandler
                0x0800c178                USART2_IRQHandler
                0x0800c178                I2C2_ER_IRQHandler
                0x0800c178                DMA2_Stream1_IRQHandler
                0x0800c178                CAN1_SCE_IRQHandler
                0x0800c178                FLASH_IRQHandler
                0x0800c178                DMA2_Stream4_IRQHandler
                0x0800c178                USART1_IRQHandler
                0x0800c178                SPI3_IRQHandler
                0x0800c178                DMA1_Stream4_IRQHandler
                0x0800c178                I2C1_ER_IRQHandler
                0x0800c178                DMA2_Stream6_IRQHandler
 .text.NMI_Handler
                0x0800c17c        0x4 ./Synth/stm32f4xx_it.o
                0x0800c17c                NMI_Handler
 .text.HardFault_Handler
                0x0800c180        0x4 ./Synth/stm32f4xx_it.o
                0x0800c180                HardFault_Handler
 .text.MemManage_Handler
                0x0800c184        0x4 ./Synth/stm32f4xx_it.o
                0x0800c184                MemManage_Handler
 .text.BusFault_Handler
                0x0800c188        0x4 ./Synth/stm32f4xx_it.o
                0x0800c188                BusFault_Handler
 .text.UsageFault_Handler
                0x0800c18c        0x4 ./Synth/stm32f4xx_it.o
                0x0800c18c                UsageFault_Handler
 .text.SVC_Handler
                0x0800c190        0x4 ./Synth/stm32f4xx_it.o
                0x0800c190                SVC_Handler
 .text.DebugMon_Handler
                0x0800c194        0x4 ./Synth/stm32f4xx_it.o
                0x0800c194                DebugMon_Handler
 .text.PendSV_Handler
                0x0800c198        0x4 ./Synth/stm32f4xx_it.o
                0x0800c198                PendSV_Handler
 .text.SysTick_Handler
                0x0800c19c       0x24 ./Synth/stm32f4xx_it.o
                0x0800c19c                SysTick_Handler
 .text.EXTI0_IRQHandler
                0x0800c1c0        0x8 ./Synth/stm32f4xx_it.o
                0x0800c1c0                EXTI0_IRQHandler
 .text.EXTI1_IRQHandler
                0x0800c1c8        0x8 ./Synth/stm32f4xx_it.o
                0x0800c1c8                EXTI1_IRQHandler
 .text.DMA1_Stream7_IRQHandler
                0x0800c1d0        0xc ./Synth/stm32f4xx_it.o
                0x0800c1d0                DMA1_Stream7_IRQHandler
 .text.DMA1_Stream3_IRQHandler
                0x0800c1dc        0xc ./Synth/stm32f4xx_it.o
                0x0800c1dc                DMA1_Stream3_IRQHandler
 .text.TIM4_IRQHandler
                0x0800c1e8        0x4 ./Synth/stm32f4xx_it.o
                0x0800c1e8                TIM4_IRQHandler
 .text.OTG_FS_IRQHandler
                0x0800c1ec        0xc ./Synth/stm32f4xx_it.o
                0x0800c1ec                OTG_FS_IRQHandler
 .text.SystemInit
                0x0800c1f8       0x50 ./Synth/system_stm32f4xx.o
                0x0800c1f8                SystemInit
 .text.TimingDelay_Decrement
                0x0800c248       0x20 ./Synth/timers.o
                0x0800c248                TimingDelay_Decrement
 .text.start_LED_On
                0x0800c268       0x18 ./Synth/timers.o
                0x0800c268                start_LED_On
 .text.update_temporized_LED
                0x0800c280       0x18 ./Synth/timers.o
                0x0800c280                update_temporized_LED
 .text.DebounceUserButton
                0x0800c298       0x5c ./Synth/timers.o
                0x0800c298                DebounceUserButton
 .text.HAL_HCD_MspInit
                0x0800c2f4       0xac ./Synth/usbh_conf.o
                0x0800c2f4                HAL_HCD_MspInit
 .text.HAL_HCD_SOF_Callback
                0x0800c3a0        0x8 ./Synth/usbh_conf.o
                0x0800c3a0                HAL_HCD_SOF_Callback
 .text.HAL_HCD_Connect_Callback
                0x0800c3a8        0x8 ./Synth/usbh_conf.o
                0x0800c3a8                HAL_HCD_Connect_Callback
 .text.HAL_HCD_Disconnect_Callback
                0x0800c3b0        0x8 ./Synth/usbh_conf.o
                0x0800c3b0                HAL_HCD_Disconnect_Callback
 .text.HAL_HCD_HC_NotifyURBChange_Callback
                0x0800c3b8        0x4 ./Synth/usbh_conf.o
                0x0800c3b8                HAL_HCD_HC_NotifyURBChange_Callback
 .text.USBH_LL_Init
                0x0800c3bc       0x54 ./Synth/usbh_conf.o
                0x0800c3bc                USBH_LL_Init
 .text.USBH_LL_Start
                0x0800c410       0x10 ./Synth/usbh_conf.o
                0x0800c410                USBH_LL_Start
 .text.USBH_LL_Stop
                0x0800c420       0x10 ./Synth/usbh_conf.o
                0x0800c420                USBH_LL_Stop
 .text.USBH_LL_GetSpeed
                0x0800c430       0x1c ./Synth/usbh_conf.o
                0x0800c430                USBH_LL_GetSpeed
 .text.USBH_LL_ResetPort
                0x0800c44c       0x10 ./Synth/usbh_conf.o
                0x0800c44c                USBH_LL_ResetPort
 .text.USBH_LL_GetLastXferSize
                0x0800c45c        0x8 ./Synth/usbh_conf.o
                0x0800c45c                USBH_LL_GetLastXferSize
 .text.USBH_LL_OpenPipe
                0x0800c464       0x24 ./Synth/usbh_conf.o
                0x0800c464                USBH_LL_OpenPipe
 .text.USBH_LL_ClosePipe
                0x0800c488       0x10 ./Synth/usbh_conf.o
                0x0800c488                USBH_LL_ClosePipe
 .text.USBH_LL_SubmitURB
                0x0800c498       0x28 ./Synth/usbh_conf.o
                0x0800c498                USBH_LL_SubmitURB
 .text.USBH_LL_GetURBState
                0x0800c4c0        0x8 ./Synth/usbh_conf.o
                0x0800c4c0                USBH_LL_GetURBState
 .text.USBH_LL_DriverVBUS
                0x0800c4c8       0x30 ./Synth/usbh_conf.o
                0x0800c4c8                USBH_LL_DriverVBUS
 .text.USBH_LL_SetToggle
                0x0800c4f8       0x24 ./Synth/usbh_conf.o
                0x0800c4f8                USBH_LL_SetToggle
 .text.USBH_Delay
                0x0800c51c        0x4 ./Synth/usbh_conf.o
                0x0800c51c                USBH_Delay
 .text.__libc_init_array
                0x0800c520       0x50 c:/program files (x86)/gnu tools arm embedded/4.8 2014q3/bin/../lib/gcc/arm-none-eabi/4.8.4/../../../../arm-none-eabi/lib/armv7e-m/fpu\libg.a(lib_a-init.o)
                0x0800c520                __libc_init_array
 .text.malloc   0x0800c570       0x10 c:/program files (x86)/gnu tools arm embedded/4.8 2014q3/bin/../lib/gcc/arm-none-eabi/4.8.4/../../../../arm-none-eabi/lib/armv7e-m/fpu\libg.a(lib_a-malloc.o)
                0x0800c570                malloc
 .text.free     0x0800c580       0x10 c:/program files (x86)/gnu tools arm embedded/4.8 2014q3/bin/../lib/gcc/arm-none-eabi/4.8.4/../../../../arm-none-eabi/lib/armv7e-m/fpu\libg.a(lib_a-malloc.o)
                0x0800c580                free
 .text._malloc_r
                0x0800c590      0x538 c:/program files (x86)/gnu tools arm embedded/4.8 2014q3/bin/../lib/gcc/arm-none-eabi/4.8.4/../../../../arm-none-eabi/lib/armv7e-m/fpu\libg.a(lib_a-mallocr.o)
                0x0800c590                _malloc_r
 .text.memset   0x0800cac8       0x94 c:/program files (x86)/gnu tools arm embedded/4.8 2014q3/bin/../lib/gcc/arm-none-eabi/4.8.4/../../../../arm-none-eabi/lib/armv7e-m/fpu\libg.a(lib_a-memset.o)
                0x0800cac8                memset
 .text.__malloc_lock
                0x0800cb5c        0x4 c:/program files (x86)/gnu tools arm embedded/4.8 2014q3/bin/../lib/gcc/arm-none-eabi/4.8.4/../../../../arm-none-eabi/lib/armv7e-m/fpu\libg.a(lib_a-mlock.o)
                0x0800cb5c                __malloc_lock
 .text.__malloc_unlock
                0x0800cb60        0x4 c:/program files (x86)/gnu tools arm embedded/4.8 2014q3/bin/../lib/gcc/arm-none-eabi/4.8.4/../../../../arm-none-eabi/lib/armv7e-m/fpu\libg.a(lib_a-mlock.o)
                0x0800cb60                __malloc_unlock
 .text.srand    0x0800cb64       0x10 c:/program files (x86)/gnu tools arm embedded/4.8 2014q3/bin/../lib/gcc/arm-none-eabi/4.8.4/../../../../arm-none-eabi/lib/armv7e-m/fpu\libg.a(lib_a-rand.o)
                0x0800cb64                srand
 .text.rand     0x0800cb74       0x40 c:/program files (x86)/gnu tools arm embedded/4.8 2014q3/bin/../lib/gcc/arm-none-eabi/4.8.4/../../../../arm-none-eabi/lib/armv7e-m/fpu\libg.a(lib_a-rand.o)
                0x0800cb74                rand
 .text._sbrk_r  0x0800cbb4       0x24 c:/program files (x86)/gnu tools arm embedded/4.8 2014q3/bin/../lib/gcc/arm-none-eabi/4.8.4/../../../../arm-none-eabi/lib/armv7e-m/fpu\libg.a(lib_a-sbrkr.o)
                0x0800cbb4                _sbrk_r
 .text.startup.register_fini
                0x0800cbd8       0x14 c:/program files (x86)/gnu tools arm embedded/4.8 2014q3/bin/../lib/gcc/arm-none-eabi/4.8.4/../../../../arm-none-eabi/lib/armv7e-m/fpu\libg.a(lib_a-__call_atexit.o)
 .text.atexit   0x0800cbec        0xc c:/program files (x86)/gnu tools arm embedded/4.8 2014q3/bin/../lib/gcc/arm-none-eabi/4.8.4/../../../../arm-none-eabi/lib/armv7e-m/fpu\libg.a(lib_a-atexit.o)
                0x0800cbec                atexit
 .text.__libc_fini_array
                0x0800cbf8       0x30 c:/program files (x86)/gnu tools arm embedded/4.8 2014q3/bin/../lib/gcc/arm-none-eabi/4.8.4/../../../../arm-none-eabi/lib/armv7e-m/fpu\libg.a(lib_a-fini.o)
                0x0800cbf8                __libc_fini_array
 .text._malloc_trim_r
                0x0800cc28       0x9c c:/program files (x86)/gnu tools arm embedded/4.8 2014q3/bin/../lib/gcc/arm-none-eabi/4.8.4/../../../../arm-none-eabi/lib/armv7e-m/fpu\libg.a(lib_a-freer.o)
                0x0800cc28                _malloc_trim_r
 .text._free_r  0x0800ccc4      0x19c c:/program files (x86)/gnu tools arm embedded/4.8 2014q3/bin/../lib/gcc/arm-none-eabi/4.8.4/../../../../arm-none-eabi/lib/armv7e-m/fpu\libg.a(lib_a-freer.o)
                0x0800ccc4                _free_r
 .text.__register_exitproc
                0x0800ce60       0xa8 c:/program files (x86)/gnu tools arm embedded/4.8 2014q3/bin/../lib/gcc/arm-none-eabi/4.8.4/../../../../arm-none-eabi/lib/armv7e-m/fpu\libg.a(lib_a-__atexit.o)
                0x0800ce60                __register_exitproc
 .text._sbrk    0x0800cf08       0x34 c:/program files (x86)/gnu tools arm embedded/4.8 2014q3/bin/../lib/gcc/arm-none-eabi/4.8.4/../../../../arm-none-eabi/lib/armv7e-m/fpu\libnosys.a(sbrk.o)
                0x0800cf08                _sbrk
 .text.floorf   0x0800cf3c       0xa0 c:/program files (x86)/gnu tools arm embedded/4.8 2014q3/bin/../lib/gcc/arm-none-eabi/4.8.4/../../../../arm-none-eabi/lib/armv7e-m/fpu\libm.a(lib_a-sf_floor.o)
                0x0800cf3c                floorf
 .text.lrintf   0x0800cfdc       0x94 c:/program files (x86)/gnu tools arm embedded/4.8 2014q3/bin/../lib/gcc/arm-none-eabi/4.8.4/../../../../arm-none-eabi/lib/armv7e-m/fpu\libm.a(lib_a-sf_lrint.o)
                0x0800cfdc                lrintf
 .text.rintf    0x0800d070       0xd0 c:/program files (x86)/gnu tools arm embedded/4.8 2014q3/bin/../lib/gcc/arm-none-eabi/4.8.4/../../../../arm-none-eabi/lib/armv7e-m/fpu\libm.a(lib_a-sf_rint.o)
                0x0800d070                rintf
 .text.sinf     0x0800d140       0x7c c:/program files (x86)/gnu tools arm embedded/4.8 2014q3/bin/../lib/gcc/arm-none-eabi/4.8.4/../../../../arm-none-eabi/lib/armv7e-m/fpu\libm.a(lib_a-sf_sin.o)
                0x0800d140                sinf
 .text.powf     0x0800d1bc      0x348 c:/program files (x86)/gnu tools arm embedded/4.8 2014q3/bin/../lib/gcc/arm-none-eabi/4.8.4/../../../../arm-none-eabi/lib/armv7e-m/fpu\libm.a(lib_a-wf_pow.o)
                0x0800d1bc                powf
 .text.__ieee754_powf
                0x0800d504      0x5c8 c:/program files (x86)/gnu tools arm embedded/4.8 2014q3/bin/../lib/gcc/arm-none-eabi/4.8.4/../../../../arm-none-eabi/lib/armv7e-m/fpu\libm.a(lib_a-ef_pow.o)
                0x0800d504                __ieee754_powf
 .text.__ieee754_rem_pio2f
                0x0800dacc      0x28c c:/program files (x86)/gnu tools arm embedded/4.8 2014q3/bin/../lib/gcc/arm-none-eabi/4.8.4/../../../../arm-none-eabi/lib/armv7e-m/fpu\libm.a(lib_a-ef_rem_pio2.o)
                0x0800dacc                __ieee754_rem_pio2f
 .text.__ieee754_sqrtf
                0x0800dd58       0xa4 c:/program files (x86)/gnu tools arm embedded/4.8 2014q3/bin/../lib/gcc/arm-none-eabi/4.8.4/../../../../arm-none-eabi/lib/armv7e-m/fpu\libm.a(lib_a-ef_sqrt.o)
                0x0800dd58                __ieee754_sqrtf
 .text.__kernel_cosf
                0x0800ddfc      0x104 c:/program files (x86)/gnu tools arm embedded/4.8 2014q3/bin/../lib/gcc/arm-none-eabi/4.8.4/../../../../arm-none-eabi/lib/armv7e-m/fpu\libm.a(lib_a-kf_cos.o)
                0x0800ddfc                __kernel_cosf
 .text.__kernel_rem_pio2f
                0x0800df00      0x5cc c:/program files (x86)/gnu tools arm embedded/4.8 2014q3/bin/../lib/gcc/arm-none-eabi/4.8.4/../../../../arm-none-eabi/lib/armv7e-m/fpu\libm.a(lib_a-kf_rem_pio2.o)
                0x0800df00                __kernel_rem_pio2f
 .text.__kernel_sinf
                0x0800e4cc       0x90 c:/program files (x86)/gnu tools arm embedded/4.8 2014q3/bin/../lib/gcc/arm-none-eabi/4.8.4/../../../../arm-none-eabi/lib/armv7e-m/fpu\libm.a(lib_a-kf_sin.o)
                0x0800e4cc                __kernel_sinf
 .text.matherr  0x0800e55c        0x4 c:/program files (x86)/gnu tools arm embedded/4.8 2014q3/bin/../lib/gcc/arm-none-eabi/4.8.4/../../../../arm-none-eabi/lib/armv7e-m/fpu\libm.a(lib_a-s_matherr.o)
                0x0800e55c                matherr
 .text.rint     0x0800e560      0x120 c:/program files (x86)/gnu tools arm embedded/4.8 2014q3/bin/../lib/gcc/arm-none-eabi/4.8.4/../../../../arm-none-eabi/lib/armv7e-m/fpu\libm.a(lib_a-s_rint.o)
                0x0800e560                rint
 .text.fabsf    0x0800e680       0x10 c:/program files (x86)/gnu tools arm embedded/4.8 2014q3/bin/../lib/gcc/arm-none-eabi/4.8.4/../../../../arm-none-eabi/lib/armv7e-m/fpu\libm.a(lib_a-sf_fabs.o)
                0x0800e680                fabsf
 .text.finitef  0x0800e690       0x14 c:/program files (x86)/gnu tools arm embedded/4.8 2014q3/bin/../lib/gcc/arm-none-eabi/4.8.4/../../../../arm-none-eabi/lib/armv7e-m/fpu\libm.a(lib_a-sf_finite.o)
                0x0800e690                finitef
 .text.__fpclassifyf
                0x0800e6a4       0x38 c:/program files (x86)/gnu tools arm embedded/4.8 2014q3/bin/../lib/gcc/arm-none-eabi/4.8.4/../../../../arm-none-eabi/lib/armv7e-m/fpu\libm.a(lib_a-sf_fpclassify.o)
                0x0800e6a4                __fpclassifyf
 .text.nanf     0x0800e6dc        0xc c:/program files (x86)/gnu tools arm embedded/4.8 2014q3/bin/../lib/gcc/arm-none-eabi/4.8.4/../../../../arm-none-eabi/lib/armv7e-m/fpu\libm.a(lib_a-sf_nan.o)
                0x0800e6dc                nanf
 .text.scalbnf  0x0800e6e8       0xd8 c:/program files (x86)/gnu tools arm embedded/4.8 2014q3/bin/../lib/gcc/arm-none-eabi/4.8.4/../../../../arm-none-eabi/lib/armv7e-m/fpu\libm.a(lib_a-sf_scalbn.o)
                0x0800e6e8                scalbnf
 .text.copysignf
                0x0800e7c0       0x18 c:/program files (x86)/gnu tools arm embedded/4.8 2014q3/bin/../lib/gcc/arm-none-eabi/4.8.4/../../../../arm-none-eabi/lib/armv7e-m/fpu\libm.a(lib_a-sf_copysign.o)
                0x0800e7c0                copysignf
 *(.glue_7)
 .glue_7        0x00000000        0x0 linker stubs
 *(.glue_7t)
 .glue_7t       0x00000000        0x0 linker stubs
 *(.eh_frame)
 .eh_frame      0x0800e7d8        0x0 c:/program files (x86)/gnu tools arm embedded/4.8 2014q3/bin/../lib/gcc/arm-none-eabi/4.8.4/armv7e-m/fpu/crtbegin.o
 *(.init)
 .init          0x0800e7d8        0x4 c:/program files (x86)/gnu tools arm embedded/4.8 2014q3/bin/../lib/gcc/arm-none-eabi/4.8.4/armv7e-m/fpu/crti.o
                0x0800e7d8                _init
 .init          0x0800e7dc        0x8 c:/program files (x86)/gnu tools arm embedded/4.8 2014q3/bin/../lib/gcc/arm-none-eabi/4.8.4/armv7e-m/fpu/crtn.o
 *(.fini)
 .fini          0x0800e7e4        0x4 c:/program files (x86)/gnu tools arm embedded/4.8 2014q3/bin/../lib/gcc/arm-none-eabi/4.8.4/armv7e-m/fpu/crti.o
                0x0800e7e4                _fini
 .fini          0x0800e7e8        0x8 c:/program files (x86)/gnu tools arm embedded/4.8 2014q3/bin/../lib/gcc/arm-none-eabi/4.8.4/armv7e-m/fpu/crtn.o
                0x0800e7f0                . = ALIGN (0x4)
                0x0800e7f0                _etext = .

.vfp11_veneer   0x0800e7f0        0x0
 .vfp11_veneer  0x00000000        0x0 linker stubs

.v4_bx          0x0800e7f0        0x0
 .v4_bx         0x00000000        0x0 linker stubs

.iplt           0x0800e7f0        0x0
 .iplt          0x00000000        0x0 c:/program files (x86)/gnu tools arm embedded/4.8 2014q3/bin/../lib/gcc/arm-none-eabi/4.8.4/armv7e-m/fpu/crtbegin.o

.rodata         0x0800e7f0     0xed98
                0x0800e7f0                . = ALIGN (0x4)
 *(.rodata)
 *(.rodata*)
 .rodata.str1.4
                0x0800e7f0        0x5 ./drivers/USBH_midi_class/Src/usbh_MIDI.o
                                  0x8 (size before relaxing)
 *fill*         0x0800e7f5        0x3 
 .rodata.APBAHBPrescTable
                0x0800e7f8       0x10 ./drivers/STM32F4xx_HAL_Driver/Src/stm32f4xx_hal_rcc.o
                0x0800e7f8                APBAHBPrescTable
 .rodata.GPIO_PIN
                0x0800e808        0x8 ./drivers/BSP/stm32f4_discovery.o
                0x0800e808                GPIO_PIN
 .rodata.step_dd_table
                0x0800e810     0x9008 ./Synth/minblep_tables.o
                0x0800e810                step_dd_table
 .rodata.slope_dd_table
                0x08017818     0x4704 ./Synth/minblep_tables.o
                0x08017818                slope_dd_table
 .rodata.MIDIscale04
                0x0801bf1c        0x8 ./Synth/notesTables.o
                0x0801bf1c                MIDIscale04
 .rodata.MIDIscale10
                0x0801bf24        0x8 ./Synth/notesTables.o
                0x0801bf24                MIDIscale10
 .rodata.MIDIscale11
                0x0801bf2c        0x8 ./Synth/notesTables.o
                0x0801bf2c                MIDIscale11
 .rodata.MIDIscale12
                0x0801bf34       0x10 ./Synth/notesTables.o
                0x0801bf34                MIDIscale12
 .rodata.MIDIscale13
                0x0801bf44        0x4 ./Synth/notesTables.o
                0x0801bf44                MIDIscale13
 .rodata.MIDIscale14
                0x0801bf48        0x4 ./Synth/notesTables.o
                0x0801bf48                MIDIscale14
 .rodata.notesFreq
                0x0801bf4c      0x1ac ./Synth/notesTables.o
                0x0801bf4c                notesFreq
 .rodata.MIDIscale05
                0x0801c0f8        0x8 ./Synth/notesTables.o
                0x0801c0f8                MIDIscale05
 .rodata.MIDIscale06
                0x0801c100        0x8 ./Synth/notesTables.o
                0x0801c100                MIDIscale06
 .rodata.MIDIscale07
                0x0801c108        0x4 ./Synth/notesTables.o
                0x0801c108                MIDIscale07
 .rodata.MIDIscale08
                0x0801c10c        0x4 ./Synth/notesTables.o
                0x0801c10c                MIDIscale08
 .rodata.MIDIscale09
                0x0801c110        0x4 ./Synth/notesTables.o
                0x0801c110                MIDIscale09
 .rodata.MIDIscale01
                0x0801c114        0x8 ./Synth/notesTables.o
                0x0801c114                MIDIscale01
 .rodata.MIDIscale02
                0x0801c11c        0x8 ./Synth/notesTables.o
                0x0801c11c                MIDIscale02
 .rodata.MIDIscale03
                0x0801c124        0x8 ./Synth/notesTables.o
                0x0801c124                MIDIscale03
 .rodata.CSWTCH.11
                0x0801c12c       0x3c ./Synth/sequencer.o
 .rodata.sinetable
                0x0801c168     0x1004 ./Synth/sinetable.o
                0x0801c168                sinetable
 .rodata.CSWTCH.11
                0x0801d16c        0x4 ./Synth/usbh_conf.o
 .rodata.str1.4
                0x0801d170        0x2 c:/program files (x86)/gnu tools arm embedded/4.8 2014q3/bin/../lib/gcc/arm-none-eabi/4.8.4/../../../../arm-none-eabi/lib/armv7e-m/fpu\libg.a(lib_a-impure.o)
                                  0x4 (size before relaxing)
 *fill*         0x0801d172        0x2 
 .rodata._global_impure_ptr
                0x0801d174        0x4 c:/program files (x86)/gnu tools arm embedded/4.8 2014q3/bin/../lib/gcc/arm-none-eabi/4.8.4/../../../../arm-none-eabi/lib/armv7e-m/fpu\libg.a(lib_a-impure.o)
                0x0801d174                _global_impure_ptr
 .rodata.TWO23  0x0801d178        0x8 c:/program files (x86)/gnu tools arm embedded/4.8 2014q3/bin/../lib/gcc/arm-none-eabi/4.8.4/../../../../arm-none-eabi/lib/armv7e-m/fpu\libm.a(lib_a-sf_lrint.o)
 .rodata.TWO23  0x0801d180        0x8 c:/program files (x86)/gnu tools arm embedded/4.8 2014q3/bin/../lib/gcc/arm-none-eabi/4.8.4/../../../../arm-none-eabi/lib/armv7e-m/fpu\libm.a(lib_a-sf_rint.o)
 .rodata.str1.4
                0x0801d188        0x5 c:/program files (x86)/gnu tools arm embedded/4.8 2014q3/bin/../lib/gcc/arm-none-eabi/4.8.4/../../../../arm-none-eabi/lib/armv7e-m/fpu\libm.a(lib_a-wf_pow.o)
                                  0x8 (size before relaxing)
 *fill*         0x0801d18d        0x3 
 .rodata.dp_h   0x0801d190        0x8 c:/program files (x86)/gnu tools arm embedded/4.8 2014q3/bin/../lib/gcc/arm-none-eabi/4.8.4/../../../../arm-none-eabi/lib/armv7e-m/fpu\libm.a(lib_a-ef_pow.o)
 .rodata.dp_l   0x0801d198        0x8 c:/program files (x86)/gnu tools arm embedded/4.8 2014q3/bin/../lib/gcc/arm-none-eabi/4.8.4/../../../../arm-none-eabi/lib/armv7e-m/fpu\libm.a(lib_a-ef_pow.o)
 .rodata.bp     0x0801d1a0        0x8 c:/program files (x86)/gnu tools arm embedded/4.8 2014q3/bin/../lib/gcc/arm-none-eabi/4.8.4/../../../../arm-none-eabi/lib/armv7e-m/fpu\libm.a(lib_a-ef_pow.o)
 .rodata.str1.4
                0x00000000        0x8 c:/program files (x86)/gnu tools arm embedded/4.8 2014q3/bin/../lib/gcc/arm-none-eabi/4.8.4/../../../../arm-none-eabi/lib/armv7e-m/fpu\libm.a(lib_a-ef_pow.o)
                                  0x4 (size before relaxing)
 .rodata.npio2_hw
                0x0801d1a8       0x80 c:/program files (x86)/gnu tools arm embedded/4.8 2014q3/bin/../lib/gcc/arm-none-eabi/4.8.4/../../../../arm-none-eabi/lib/armv7e-m/fpu\libm.a(lib_a-ef_rem_pio2.o)
 .rodata.two_over_pi
                0x0801d228      0x318 c:/program files (x86)/gnu tools arm embedded/4.8 2014q3/bin/../lib/gcc/arm-none-eabi/4.8.4/../../../../arm-none-eabi/lib/armv7e-m/fpu\libm.a(lib_a-ef_rem_pio2.o)
 .rodata.init_jk
                0x0801d540        0xc c:/program files (x86)/gnu tools arm embedded/4.8 2014q3/bin/../lib/gcc/arm-none-eabi/4.8.4/../../../../arm-none-eabi/lib/armv7e-m/fpu\libm.a(lib_a-kf_rem_pio2.o)
 .rodata.PIo2   0x0801d54c       0x2c c:/program files (x86)/gnu tools arm embedded/4.8 2014q3/bin/../lib/gcc/arm-none-eabi/4.8.4/../../../../arm-none-eabi/lib/armv7e-m/fpu\libm.a(lib_a-kf_rem_pio2.o)
 .rodata.TWO52  0x0801d578       0x10 c:/program files (x86)/gnu tools arm embedded/4.8 2014q3/bin/../lib/gcc/arm-none-eabi/4.8.4/../../../../arm-none-eabi/lib/armv7e-m/fpu\libm.a(lib_a-s_rint.o)
                0x0801d588                . = ALIGN (0x4)

.rel.dyn        0x0801d588        0x0
 .rel.iplt      0x00000000        0x0 c:/program files (x86)/gnu tools arm embedded/4.8 2014q3/bin/../lib/gcc/arm-none-eabi/4.8.4/armv7e-m/fpu/crtbegin.o

.ARM.extab
 *(.ARM.extab* .gnu.linkonce.armextab.*)

.ARM            0x0801d588        0x0
                0x0801d588                __exidx_start = .
 *(.ARM.exidx*)
                0x0801d588                __exidx_end = .

.preinit_array  0x0801d588        0x0
                0x0801d588                PROVIDE (__preinit_array_start, .)
 *(.preinit_array*)
                0x0801d588                PROVIDE (__preinit_array_end, .)

.init_array     0x0801d588        0x8
                0x0801d588                PROVIDE (__init_array_start, .)
 *(SORT(.init_array.*))
 .init_array.00000
                0x0801d588        0x4 c:/program files (x86)/gnu tools arm embedded/4.8 2014q3/bin/../lib/gcc/arm-none-eabi/4.8.4/../../../../arm-none-eabi/lib/armv7e-m/fpu\libg.a(lib_a-__call_atexit.o)
 *(.init_array*)
 .init_array    0x0801d58c        0x4 c:/program files (x86)/gnu tools arm embedded/4.8 2014q3/bin/../lib/gcc/arm-none-eabi/4.8.4/armv7e-m/fpu/crtbegin.o
                0x0801d590                PROVIDE (__init_array_end, .)

.fini_array     0x0801d590        0x4
                0x0801d590                PROVIDE (__fini_array_start, .)
 *(SORT(.fini_array.*))
 *(.fini_array*)
 .fini_array    0x0801d590        0x4 c:/program files (x86)/gnu tools arm embedded/4.8 2014q3/bin/../lib/gcc/arm-none-eabi/4.8.4/armv7e-m/fpu/crtbegin.o
                0x0801d594                PROVIDE (__fini_array_end, .)
                0x0801d594                _sidata = LOADADDR (.data)

.data           0x20000000      0x8c8 load address 0x0801d594
                0x20000000                . = ALIGN (0x4)
                0x20000000                _sdata = .
 *(.data)
 *(.data*)
 .data.MIDI_Class
                0x20000000       0x20 ./drivers/USBH_midi_class/Src/usbh_MIDI.o
                0x20000000                MIDI_Class
 .data.Is_cs43l22_Stop
                0x20000020        0x1 ./drivers/BSP/cs43l22.o
 *fill*         0x20000021        0x3 
 .data.cs43l22_drv
                0x20000024       0x2c ./drivers/BSP/cs43l22.o
                0x20000024                cs43l22_drv
 .data.GPIO_PORT
                0x20000050       0x10 ./drivers/BSP/stm32f4_discovery.o
                0x20000050                GPIO_PORT
 .data.BUTTON_PORT
                0x20000060        0x4 ./drivers/BSP/stm32f4_discovery.o
                0x20000060                BUTTON_PORT
 .data.I2cxTimeout
                0x20000064        0x4 ./drivers/BSP/stm32f4_discovery.o
                0x20000064                I2cxTimeout
 .data.volume   0x20000068        0x1 ./Synth/audio_conf.o
 *fill*         0x20000069        0x3 
 .data.wet      0x2000006c        0x4 ./Synth/delay.o
 .data.fdb      0x20000070        0x4 ./Synth/delay.o
 .data.demoMode
                0x20000074        0x1 ./Synth/main.o
                0x20000074                demoMode
 *fill*         0x20000075        0x3 
 .data.centralFreq
                0x20000078        0x4 ./Synth/oscillators.o
 .data.SystemCoreClock
                0x2000007c        0x4 ./Synth/system_stm32f4xx.o
                0x2000007c                SystemCoreClock
 .data.Count    0x20000080        0x1 ./Synth/timers.o
 *fill*         0x20000081        0x7 
 .data.impure_data
                0x20000088      0x428 c:/program files (x86)/gnu tools arm embedded/4.8 2014q3/bin/../lib/gcc/arm-none-eabi/4.8.4/../../../../arm-none-eabi/lib/armv7e-m/fpu\libg.a(lib_a-impure.o)
 .data._impure_ptr
                0x200004b0        0x4 c:/program files (x86)/gnu tools arm embedded/4.8 2014q3/bin/../lib/gcc/arm-none-eabi/4.8.4/../../../../arm-none-eabi/lib/armv7e-m/fpu\libg.a(lib_a-impure.o)
                0x200004b0                _impure_ptr
 .data.__malloc_av_
                0x200004b4      0x408 c:/program files (x86)/gnu tools arm embedded/4.8 2014q3/bin/../lib/gcc/arm-none-eabi/4.8.4/../../../../arm-none-eabi/lib/armv7e-m/fpu\libg.a(lib_a-mallocr.o)
                0x200004b4                __malloc_av_
 .data.__malloc_trim_threshold
                0x200008bc        0x4 c:/program files (x86)/gnu tools arm embedded/4.8 2014q3/bin/../lib/gcc/arm-none-eabi/4.8.4/../../../../arm-none-eabi/lib/armv7e-m/fpu\libg.a(lib_a-mallocr.o)
                0x200008bc                __malloc_trim_threshold
 .data.__malloc_sbrk_base
                0x200008c0        0x4 c:/program files (x86)/gnu tools arm embedded/4.8 2014q3/bin/../lib/gcc/arm-none-eabi/4.8.4/../../../../arm-none-eabi/lib/armv7e-m/fpu\libg.a(lib_a-mallocr.o)
                0x200008c0                __malloc_sbrk_base
 .data.__fdlib_version
                0x200008c4        0x1 c:/program files (x86)/gnu tools arm embedded/4.8 2014q3/bin/../lib/gcc/arm-none-eabi/4.8.4/../../../../arm-none-eabi/lib/armv7e-m/fpu\libm.a(lib_a-s_lib_ver.o)
                0x200008c4                __fdlib_version
                0x200008c8                . = ALIGN (0x4)
 *fill*         0x200008c5        0x3 
                0x200008c8                _edata = .
                0x0801de5c                _siccmram = LOADADDR (.ccmram)

.jcr            0x200008c8        0x0 load address 0x0801de5c
 .jcr           0x200008c8        0x0 c:/program files (x86)/gnu tools arm embedded/4.8 2014q3/bin/../lib/gcc/arm-none-eabi/4.8.4/armv7e-m/fpu/crtbegin.o

.igot.plt       0x200008c8        0x0 load address 0x0801de5c
 .igot.plt      0x00000000        0x0 c:/program files (x86)/gnu tools arm embedded/4.8 2014q3/bin/../lib/gcc/arm-none-eabi/4.8.4/armv7e-m/fpu/crtbegin.o

.ccmram         0x10000000     0x3ed0 load address 0x0801de5c
                0x10000000                . = ALIGN (0x4)
                0x10000000                _sccmram = .
 *(.ccmram)
 .ccmram        0x10000000       0x28 ./Synth/adsr.o
                0x10000000                adsr
 .ccmram        0x10000028     0x1000 ./Synth/blepvco.o
                0x10000028                mbTriOsc
                0x10000580                mbRectOsc
                0x10000adc                mbSawOsc
 .ccmram        0x10001028     0x2c10 ./Synth/chorusFD.o
 .ccmram        0x10003c38       0x84 ./Synth/drifter.o
                0x10003c38                d3
                0x10003c64                d2
                0x10003c90                d1
 .ccmram        0x10003cbc      0x158 ./Synth/oscillators.o
                0x10003cbc                op1
                0x10003cdc                op2
                0x10003cfc                op3
                0x10003d1c                op4
                0x10003d94                amp_lfo
                0x10003db4                filt2_lfo
                0x10003dd4                filt_lfo
                0x10003df4                vibr_lfo
 .ccmram        0x10003e14       0x40 ./Synth/resonantFilter.o
                0x10003e14                SVFilter
                0x10003e34                SVFilter2
 .ccmram        0x10003e54       0x68 ./Synth/sequencer.o
                0x10003e54                seq
                0x10003ea8                noteG
 .ccmram        0x10003ebc       0x14 ./Synth/soundGen.o
 *(.ccmram*)
                0x10003ed0                . = ALIGN (0x4)
                0x10003ed0                _eccmram = .
                0x10003ed0                . = ALIGN (0x4)

.bss            0x200008c8    0x1ef78
                0x200008c8                _sbss = .
                0x200008c8                __bss_start__ = _sbss
 *(.bss)
 .bss           0x200008c8       0x1c c:/program files (x86)/gnu tools arm embedded/4.8 2014q3/bin/../lib/gcc/arm-none-eabi/4.8.4/armv7e-m/fpu/crtbegin.o
 *(.bss*)
 .bss.uwTick    0x200008e4        0x4 ./drivers/STM32F4xx_HAL_Driver/Src/stm32f4xx_hal.o
 .bss.OutputDev
                0x200008e8        0x1 ./drivers/BSP/cs43l22.o
                0x200008e8                OutputDev
 *fill*         0x200008e9        0x3 
 .bss.I2cHandle
                0x200008ec       0x38 ./drivers/BSP/stm32f4_discovery.o
 .bss.pAudioDrv
                0x20000924        0x4 ./drivers/BSP/stm32f4_discovery_audio.o
 .bss.hdma_i2sTx.7347
                0x20000928       0x50 ./drivers/BSP/stm32f4_discovery_audio.o
 .bss.delayline
                0x20000978    0x1d4c8 ./Synth/delay.o
 .bss.writepos  0x2001de40        0x4 ./Synth/delay.o
 .bss.old_dy    0x2001de44        0x4 ./Synth/delay.o
 .bss.shift     0x2001de48        0x4 ./Synth/delay.o
 .bss.readpos   0x2001de4c        0x4 ./Synth/delay.o
 .bss.freeze    0x2001de50        0x1 ./Synth/main.o
                0x2001de50                freeze
 .bss.Appli_state
                0x2001de51        0x1 ./Synth/main.o
                0x2001de51                Appli_state
 *fill*         0x2001de52        0x2 
 .bss.dmax      0x2001de54        0x4 ./Synth/phaser.o
 .bss.swrate    0x2001de58        0x4 ./Synth/phaser.o
 .bss.lfoPhase  0x2001de5c        0x4 ./Synth/phaser.o
 .bss.a1        0x2001de60        0x4 ./Synth/phaser.o
 .bss.zm1       0x2001de64        0x4 ./Synth/phaser.o
 .bss.fb        0x2001de68        0x4 ./Synth/phaser.o
 .bss.lfoInc    0x2001de6c        0x4 ./Synth/phaser.o
 .bss.wet       0x2001de70        0x4 ./Synth/phaser.o
 .bss.old       0x2001de74       0x18 ./Synth/phaser.o
 .bss.f_min     0x2001de8c        0x4 ./Synth/phaser.o
 .bss.f_max     0x2001de90        0x4 ./Synth/phaser.o
 .bss.dmin      0x2001de94        0x4 ./Synth/phaser.o
 .bss.TimingDelay1
                0x2001de98        0x4 ./Synth/timers.o
 .bss.DebouncedKeyPress
                0x2001de9c        0x1 ./Synth/timers.o
 .bss.Key_changed
                0x2001de9d        0x1 ./Synth/timers.o
 .bss.Key_pressed
                0x2001de9e        0x1 ./Synth/timers.o
 *fill*         0x2001de9f        0x1 
 .bss.TimingDelay
                0x2001dea0        0x4 ./Synth/timers.o
 .bss.__malloc_max_total_mem
                0x2001dea4        0x4 c:/program files (x86)/gnu tools arm embedded/4.8 2014q3/bin/../lib/gcc/arm-none-eabi/4.8.4/../../../../arm-none-eabi/lib/armv7e-m/fpu\libg.a(lib_a-mallocr.o)
                0x2001dea4                __malloc_max_total_mem
 .bss.__malloc_max_sbrked_mem
                0x2001dea8        0x4 c:/program files (x86)/gnu tools arm embedded/4.8 2014q3/bin/../lib/gcc/arm-none-eabi/4.8.4/../../../../arm-none-eabi/lib/armv7e-m/fpu\libg.a(lib_a-mallocr.o)
                0x2001dea8                __malloc_max_sbrked_mem
 .bss.__malloc_top_pad
                0x2001deac        0x4 c:/program files (x86)/gnu tools arm embedded/4.8 2014q3/bin/../lib/gcc/arm-none-eabi/4.8.4/../../../../arm-none-eabi/lib/armv7e-m/fpu\libg.a(lib_a-mallocr.o)
                0x2001deac                __malloc_top_pad
 .bss.__malloc_current_mallinfo
                0x2001deb0       0x28 c:/program files (x86)/gnu tools arm embedded/4.8 2014q3/bin/../lib/gcc/arm-none-eabi/4.8.4/../../../../arm-none-eabi/lib/armv7e-m/fpu\libg.a(lib_a-mallocr.o)
                0x2001deb0                __malloc_current_mallinfo
 .bss.heap_end.4246
                0x2001ded8        0x4 c:/program files (x86)/gnu tools arm embedded/4.8 2014q3/bin/../lib/gcc/arm-none-eabi/4.8.4/../../../../arm-none-eabi/lib/armv7e-m/fpu\libnosys.a(sbrk.o)
 *(COMMON)
 COMMON         0x2001dedc       0xb4 ./drivers/BSP/stm32f4_discovery_audio.o
                0x2001dedc                Filter
                0x2001df10                hAudioOutI2s
                0x2001df50                hAudioInI2s
 COMMON         0x2001df90       0x40 ./Synth/MIDI_application.o
                0x2001df90                MIDI_RX_Buffer
 COMMON         0x2001dfd0      0xfa0 ./Synth/audio_conf.o
                0x2001dfd0                audiobuff
 COMMON         0x2001ef70        0x4 ./Synth/chorusFD.o
                0x2001ef70                rateCoeff
 COMMON         0x2001ef74      0x618 ./Synth/main.o
                0x2001ef74                hUSBHost
 COMMON         0x2001f58c        0x8 ./Synth/random.o
                0x2001f58c                RngHandle
 COMMON         0x2001f594        0x8 ./Synth/resonantFilter.o
                0x2001f594                filterFreq
                0x2001f598                filterFreq2
 COMMON         0x2001f59c       0x10 ./Synth/timers.o
                0x2001f59c                LED_counter
 COMMON         0x2001f5ac      0x290 ./Synth/usbh_conf.o
                0x2001f5ac                hHCD
 COMMON         0x2001f83c        0x4 c:/program files (x86)/gnu tools arm embedded/4.8 2014q3/bin/../lib/gcc/arm-none-eabi/4.8.4/../../../../arm-none-eabi/lib/armv7e-m/fpu\libg.a(lib_a-reent.o)
                0x2001f83c                errno
                0x2001f840                . = ALIGN (0x4)
                0x2001f840                _ebss = .
                0x2001f840                __bss_end__ = _ebss

._user_heap_stack
                0x10003ed0     0x2000
                0x10003ed0                . = ALIGN (0x4)
                0x10003ed0                PROVIDE (end, .)
                0x10003ed0                PROVIDE (_end, .)
                0x10004ed0                . = (. + _Min_Heap_Size)
 *fill*         0x10003ed0     0x1000 
                0x10005ed0                . = (. + _Min_Stack_Size)
 *fill*         0x10004ed0     0x1000 
                0x10005ed0                . = ALIGN (0x4)

/DISCARD/
 libc.a(*)
 libm.a(*)
 libgcc.a(*)

.ARM.attributes
                0x00000000       0x30
 *(.ARM.attributes)
 .ARM.attributes
                0x00000000       0x22 c:/program files (x86)/gnu tools arm embedded/4.8 2014q3/bin/../lib/gcc/arm-none-eabi/4.8.4/armv7e-m/fpu/crti.o
 .ARM.attributes
                0x00000022       0x34 c:/program files (x86)/gnu tools arm embedded/4.8 2014q3/bin/../lib/gcc/arm-none-eabi/4.8.4/armv7e-m/fpu/crtbegin.o
 .ARM.attributes
                0x00000056       0x39 ./drivers/USBH_midi_class/Src/usbh_MIDI.o
 .ARM.attributes
                0x0000008f       0x39 ./drivers/STM32_USB_Host_Library/Core/Src/usbh_core.o
 .ARM.attributes
                0x000000c8       0x39 ./drivers/STM32_USB_Host_Library/Core/Src/usbh_ctlreq.o
 .ARM.attributes
                0x00000101       0x39 ./drivers/STM32_USB_Host_Library/Core/Src/usbh_ioreq.o
 .ARM.attributes
                0x0000013a       0x39 ./drivers/STM32_USB_Host_Library/Core/Src/usbh_pipes.o
 .ARM.attributes
                0x00000173       0x39 ./drivers/STM32F4xx_HAL_Driver/Src/stm32f4xx_hal.o
 .ARM.attributes
                0x000001ac       0x39 ./drivers/STM32F4xx_HAL_Driver/Src/stm32f4xx_hal_cortex.o
 .ARM.attributes
                0x000001e5       0x39 ./drivers/STM32F4xx_HAL_Driver/Src/stm32f4xx_hal_dma.o
 .ARM.attributes
                0x0000021e       0x39 ./drivers/STM32F4xx_HAL_Driver/Src/stm32f4xx_hal_gpio.o
 .ARM.attributes
                0x00000257       0x39 ./drivers/STM32F4xx_HAL_Driver/Src/stm32f4xx_hal_hcd.o
 .ARM.attributes
                0x00000290       0x39 ./drivers/STM32F4xx_HAL_Driver/Src/stm32f4xx_hal_i2c.o
 .ARM.attributes