Archive member included because of file (symbol)

c:/program files (x86)/gnu tools arm embedded/4.8 2014q3/bin/../lib/gcc/arm-none-eabi/4.8.4/../../../../arm-none-eabi/lib/armv7e-m/fpu\libc.a(lib_a-exit.o)
                              c:/program files (x86)/gnu tools arm embedded/4.8 2014q3/bin/../lib/gcc/arm-none-eabi/4.8.4/../../../../arm-none-eabi/lib/armv7e-m/fpu/crt0.o (exit)
c:/program files (x86)/gnu tools arm embedded/4.8 2014q3/bin/../lib/gcc/arm-none-eabi/4.8.4/../../../../arm-none-eabi/lib/armv7e-m/fpu\libc.a(lib_a-impure.o)
                              c:/program files (x86)/gnu tools arm embedded/4.8 2014q3/bin/../lib/gcc/arm-none-eabi/4.8.4/../../../../arm-none-eabi/lib/armv7e-m/fpu\libc.a(lib_a-exit.o) (_global_impure_ptr)
c:/program files (x86)/gnu tools arm embedded/4.8 2014q3/bin/../lib/gcc/arm-none-eabi/4.8.4/../../../../arm-none-eabi/lib/armv7e-m/fpu\libc.a(lib_a-init.o)
                              c:/program files (x86)/gnu tools arm embedded/4.8 2014q3/bin/../lib/gcc/arm-none-eabi/4.8.4/../../../../arm-none-eabi/lib/armv7e-m/fpu/crt0.o (__libc_init_array)
c:/program files (x86)/gnu tools arm embedded/4.8 2014q3/bin/../lib/gcc/arm-none-eabi/4.8.4/../../../../arm-none-eabi/lib/armv7e-m/fpu\libc.a(lib_a-memset.o)
                              c:/program files (x86)/gnu tools arm embedded/4.8 2014q3/bin/../lib/gcc/arm-none-eabi/4.8.4/../../../../arm-none-eabi/lib/armv7e-m/fpu/crt0.o (memset)
c:/program files (x86)/gnu tools arm embedded/4.8 2014q3/bin/../lib/gcc/arm-none-eabi/4.8.4/../../../../arm-none-eabi/lib/armv7e-m/fpu\libc.a(lib_a-rand.o)
                              ./Synth/random.o (symbol from plugin) (srand)
c:/program files (x86)/gnu tools arm embedded/4.8 2014q3/bin/../lib/gcc/arm-none-eabi/4.8.4/../../../../arm-none-eabi/lib/armv7e-m/fpu\libc.a(lib_a-__call_atexit.o)
                              c:/program files (x86)/gnu tools arm embedded/4.8 2014q3/bin/../lib/gcc/arm-none-eabi/4.8.4/../../../../arm-none-eabi/lib/armv7e-m/fpu\libc.a(lib_a-exit.o) (__call_exitprocs)
c:/program files (x86)/gnu tools arm embedded/4.8 2014q3/bin/../lib/gcc/arm-none-eabi/4.8.4/../../../../arm-none-eabi/lib/armv7e-m/fpu\libc.a(lib_a-atexit.o)
                              c:/program files (x86)/gnu tools arm embedded/4.8 2014q3/bin/../lib/gcc/arm-none-eabi/4.8.4/../../../../arm-none-eabi/lib/armv7e-m/fpu\libc.a(lib_a-__call_atexit.o) (atexit)
c:/program files (x86)/gnu tools arm embedded/4.8 2014q3/bin/../lib/gcc/arm-none-eabi/4.8.4/../../../../arm-none-eabi/lib/armv7e-m/fpu\libc.a(lib_a-fini.o)
                              c:/program files (x86)/gnu tools arm embedded/4.8 2014q3/bin/../lib/gcc/arm-none-eabi/4.8.4/../../../../arm-none-eabi/lib/armv7e-m/fpu\libc.a(lib_a-__call_atexit.o) (__libc_fini_array)
c:/program files (x86)/gnu tools arm embedded/4.8 2014q3/bin/../lib/gcc/arm-none-eabi/4.8.4/../../../../arm-none-eabi/lib/armv7e-m/fpu\libc.a(lib_a-__atexit.o)
                              c:/program files (x86)/gnu tools arm embedded/4.8 2014q3/bin/../lib/gcc/arm-none-eabi/4.8.4/../../../../arm-none-eabi/lib/armv7e-m/fpu\libc.a(lib_a-atexit.o) (__register_exitproc)
c:/program files (x86)/gnu tools arm embedded/4.8 2014q3/bin/../lib/gcc/arm-none-eabi/4.8.4/../../../../arm-none-eabi/lib/armv7e-m/fpu\libnosys.a(_exit.o)
                              c:/program files (x86)/gnu tools arm embedded/4.8 2014q3/bin/../lib/gcc/arm-none-eabi/4.8.4/../../../../arm-none-eabi/lib/armv7e-m/fpu\libc.a(lib_a-exit.o) (_exit)
c:/program files (x86)/gnu tools arm embedded/4.8 2014q3/bin/../lib/gcc/arm-none-eabi/4.8.4/../../../../arm-none-eabi/lib/armv7e-m/fpu\libc.a(lib_a-malloc.o)
                              C:\Users\Gary\AppData\Local\Temp\ccpjkzHR.ltrans6.ltrans.o (malloc)
c:/program files (x86)/gnu tools arm embedded/4.8 2014q3/bin/../lib/gcc/arm-none-eabi/4.8.4/../../../../arm-none-eabi/lib/armv7e-m/fpu\libc.a(lib_a-mallocr.o)
                              c:/program files (x86)/gnu tools arm embedded/4.8 2014q3/bin/../lib/gcc/arm-none-eabi/4.8.4/../../../../arm-none-eabi/lib/armv7e-m/fpu\libc.a(lib_a-malloc.o) (_malloc_r)
c:/program files (x86)/gnu tools arm embedded/4.8 2014q3/bin/../lib/gcc/arm-none-eabi/4.8.4/../../../../arm-none-eabi/lib/armv7e-m/fpu\libc.a(lib_a-memcpy.o)
                              C:\Users\Gary\AppData\Local\Temp\ccpjkzHR.ltrans1.ltrans.o (memcpy)
c:/program files (x86)/gnu tools arm embedded/4.8 2014q3/bin/../lib/gcc/arm-none-eabi/4.8.4/../../../../arm-none-eabi/lib/armv7e-m/fpu\libc.a(lib_a-mlock.o)
                              c:/program files (x86)/gnu tools arm embedded/4.8 2014q3/bin/../lib/gcc/arm-none-eabi/4.8.4/../../../../arm-none-eabi/lib/armv7e-m/fpu\libc.a(lib_a-mallocr.o) (__malloc_lock)
c:/program files (x86)/gnu tools arm embedded/4.8 2014q3/bin/../lib/gcc/arm-none-eabi/4.8.4/../../../../arm-none-eabi/lib/armv7e-m/fpu\libc.a(lib_a-sbrkr.o)
[...]
Memory Configuration

Name             Origin             Length             Attributes
FLASH            0x08000000         0x00100000         xr
RAM              0x20000000         0x00020000         xrw
CCMRAM           0x10000000         0x00010000         rw
*default*        0x00000000         0xffffffff

Linker script and memory map

LOAD c:/program files (x86)/gnu tools arm embedded/4.8 2014q3/bin/../lib/gcc/arm-none-eabi/4.8.4/armv7e-m/fpu/crti.o
LOAD c:/program files (x86)/gnu tools arm embedded/4.8 2014q3/bin/../lib/gcc/arm-none-eabi/4.8.4/armv7e-m/fpu/crtbegin.o
LOAD c:/program files (x86)/gnu tools arm embedded/4.8 2014q3/bin/../lib/gcc/arm-none-eabi/4.8.4/../../../../arm-none-eabi/lib/armv7e-m/fpu/crt0.o
LOAD ./drivers/USBH_midi_class/Src/usbh_MIDI.o
LOAD C:\Users\Gary\AppData\Local\Temp\ccpjkzHR.ltrans0.ltrans.o
LOAD C:\Users\Gary\AppData\Local\Temp\ccpjkzHR.ltrans1.ltrans.o
LOAD C:\Users\Gary\AppData\Local\Temp\ccpjkzHR.ltrans2.ltrans.o
LOAD C:\Users\Gary\AppData\Local\Temp\ccpjkzHR.ltrans3.ltrans.o
LOAD C:\Users\Gary\AppData\Local\Temp\ccpjkzHR.ltrans4.ltrans.o
LOAD C:\Users\Gary\AppData\Local\Temp\ccpjkzHR.ltrans5.ltrans.o
LOAD C:\Users\Gary\AppData\Local\Temp\ccpjkzHR.ltrans6.ltrans.o
LOAD C:\Users\Gary\AppData\Local\Temp\ccpjkzHR.ltrans7.ltrans.o
LOAD C:\Users\Gary\AppData\Local\Temp\ccpjkzHR.ltrans8.ltrans.o
LOAD C:\Users\Gary\AppData\Local\Temp\ccpjkzHR.ltrans9.ltrans.o
LOAD C:\Users\Gary\AppData\Local\Temp\ccpjkzHR.ltrans10.ltrans.o
LOAD C:\Users\Gary\AppData\Local\Temp\ccpjkzHR.ltrans11.ltrans.o
LOAD C:\Users\Gary\AppData\Local\Temp\ccpjkzHR.ltrans12.ltrans.o
LOAD C:\Users\Gary\AppData\Local\Temp\ccpjkzHR.ltrans13.ltrans.o
LOAD C:\Users\Gary\AppData\Local\Temp\ccpjkzHR.ltrans14.ltrans.o
LOAD C:\Users\Gary\AppData\Local\Temp\ccpjkzHR.ltrans15.ltrans.o
LOAD C:\Users\Gary\AppData\Local\Temp\ccpjkzHR.ltrans16.ltrans.o
LOAD C:\Users\Gary\AppData\Local\Temp\ccpjkzHR.ltrans17.ltrans.o
LOAD C:\Users\Gary\AppData\Local\Temp\ccpjkzHR.ltrans18.ltrans.o
LOAD c:/program files (x86)/gnu tools arm embedded/4.8 2014q3/bin/../lib/gcc/arm-none-eabi/4.8.4/armv7e-m/fpu\libgcc.a
LOAD c:/program files (x86)/gnu tools arm embedded/4.8 2014q3/bin/../lib/gcc/arm-none-eabi/4.8.4/../../../../arm-none-eabi/lib/armv7e-m/fpu\libc.a
LOAD c:/program files (x86)/gnu tools arm embedded/4.8 2014q3/bin/../lib/gcc/arm-none-eabi/4.8.4/armv7e-m/fpu\libgcc.a
LOAD c:/program files (x86)/gnu tools arm embedded/4.8 2014q3/bin/../lib/gcc/arm-none-eabi/4.8.4/../../../../arm-none-eabi/lib/armv7e-m/fpu\libc.a
LOAD c:/program files (x86)/gnu tools arm embedded/4.8 2014q3/bin/../lib/gcc/arm-none-eabi/4.8.4/../../../../arm-none-eabi/lib/armv7e-m/fpu\libnosys.a
LOAD ./drivers/STM32_USB_Host_Library/Core/Src/usbh_core.o
LOAD ./drivers/STM32_USB_Host_Library/Core/Src/usbh_ctlreq.o
LOAD ./drivers/STM32_USB_Host_Library/Core/Src/usbh_ioreq.o
LOAD ./drivers/STM32_USB_Host_Library/Core/Src/usbh_pipes.o
LOAD ./drivers/STM32F4xx_HAL_Driver/Src/stm32f4xx_hal.o
LOAD ./drivers/STM32F4xx_HAL_Driver/Src/stm32f4xx_hal_adc.o
LOAD ./drivers/STM32F4xx_HAL_Driver/Src/stm32f4xx_hal_adc_ex.o
LOAD ./drivers/STM32F4xx_HAL_Driver/Src/stm32f4xx_hal_can.o
LOAD ./drivers/STM32F4xx_HAL_Driver/Src/stm32f4xx_hal_cortex.o
LOAD ./drivers/STM32F4xx_HAL_Driver/Src/stm32f4xx_hal_crc.o
LOAD ./drivers/STM32F4xx_HAL_Driver/Src/stm32f4xx_hal_cryp.o
LOAD ./drivers/STM32F4xx_HAL_Driver/Src/stm32f4xx_hal_cryp_ex.o
LOAD ./drivers/STM32F4xx_HAL_Driver/Src/stm32f4xx_hal_dac.o
LOAD ./drivers/STM32F4xx_HAL_Driver/Src/stm32f4xx_hal_dac_ex.o
LOAD ./drivers/STM32F4xx_HAL_Driver/Src/stm32f4xx_hal_dcmi.o
LOAD ./drivers/STM32F4xx_HAL_Driver/Src/stm32f4xx_hal_dma.o
LOAD ./drivers/STM32F4xx_HAL_Driver/Src/stm32f4xx_hal_dma2d.o
LOAD ./drivers/STM32F4xx_HAL_Driver/Src/stm32f4xx_hal_dma_ex.o
LOAD ./drivers/STM32F4xx_HAL_Driver/Src/stm32f4xx_hal_eth.o
LOAD ./drivers/STM32F4xx_HAL_Driver/Src/stm32f4xx_hal_flash.o
LOAD ./drivers/STM32F4xx_HAL_Driver/Src/stm32f4xx_hal_flash_ex.o
LOAD ./drivers/STM32F4xx_HAL_Driver/Src/stm32f4xx_hal_flash_ramfunc.o
LOAD ./drivers/STM32F4xx_HAL_Driver/Src/stm32f4xx_hal_gpio.o
LOAD ./drivers/STM32F4xx_HAL_Driver/Src/stm32f4xx_hal_hash.o
LOAD ./drivers/STM32F4xx_HAL_Driver/Src/stm32f4xx_hal_hash_ex.o
LOAD ./drivers/STM32F4xx_HAL_Driver/Src/stm32f4xx_hal_hcd.o
LOAD ./drivers/STM32F4xx_HAL_Driver/Src/stm32f4xx_hal_i2c.o
LOAD ./drivers/STM32F4xx_HAL_Driver/Src/stm32f4xx_hal_i2c_ex.o
LOAD ./drivers/STM32F4xx_HAL_Driver/Src/stm32f4xx_hal_i2s.o
LOAD ./drivers/STM32F4xx_HAL_Driver/Src/stm32f4xx_hal_i2s_ex.o
LOAD ./drivers/STM32F4xx_HAL_Driver/Src/stm32f4xx_hal_irda.o
LOAD ./drivers/STM32F4xx_HAL_Driver/Src/stm32f4xx_hal_iwdg.o
LOAD ./drivers/STM32F4xx_HAL_Driver/Src/stm32f4xx_hal_ltdc.o
LOAD ./drivers/STM32F4xx_HAL_Driver/Src/stm32f4xx_hal_msp_template.o
LOAD ./drivers/STM32F4xx_HAL_Driver/Src/stm32f4xx_hal_nand.o
LOAD ./drivers/STM32F4xx_HAL_Driver/Src/stm32f4xx_hal_nor.o
LOAD ./drivers/STM32F4xx_HAL_Driver/Src/stm32f4xx_hal_pccard.o
LOAD ./drivers/STM32F4xx_HAL_Driver/Src/stm32f4xx_hal_pcd.o
LOAD ./drivers/STM32F4xx_HAL_Driver/Src/stm32f4xx_hal_pcd_ex.o
LOAD ./drivers/STM32F4xx_HAL_Driver/Src/stm32f4xx_hal_pwr.o
LOAD ./drivers/STM32F4xx_HAL_Driver/Src/stm32f4xx_hal_pwr_ex.o
LOAD ./drivers/STM32F4xx_HAL_Driver/Src/stm32f4xx_hal_rcc.o
LOAD ./drivers/STM32F4xx_HAL_Driver/Src/stm32f4xx_hal_rcc_ex.o
LOAD ./drivers/STM32F4xx_HAL_Driver/Src/stm32f4xx_hal_rng.o
LOAD ./drivers/STM32F4xx_HAL_Driver/Src/stm32f4xx_hal_rtc.o
LOAD ./drivers/STM32F4xx_HAL_Driver/Src/stm32f4xx_hal_rtc_ex.o
LOAD ./drivers/STM32F4xx_HAL_Driver/Src/stm32f4xx_hal_sai.o
LOAD ./drivers/STM32F4xx_HAL_Driver/Src/stm32f4xx_hal_sd.o
LOAD ./drivers/STM32F4xx_HAL_Driver/Src/stm32f4xx_hal_sdram.o
LOAD ./drivers/STM32F4xx_HAL_Driver/Src/stm32f4xx_hal_smartcard.o
LOAD ./drivers/STM32F4xx_HAL_Driver/Src/stm32f4xx_hal_spi.o
LOAD ./drivers/STM32F4xx_HAL_Driver/Src/stm32f4xx_hal_sram.o
LOAD ./drivers/STM32F4xx_HAL_Driver/Src/stm32f4xx_hal_tim.o
LOAD ./drivers/STM32F4xx_HAL_Driver/Src/stm32f4xx_hal_tim_ex.o
LOAD ./drivers/STM32F4xx_HAL_Driver/Src/stm32f4xx_hal_uart.o
LOAD ./drivers/STM32F4xx_HAL_Driver/Src/stm32f4xx_hal_usart.o
LOAD ./drivers/STM32F4xx_HAL_Driver/Src/stm32f4xx_hal_wwdg.o
LOAD ./drivers/STM32F4xx_HAL_Driver/Src/stm32f4xx_ll_fmc.o
LOAD ./drivers/STM32F4xx_HAL_Driver/Src/stm32f4xx_ll_fsmc.o
LOAD ./drivers/STM32F4xx_HAL_Driver/Src/stm32f4xx_ll_sdmmc.o
LOAD ./drivers/STM32F4xx_HAL_Driver/Src/stm32f4xx_ll_usb.o
LOAD ./drivers/BSP/cs43l22.o
LOAD ./drivers/BSP/lis302dl.o
LOAD ./drivers/BSP/lis3dsh.o
LOAD ./drivers/BSP/stm32f4_discovery.o
LOAD ./drivers/BSP/stm32f4_discovery_accelerometer.o
LOAD ./drivers/BSP/stm32f4_discovery_audio.o
LOAD ./Synth/MIDI_application.o
LOAD ./Synth/adsr.o
LOAD ./Synth/audio_conf.o
LOAD ./Synth/blepvco.o
LOAD ./Synth/chorusFD.o
LOAD ./Synth/delay.o
LOAD ./Synth/drifter.o
LOAD ./Synth/main.o
LOAD ./Synth/math_tools.o
LOAD ./Synth/minblep_tables.o
LOAD ./Synth/notesTables.o
LOAD ./Synth/oscillators.o
LOAD ./Synth/phaser.o
LOAD ./Synth/random.o
LOAD ./Synth/resonantFilter.o
LOAD ./Synth/sequencer.o
LOAD ./Synth/sinetable.o
LOAD ./Synth/soundGen.o
LOAD ./Synth/startup_stm32f407xx.o
LOAD ./Synth/stm32f4xx_it.o
LOAD ./Synth/system_stm32f4xx.o
LOAD ./Synth/timers.o
LOAD ./Synth/usbh_conf.o
LOAD c:/program files (x86)/gnu tools arm embedded/4.8 2014q3/bin/../lib/gcc/arm-none-eabi/4.8.4/../../../../arm-none-eabi/lib/armv7e-m/fpu\libm.a
LOAD c:/program files (x86)/gnu tools arm embedded/4.8 2014q3/bin/../lib/gcc/arm-none-eabi/4.8.4/../../../../arm-none-eabi/lib/armv7e-m/fpu\libc.a
LOAD c:/program files (x86)/gnu tools arm embedded/4.8 2014q3/bin/../lib/gcc/arm-none-eabi/4.8.4/../../../../arm-none-eabi/lib/armv7e-m/fpu\libg.a
START GROUP
LOAD c:/program files (x86)/gnu tools arm embedded/4.8 2014q3/bin/../lib/gcc/arm-none-eabi/4.8.4/armv7e-m/fpu\libgcc.a
LOAD c:/program files (x86)/gnu tools arm embedded/4.8 2014q3/bin/../lib/gcc/arm-none-eabi/4.8.4/../../../../arm-none-eabi/lib/armv7e-m/fpu\libc.a
END GROUP
START GROUP
LOAD c:/program files (x86)/gnu tools arm embedded/4.8 2014q3/bin/../lib/gcc/arm-none-eabi/4.8.4/armv7e-m/fpu\libgcc.a
LOAD c:/program files (x86)/gnu tools arm embedded/4.8 2014q3/bin/../lib/gcc/arm-none-eabi/4.8.4/../../../../arm-none-eabi/lib/armv7e-m/fpu\libc.a
LOAD c:/program files (x86)/gnu tools arm embedded/4.8 2014q3/bin/../lib/gcc/arm-none-eabi/4.8.4/../../../../arm-none-eabi/lib/armv7e-m/fpu\libnosys.a
END GROUP
LOAD c:/program files (x86)/gnu tools arm embedded/4.8 2014q3/bin/../lib/gcc/arm-none-eabi/4.8.4/armv7e-m/fpu/crtend.o
LOAD c:/program files (x86)/gnu tools arm embedded/4.8 2014q3/bin/../lib/gcc/arm-none-eabi/4.8.4/armv7e-m/fpu/crtn.o
                0x2001ffff                _estack = 0x2001ffff
                0x00001000                _Min_Heap_Size = 0x1000
                0x00001000                _Min_Stack_Size = 0x1000

.isr_vector     0x08000000      0x188
                0x08000000                . = ALIGN (0x4)
 *(.isr_vector)
 .isr_vector    0x08000000      0x188 ./Synth/startup_stm32f407xx.o
                0x08000000                g_pfnVectors
                0x08000188                . = ALIGN (0x4)

.text           0x08000188    0x10324
                0x08000188                . = ALIGN (0x4)
 *(.text)
 .text          0x08000188       0x54 c:/program files (x86)/gnu tools arm embedded/4.8 2014q3/bin/../lib/gcc/arm-none-eabi/4.8.4/armv7e-m/fpu/crtbegin.o
 .text          0x080001dc      0x134 c:/program files (x86)/gnu tools arm embedded/4.8 2014q3/bin/../lib/gcc/arm-none-eabi/4.8.4/../../../../arm-none-eabi/lib/armv7e-m/fpu\libc.a(lib_a-memcpy.o)
                0x080001dc                memcpy
 .text          0x08000310      0x370 c:/program files (x86)/gnu tools arm embedded/4.8 2014q3/bin/../lib/gcc/arm-none-eabi/4.8.4/armv7e-m/fpu\libgcc.a(_arm_addsubdf3.o)
                0x08000310                __aeabi_drsub
                0x08000318                __aeabi_dsub
                0x08000318                __subdf3
                0x0800031c                __aeabi_dadd
                0x0800031c                __adddf3
                0x08000594                __floatunsidf
                0x08000594                __aeabi_ui2d
                0x080005b4                __floatsidf
                0x080005b4                __aeabi_i2d
                0x080005d8                __aeabi_f2d
                0x080005d8                __extendsfdf2
                0x08000614                __floatundidf
                0x08000614                __aeabi_ul2d
                0x08000624                __floatdidf
                0x08000624                __aeabi_l2d
 .text          0x08000680      0x424 c:/program files (x86)/gnu tools arm embedded/4.8 2014q3/bin/../lib/gcc/arm-none-eabi/4.8.4/armv7e-m/fpu\libgcc.a(_arm_muldivdf3.o)
                0x08000680                __aeabi_dmul
                0x08000680                __muldf3
                0x080008d4                __divdf3
                0x080008d4                __aeabi_ddiv
 .text          0x08000aa4      0x110 c:/program files (x86)/gnu tools arm embedded/4.8 2014q3/bin/../lib/gcc/arm-none-eabi/4.8.4/armv7e-m/fpu\libgcc.a(_arm_cmpdf2.o)
                0x08000aa4                __gtdf2
                0x08000aa4                __gedf2
                0x08000aac                __ltdf2
                0x08000aac                __ledf2
                0x08000ab4                __nedf2
                0x08000ab4                __eqdf2
                0x08000ab4                __cmpdf2
                0x08000b30                __aeabi_cdrcmple
                0x08000b40                __aeabi_cdcmpeq
                0x08000b40                __aeabi_cdcmple
                0x08000b50                __aeabi_dcmpeq
                0x08000b64                __aeabi_dcmplt
                0x08000b78                __aeabi_dcmple
                0x08000b8c                __aeabi_dcmpge
                0x08000ba0                __aeabi_dcmpgt
 .text          0x08000bb4       0xa0 c:/program files (x86)/gnu tools arm embedded/4.8 2014q3/bin/../lib/gcc/arm-none-eabi/4.8.4/armv7e-m/fpu\libgcc.a(_arm_truncdfsf2.o)
                0x08000bb4                __truncdfsf2
                0x08000bb4                __aeabi_d2f
 *(.text*)
 .text.startup.main
                0x08000c54     0x1ac0 C:\Users\Gary\AppData\Local\Temp\ccpjkzHR.ltrans0.ltrans.o
                0x08000c54                main
 .text.make_sound.constprop.24
                0x08002714     0x3934 C:\Users\Gary\AppData\Local\Temp\ccpjkzHR.ltrans1.ltrans.o
                0x08002714                make_sound.constprop.24
 .text.USBH_MIDI_Process.4183
                0x08006048     0x1878 C:\Users\Gary\AppData\Local\Temp\ccpjkzHR.ltrans2.ltrans.o
                0x08006048                USBH_MIDI_Process.4183
 .text.USBH_MIDI_SOFProcess.4143
                0x080078c0        0x4 C:\Users\Gary\AppData\Local\Temp\ccpjkzHR.ltrans3.ltrans.o
                0x080078c0                USBH_MIDI_SOFProcess.4143
 .text.USBH_MIDI_ClassRequest.4018
                0x080078c4       0x10 C:\Users\Gary\AppData\Local\Temp\ccpjkzHR.ltrans3.ltrans.o
                0x080078c4                USBH_MIDI_ClassRequest.4018
 .text.HAL_DMA_IRQHandler
                0x080078d4      0x978 C:\Users\Gary\AppData\Local\Temp\ccpjkzHR.ltrans3.ltrans.o
                0x080078d4                HAL_DMA_IRQHandler
 .text.cs43l22_Init
                0x0800824c      0x7dc C:\Users\Gary\AppData\Local\Temp\ccpjkzHR.ltrans4.ltrans.o
                0x0800824c                cs43l22_Init
 .text.cs43l22_ReadID
                0x08008a28      0x250 C:\Users\Gary\AppData\Local\Temp\ccpjkzHR.ltrans5.ltrans.o
                0x08008a28                cs43l22_ReadID
 .text.USBH_UserProcess_callback.10890
                0x08008c78       0x6c C:\Users\Gary\AppData\Local\Temp\ccpjkzHR.ltrans6.ltrans.o
                0x08008c78                USBH_UserProcess_callback.10890
 .text.USBH_MIDI_InterfaceInit.4149
                0x08008ce4      0x520 C:\Users\Gary\AppData\Local\Temp\ccpjkzHR.ltrans6.ltrans.o
                0x08008ce4                USBH_MIDI_InterfaceInit.4149
 .text.I2Cx_Init.9447
                0x08009204      0x20c C:\Users\Gary\AppData\Local\Temp\ccpjkzHR.ltrans6.ltrans.o
                0x08009204                I2Cx_Init.9447
 .text.SVF_calcSample
                0x08009410      0x244 C:\Users\Gary\AppData\Local\Temp\ccpjkzHR.ltrans6.ltrans.o
                0x08009410                SVF_calcSample
 .text.seq_sequence_new
                0x08009654       0xbc C:\Users\Gary\AppData\Local\Temp\ccpjkzHR.ltrans6.ltrans.o
                0x08009654                seq_sequence_new
 .text.HAL_Delay
                0x08009710       0x1c C:\Users\Gary\AppData\Local\Temp\ccpjkzHR.ltrans6.ltrans.o
                0x08009710                HAL_Delay
 .text.I2C_WaitOnFlagUntilTimeout.6146.constprop.52
                0x0800972c       0x5c C:\Users\Gary\AppData\Local\Temp\ccpjkzHR.ltrans6.ltrans.o
                0x0800972c                I2C_WaitOnFlagUntilTimeout.6146.constprop.52
 .text.TIM4_IRQHandler
                0x08009788        0x4 C:\Users\Gary\AppData\Local\Temp\ccpjkzHR.ltrans7.ltrans.o
                0x08009788                TIM4_IRQHandler
 .text.DMA1_Stream3_IRQHandler
                0x0800978c        0x8 C:\Users\Gary\AppData\Local\Temp\ccpjkzHR.ltrans7.ltrans.o
                0x0800978c                DMA1_Stream3_IRQHandler
 .text.DMA1_Stream7_IRQHandler
                0x08009794        0xc C:\Users\Gary\AppData\Local\Temp\ccpjkzHR.ltrans7.ltrans.o
                0x08009794                DMA1_Stream7_IRQHandler
 .text.EXTI1_IRQHandler
                0x080097a0       0x14 C:\Users\Gary\AppData\Local\Temp\ccpjkzHR.ltrans7.ltrans.o
                0x080097a0                EXTI1_IRQHandler
 .text.EXTI0_IRQHandler
                0x080097b4       0x14 C:\Users\Gary\AppData\Local\Temp\ccpjkzHR.ltrans7.ltrans.o
                0x080097b4                EXTI0_IRQHandler
 .text.SysTick_Handler
                0x080097c8       0xf0 C:\Users\Gary\AppData\Local\Temp\ccpjkzHR.ltrans7.ltrans.o
                0x080097c8                SysTick_Handler
 .text.OTG_FS_IRQHandler
                0x080098b8      0x96c C:\Users\Gary\AppData\Local\Temp\ccpjkzHR.ltrans7.ltrans.o
                0x080098b8                OTG_FS_IRQHandler
 .text.MagicPatch.part.2.10093
                0x0800a224      0xc50 C:\Users\Gary\AppData\Local\Temp\ccpjkzHR.ltrans8.ltrans.o
                0x0800a224                MagicPatch.part.2.10093
 .text.I2C_RequestMemoryWrite.6178.constprop.49
                0x0800ae74      0x108 C:\Users\Gary\AppData\Local\Temp\ccpjkzHR.ltrans9.ltrans.o
                0x0800ae74                I2C_RequestMemoryWrite.6178.constprop.49
 .text.cs43l22_SetMute
                0x0800af7c       0xe4 C:\Users\Gary\AppData\Local\Temp\ccpjkzHR.ltrans9.ltrans.o
                0x0800af7c                cs43l22_SetMute
 .text.cs43l22_Pause
                0x0800b060      0x104 C:\Users\Gary\AppData\Local\Temp\ccpjkzHR.ltrans9.ltrans.o
                0x0800b060                cs43l22_Pause
 .text.cs43l22_SetVolume
                0x0800b164      0x204 C:\Users\Gary\AppData\Local\Temp\ccpjkzHR.ltrans9.ltrans.o
                0x0800b164                cs43l22_SetVolume
 .text.Synth_Init
                0x0800b368      0x670 C:\Users\Gary\AppData\Local\Temp\ccpjkzHR.ltrans10.ltrans.o
                0x0800b368                Synth_Init
 .text.MagicFX.part.1.10091
                0x0800b9d8      0x418 C:\Users\Gary\AppData\Local\Temp\ccpjkzHR.ltrans10.ltrans.o
                0x0800b9d8                MagicFX.part.1.10091
 .text.HAL_I2C_Mem_Write.part.16.6261.constprop.46
                0x0800bdf0       0xc4 C:\Users\Gary\AppData\Local\Temp\ccpjkzHR.ltrans10.ltrans.o
                0x0800bdf0                HAL_I2C_Mem_Write.part.16.6261.constprop.46
 .text.cs43l22_SetOutputMode
                0x0800beb4      0x2ac C:\Users\Gary\AppData\Local\Temp\ccpjkzHR.ltrans11.ltrans.o
                0x0800beb4                cs43l22_SetOutputMode
 .text.cs43l22_Play
                0x0800c160      0x124 C:\Users\Gary\AppData\Local\Temp\ccpjkzHR.ltrans11.ltrans.o
                0x0800c160                cs43l22_Play
 .text.cs43l22_Resume
                0x0800c284      0x1a8 C:\Users\Gary\AppData\Local\Temp\ccpjkzHR.ltrans11.ltrans.o
                0x0800c284                cs43l22_Resume
 .text.cs43l22_Stop
                0x0800c42c      0x110 C:\Users\Gary\AppData\Local\Temp\ccpjkzHR.ltrans11.ltrans.o
                0x0800c42c                cs43l22_Stop
 .text.USB_StopHost
                0x0800c53c      0x17c C:\Users\Gary\AppData\Local\Temp\ccpjkzHR.ltrans12.ltrans.o
                0x0800c53c                USB_StopHost
 .text.USBH_LL_Stop
                0x0800c6b8       0x24 C:\Users\Gary\AppData\Local\Temp\ccpjkzHR.ltrans12.ltrans.o
                0x0800c6b8                USBH_LL_Stop
 .text.USB_HC_StartXfer
                0x0800c6dc      0x2c0 C:\Users\Gary\AppData\Local\Temp\ccpjkzHR.ltrans12.ltrans.o
                0x0800c6dc                USB_HC_StartXfer
 .text.USBH_Get_DevDesc.constprop.95
                0x0800c99c      0x464 C:\Users\Gary\AppData\Local\Temp\ccpjkzHR.ltrans12.ltrans.o
                0x0800c99c                USBH_Get_DevDesc.constprop.95
 .text.USBH_Get_StringDesc.constprop.100
                0x0800ce00      0x400 C:\Users\Gary\AppData\Local\Temp\ccpjkzHR.ltrans13.ltrans.o
                0x0800ce00                USBH_Get_StringDesc.constprop.100
 .text.USBH_CtlReq
                0x0800d200      0x3b4 C:\Users\Gary\AppData\Local\Temp\ccpjkzHR.ltrans14.ltrans.o
                0x0800d200                USBH_CtlReq
 .text.I2S_DMAError
                0x0800d5b4       0x30 C:\Users\Gary\AppData\Local\Temp\ccpjkzHR.ltrans15.ltrans.o
                0x0800d5b4                I2S_DMAError
 .text.cs43l22_SetFrequency
                0x0800d5e4        0x4 C:\Users\Gary\AppData\Local\Temp\ccpjkzHR.ltrans15.ltrans.o
                0x0800d5e4                cs43l22_SetFrequency
 .text.delay_read.4201
                0x0800d5e8      0x138 C:\Users\Gary\AppData\Local\Temp\ccpjkzHR.ltrans15.ltrans.o
 .text.HAL_GPIO_Init
                0x0800d720      0x248 C:\Users\Gary\AppData\Local\Temp\ccpjkzHR.ltrans15.ltrans.o
                0x0800d720                HAL_GPIO_Init
 .text.HAL_GPIO_Init.constprop.89
                0x0800d968       0x7c C:\Users\Gary\AppData\Local\Temp\ccpjkzHR.ltrans15.ltrans.o
                0x0800d968                HAL_GPIO_Init.constprop.89
 .text.BSP_LED_Init
                0x0800d9e4       0x58 C:\Users\Gary\AppData\Local\Temp\ccpjkzHR.ltrans15.ltrans.o
                0x0800d9e4                BSP_LED_Init
 .text.HAL_NVIC_SetPriority.constprop.87
                0x0800da3c       0x68 C:\Users\Gary\AppData\Local\Temp\ccpjkzHR.ltrans15.ltrans.o
                0x0800da3c                HAL_NVIC_SetPriority.constprop.87
 .text.mono_chorus_compute
                0x0800daa4      0x14c C:\Users\Gary\AppData\Local\Temp\ccpjkzHR.ltrans15.ltrans.o
                0x0800daa4                mono_chorus_compute
 .text.unlikely.USB_CoreReset.8759
                0x0800dbf0       0x30 C:\Users\Gary\AppData\Local\Temp\ccpjkzHR.ltrans15.ltrans.o
                0x0800dbf0                USB_CoreReset.8759
 .text.HAL_RCC_GetHCLKFreq
                0x0800dc20       0xbc C:\Users\Gary\AppData\Local\Temp\ccpjkzHR.ltrans15.ltrans.o
                0x0800dc20                HAL_RCC_GetHCLKFreq
 .text.HAL_InitTick.constprop.73
                0x0800dcdc       0x44 C:\Users\Gary\AppData\Local\Temp\ccpjkzHR.ltrans15.ltrans.o
                0x0800dcdc                HAL_InitTick.constprop.73
 .text.I2S_DMATxCplt
                0x0800dd20       0x88 C:\Users\Gary\AppData\Local\Temp\ccpjkzHR.ltrans16.ltrans.o
                0x0800dd20                I2S_DMATxCplt
 .text.I2S_DMATxHalfCplt
                0x0800dda8       0x30 C:\Users\Gary\AppData\Local\Temp\ccpjkzHR.ltrans16.ltrans.o
                0x0800dda8                I2S_DMATxHalfCplt
 .text.USB_DoPing
                0x0800ddd8       0x80 C:\Users\Gary\AppData\Local\Temp\ccpjkzHR.ltrans16.ltrans.o
                0x0800ddd8                USB_DoPing
 .text.USB_HC_Halt
                0x0800de58      0x1e4 C:\Users\Gary\AppData\Local\Temp\ccpjkzHR.ltrans16.ltrans.o
                0x0800de58                USB_HC_Halt
 .text.USBH_MIDI_InterfaceDeInit.4146
                0x0800e03c       0xa8 C:\Users\Gary\AppData\Local\Temp\ccpjkzHR.ltrans16.ltrans.o
                0x0800e03c                USBH_MIDI_InterfaceDeInit.4146
 .text.USB_HC_ReadInterrupt
                0x0800e0e4       0x20 C:\Users\Gary\AppData\Local\Temp\ccpjkzHR.ltrans16.ltrans.o
                0x0800e0e4                USB_HC_ReadInterrupt
 .text.PendSV_Handler
                0x0800e104        0x4 C:\Users\Gary\AppData\Local\Temp\ccpjkzHR.ltrans17.ltrans.o
                0x0800e104                PendSV_Handler
 .text.DebugMon_Handler
                0x0800e108        0x4 C:\Users\Gary\AppData\Local\Temp\ccpjkzHR.ltrans17.ltrans.o
                0x0800e108                DebugMon_Handler
 .text.SVC_Handler
                0x0800e10c        0x4 C:\Users\Gary\AppData\Local\Temp\ccpjkzHR.ltrans17.ltrans.o
                0x0800e10c                SVC_Handler
 .text.UsageFault_Handler
                0x0800e110        0x4 C:\Users\Gary\AppData\Local\Temp\ccpjkzHR.ltrans17.ltrans.o
                0x0800e110                UsageFault_Handler
 .text.BusFault_Handler
                0x0800e114        0x4 C:\Users\Gary\AppData\Local\Temp\ccpjkzHR.ltrans17.ltrans.o
                0x0800e114                BusFault_Handler
 .text.MemManage_Handler
                0x0800e118        0x4 C:\Users\Gary\AppData\Local\Temp\ccpjkzHR.ltrans17.ltrans.o
                0x0800e118                MemManage_Handler
 .text.HardFault_Handler
                0x0800e11c        0x4 C:\Users\Gary\AppData\Local\Temp\ccpjkzHR.ltrans17.ltrans.o
                0x0800e11c                HardFault_Handler
 .text.NMI_Handler
                0x0800e120        0x4 C:\Users\Gary\AppData\Local\Temp\ccpjkzHR.ltrans17.ltrans.o
                0x0800e120                NMI_Handler
 .text.SystemInit
                0x0800e124       0x50 C:\Users\Gary\AppData\Local\Temp\ccpjkzHR.ltrans18.ltrans.o
                0x0800e124                SystemInit
 .text.malloc   0x0800e174       0x10 c:/program files (x86)/gnu tools arm embedded/4.8 2014q3/bin/../lib/gcc/arm-none-eabi/4.8.4/../../../../arm-none-eabi/lib/armv7e-m/fpu\libc.a(lib_a-malloc.o)
                0x0800e174                malloc
 .text.free     0x0800e184       0x10 c:/program files (x86)/gnu tools arm embedded/4.8 2014q3/bin/../lib/gcc/arm-none-eabi/4.8.4/../../../../arm-none-eabi/lib/armv7e-m/fpu\libc.a(lib_a-malloc.o)
                0x0800e184                free
 .text._malloc_r
                0x0800e194      0x538 c:/program files (x86)/gnu tools arm embedded/4.8 2014q3/bin/../lib/gcc/arm-none-eabi/4.8.4/../../../../arm-none-eabi/lib/armv7e-m/fpu\libc.a(lib_a-mallocr.o)
                0x0800e194                _malloc_r
 .text.__malloc_lock
                0x0800e6cc        0x4 c:/program files (x86)/gnu tools arm embedded/4.8 2014q3/bin/../lib/gcc/arm-none-eabi/4.8.4/../../../../arm-none-eabi/lib/armv7e-m/fpu\libc.a(lib_a-mlock.o)
                0x0800e6cc                __malloc_lock
 .text.__malloc_unlock
                0x0800e6d0        0x4 c:/program files (x86)/gnu tools arm embedded/4.8 2014q3/bin/../lib/gcc/arm-none-eabi/4.8.4/../../../../arm-none-eabi/lib/armv7e-m/fpu\libc.a(lib_a-mlock.o)
                0x0800e6d0                __malloc_unlock
 .text._sbrk_r  0x0800e6d4       0x24 c:/program files (x86)/gnu tools arm embedded/4.8 2014q3/bin/../lib/gcc/arm-none-eabi/4.8.4/../../../../arm-none-eabi/lib/armv7e-m/fpu\libc.a(lib_a-sbrkr.o)
                0x0800e6d4                _sbrk_r
 .text._malloc_trim_r
                0x0800e6f8       0x9c c:/program files (x86)/gnu tools arm embedded/4.8 2014q3/bin/../lib/gcc/arm-none-eabi/4.8.4/../../../../arm-none-eabi/lib/armv7e-m/fpu\libc.a(lib_a-freer.o)
                0x0800e6f8                _malloc_trim_r
 .text._free_r  0x0800e794      0x19c c:/program files (x86)/gnu tools arm embedded/4.8 2014q3/bin/../lib/gcc/arm-none-eabi/4.8.4/../../../../arm-none-eabi/lib/armv7e-m/fpu\libc.a(lib_a-freer.o)
                0x0800e794                _free_r
 .text._sbrk    0x0800e930       0x34 c:/program files (x86)/gnu tools arm embedded/4.8 2014q3/bin/../lib/gcc/arm-none-eabi/4.8.4/../../../../arm-none-eabi/lib/armv7e-m/fpu\libnosys.a(sbrk.o)
                0x0800e930                _sbrk
 .text.Reset_Handler
                0x0800e964       0x58 ./Synth/startup_stm32f407xx.o
                0x0800e964                Reset_Handler
 .text.Default_Handler
                0x0800e9bc        0x4 ./Synth/startup_stm32f407xx.o
                0x0800e9bc                RTC_Alarm_IRQHandler
                0x0800e9bc                HASH_RNG_IRQHandler
                0x0800e9bc                EXTI2_IRQHandler
                0x0800e9bc                TIM8_CC_IRQHandler
                0x0800e9bc                TIM1_CC_IRQHandler
                0x0800e9bc                DMA2_Stream5_IRQHandler
                0x0800e9bc                DMA1_Stream5_IRQHandler
                0x0800e9bc                PVD_IRQHandler
                0x0800e9bc                SDIO_IRQHandler
                0x0800e9bc                TAMP_STAMP_IRQHandler
                0x0800e9bc                CAN2_RX1_IRQHandler
                0x0800e9bc                EXTI3_IRQHandler
                0x0800e9bc                TIM8_TRG_COM_TIM14_IRQHandler
                0x0800e9bc                TIM1_UP_TIM10_IRQHandler
                0x0800e9bc                TIM8_UP_TIM13_IRQHandler
                0x0800e9bc                I2C3_ER_IRQHandler
                0x0800e9bc                I2C2_EV_IRQHandler
                0x0800e9bc                DMA1_Stream2_IRQHandler
                0x0800e9bc                CAN1_RX0_IRQHandler
                0x0800e9bc                FPU_IRQHandler
                0x0800e9bc                OTG_HS_WKUP_IRQHandler
                0x0800e9bc                CAN2_SCE_IRQHandler
                0x0800e9bc                DMA2_Stream2_IRQHandler
                0x0800e9bc                SPI1_IRQHandler
                0x0800e9bc                TIM6_DAC_IRQHandler
                0x0800e9bc                TIM1_BRK_TIM9_IRQHandler
                0x0800e9bc                DCMI_IRQHandler
                0x0800e9bc                CAN2_RX0_IRQHandler
                0x0800e9bc                DMA2_Stream3_IRQHandler
                0x0800e9bc                USART6_IRQHandler
                0x0800e9bc                USART3_IRQHandler
                0x0800e9bc                CAN1_RX1_IRQHandler
                0x0800e9bc                UART5_IRQHandler
                0x0800e9bc                DMA2_Stream0_IRQHandler
                0x0800e9bc                I2C1_EV_IRQHandler
                0x0800e9bc                DMA1_Stream6_IRQHandler
                0x0800e9bc                DMA1_Stream1_IRQHandler
                0x0800e9bc                UART4_IRQHandler
                0x0800e9bc                TIM3_IRQHandler
                0x0800e9bc                RCC_IRQHandler
                0x0800e9bc                TIM8_BRK_TIM12_IRQHandler
                0x0800e9bc                Default_Handler
                0x0800e9bc                EXTI15_10_IRQHandler
                0x0800e9bc                ADC_IRQHandler
                0x0800e9bc                TIM7_IRQHandler
                0x0800e9bc                CAN2_TX_IRQHandler
                0x0800e9bc                TIM5_IRQHandler
                0x0800e9bc                DMA2_Stream7_IRQHandler
                0x0800e9bc                I2C3_EV_IRQHandler
                0x0800e9bc                EXTI9_5_IRQHandler
                0x0800e9bc                RTC_WKUP_IRQHandler
                0x0800e9bc                ETH_WKUP_IRQHandler
                0x0800e9bc                SPI2_IRQHandler
                0x0800e9bc                OTG_HS_EP1_IN_IRQHandler
                0x0800e9bc                DMA1_Stream0_IRQHandler
                0x0800e9bc                CAN1_TX_IRQHandler
                0x0800e9bc                EXTI4_IRQHandler
                0x0800e9bc                FSMC_IRQHandler
                0x0800e9bc                ETH_IRQHandler
                0x0800e9bc                OTG_HS_EP1_OUT_IRQHandler
                0x0800e9bc                WWDG_IRQHandler
                0x0800e9bc                TIM2_IRQHandler
                0x0800e9bc                OTG_FS_WKUP_IRQHandler
                0x0800e9bc                TIM1_TRG_COM_TIM11_IRQHandler
                0x0800e9bc                OTG_HS_IRQHandler
                0x0800e9bc                USART2_IRQHandler
                0x0800e9bc                I2C2_ER_IRQHandler
                0x0800e9bc                DMA2_Stream1_IRQHandler
                0x0800e9bc                CAN1_SCE_IRQHandler
                0x0800e9bc                FLASH_IRQHandler
                0x0800e9bc                DMA2_Stream4_IRQHandler
                0x0800e9bc                USART1_IRQHandler
                0x0800e9bc                SPI3_IRQHandler
                0x0800e9bc                DMA1_Stream4_IRQHandler
                0x0800e9bc                I2C1_ER_IRQHandler
                0x0800e9bc                DMA2_Stream6_IRQHandler
 .text.__libc_init_array
                0x0800e9c0       0x50 c:/program files (x86)/gnu tools arm embedded/4.8 2014q3/bin/../lib/gcc/arm-none-eabi/4.8.4/../../../../arm-none-eabi/lib/armv7e-m/fpu\libc.a(lib_a-init.o)
                0x0800e9c0                __libc_init_array
 .text.memset   0x0800ea10       0x94 c:/program files (x86)/gnu tools arm embedded/4.8 2014q3/bin/../lib/gcc/arm-none-eabi/4.8.4/../../../../arm-none-eabi/lib/armv7e-m/fpu\libc.a(lib_a-memset.o)
                0x0800ea10                memset
 .text.srand    0x0800eaa4       0x10 c:/program files (x86)/gnu tools arm embedded/4.8 2014q3/bin/../lib/gcc/arm-none-eabi/4.8.4/../../../../arm-none-eabi/lib/armv7e-m/fpu\libc.a(lib_a-rand.o)
                0x0800eaa4                srand
 .text.rand     0x0800eab4       0x40 c:/program files (x86)/gnu tools arm embedded/4.8 2014q3/bin/../lib/gcc/arm-none-eabi/4.8.4/../../../../arm-none-eabi/lib/armv7e-m/fpu\libc.a(lib_a-rand.o)
                0x0800eab4                rand
 .text.startup.register_fini
                0x0800eaf4       0x14 c:/program files (x86)/gnu tools arm embedded/4.8 2014q3/bin/../lib/gcc/arm-none-eabi/4.8.4/../../../../arm-none-eabi/lib/armv7e-m/fpu\libc.a(lib_a-__call_atexit.o)
 .text.atexit   0x0800eb08        0xc c:/program files (x86)/gnu tools arm embedded/4.8 2014q3/bin/../lib/gcc/arm-none-eabi/4.8.4/../../../../arm-none-eabi/lib/armv7e-m/fpu\libc.a(lib_a-atexit.o)
                0x0800eb08                atexit
 .text.__libc_fini_array
                0x0800eb14       0x30 c:/program files (x86)/gnu tools arm embedded/4.8 2014q3/bin/../lib/gcc/arm-none-eabi/4.8.4/../../../../arm-none-eabi/lib/armv7e-m/fpu\libc.a(lib_a-fini.o)
                0x0800eb14                __libc_fini_array
 .text.__register_exitproc
                0x0800eb44       0xa8 c:/program files (x86)/gnu tools arm embedded/4.8 2014q3/bin/../lib/gcc/arm-none-eabi/4.8.4/../../../../arm-none-eabi/lib/armv7e-m/fpu\libc.a(lib_a-__atexit.o)
                0x0800eb44                __register_exitproc
 .text.floorf   0x0800ebec       0xa0 c:/program files (x86)/gnu tools arm embedded/4.8 2014q3/bin/../lib/gcc/arm-none-eabi/4.8.4/../../../../arm-none-eabi/lib/armv7e-m/fpu\libm.a(lib_a-sf_floor.o)
                0x0800ebec                floorf
 .text.lrintf   0x0800ec8c       0x94 c:/program files (x86)/gnu tools arm embedded/4.8 2014q3/bin/../lib/gcc/arm-none-eabi/4.8.4/../../../../arm-none-eabi/lib/armv7e-m/fpu\libm.a(lib_a-sf_lrint.o)
                0x0800ec8c                lrintf
 .text.rintf    0x0800ed20       0xd0 c:/program files (x86)/gnu tools arm embedded/4.8 2014q3/bin/../lib/gcc/arm-none-eabi/4.8.4/../../../../arm-none-eabi/lib/armv7e-m/fpu\libm.a(lib_a-sf_rint.o)
                0x0800ed20                rintf
 .text.sinf     0x0800edf0       0x7c c:/program files (x86)/gnu tools arm embedded/4.8 2014q3/bin/../lib/gcc/arm-none-eabi/4.8.4/../../../../arm-none-eabi/lib/armv7e-m/fpu\libm.a(lib_a-sf_sin.o)
                0x0800edf0                sinf
 .text.powf     0x0800ee6c      0x348 c:/program files (x86)/gnu tools arm embedded/4.8 2014q3/bin/../lib/gcc/arm-none-eabi/4.8.4/../../../../arm-none-eabi/lib/armv7e-m/fpu\libm.a(lib_a-wf_pow.o)
                0x0800ee6c                powf
 .text.__ieee754_powf
                0x0800f1b4      0x5c8 c:/program files (x86)/gnu tools arm embedded/4.8 2014q3/bin/../lib/gcc/arm-none-eabi/4.8.4/../../../../arm-none-eabi/lib/armv7e-m/fpu\libm.a(lib_a-ef_pow.o)
                0x0800f1b4                __ieee754_powf
 .text.__ieee754_rem_pio2f
                0x0800f77c      0x28c c:/program files (x86)/gnu tools arm embedded/4.8 2014q3/bin/../lib/gcc/arm-none-eabi/4.8.4/../../../../arm-none-eabi/lib/armv7e-m/fpu\libm.a(lib_a-ef_rem_pio2.o)
                0x0800f77c                __ieee754_rem_pio2f
 .text.__ieee754_sqrtf
                0x0800fa08       0xa4 c:/program files (x86)/gnu tools arm embedded/4.8 2014q3/bin/../lib/gcc/arm-none-eabi/4.8.4/../../../../arm-none-eabi/lib/armv7e-m/fpu\libm.a(lib_a-ef_sqrt.o)
                0x0800fa08                __ieee754_sqrtf
 .text.__kernel_cosf
                0x0800faac      0x104 c:/program files (x86)/gnu tools arm embedded/4.8 2014q3/bin/../lib/gcc/arm-none-eabi/4.8.4/../../../../arm-none-eabi/lib/armv7e-m/fpu\libm.a(lib_a-kf_cos.o)
                0x0800faac                __kernel_cosf
 .text.__kernel_rem_pio2f
                0x0800fbb0      0x5cc c:/program files (x86)/gnu tools arm embedded/4.8 2014q3/bin/../lib/gcc/arm-none-eabi/4.8.4/../../../../arm-none-eabi/lib/armv7e-m/fpu\libm.a(lib_a-kf_rem_pio2.o)
                0x0800fbb0                __kernel_rem_pio2f
 .text.__kernel_sinf
                0x0801017c       0x90 c:/program files (x86)/gnu tools arm embedded/4.8 2014q3/bin/../lib/gcc/arm-none-eabi/4.8.4/../../../../arm-none-eabi/lib/armv7e-m/fpu\libm.a(lib_a-kf_sin.o)
                0x0801017c                __kernel_sinf
 .text.matherr  0x0801020c        0x4 c:/program files (x86)/gnu tools arm embedded/4.8 2014q3/bin/../lib/gcc/arm-none-eabi/4.8.4/../../../../arm-none-eabi/lib/armv7e-m/fpu\libm.a(lib_a-s_matherr.o)
                0x0801020c                matherr
 .text.rint     0x08010210      0x120 c:/program files (x86)/gnu tools arm embedded/4.8 2014q3/bin/../lib/gcc/arm-none-eabi/4.8.4/../../../../arm-none-eabi/lib/armv7e-m/fpu\libm.a(lib_a-s_rint.o)
                0x08010210                rint
 .text.fabsf    0x08010330       0x10 c:/program files (x86)/gnu tools arm embedded/4.8 2014q3/bin/../lib/gcc/arm-none-eabi/4.8.4/../../../../arm-none-eabi/lib/armv7e-m/fpu\libm.a(lib_a-sf_fabs.o)
                0x08010330                fabsf
 .text.finitef  0x08010340       0x14 c:/program files (x86)/gnu tools arm embedded/4.8 2014q3/bin/../lib/gcc/arm-none-eabi/4.8.4/../../../../arm-none-eabi/lib/armv7e-m/fpu\libm.a(lib_a-sf_finite.o)
                0x08010340                finitef
 .text.__fpclassifyf
                0x08010354       0x38 c:/program files (x86)/gnu tools arm embedded/4.8 2014q3/bin/../lib/gcc/arm-none-eabi/4.8.4/../../../../arm-none-eabi/lib/armv7e-m/fpu\libm.a(lib_a-sf_fpclassify.o)
                0x08010354                __fpclassifyf
 .text.nanf     0x0801038c        0xc c:/program files (x86)/gnu tools arm embedded/4.8 2014q3/bin/../lib/gcc/arm-none-eabi/4.8.4/../../../../arm-none-eabi/lib/armv7e-m/fpu\libm.a(lib_a-sf_nan.o)
                0x0801038c                nanf
 .text.scalbnf  0x08010398       0xd8 c:/program files (x86)/gnu tools arm embedded/4.8 2014q3/bin/../lib/gcc/arm-none-eabi/4.8.4/../../../../arm-none-eabi/lib/armv7e-m/fpu\libm.a(lib_a-sf_scalbn.o)
                0x08010398                scalbnf
 .text.copysignf
                0x08010470       0x18 c:/program files (x86)/gnu tools arm embedded/4.8 2014q3/bin/../lib/gcc/arm-none-eabi/4.8.4/../../../../arm-none-eabi/lib/armv7e-m/fpu\libm.a(lib_a-sf_copysign.o)
                0x08010470                copysignf
 .text.__errno  0x08010488        0xc c:/program files (x86)/gnu tools arm embedded/4.8 2014q3/bin/../lib/gcc/arm-none-eabi/4.8.4/../../../../arm-none-eabi/lib/armv7e-m/fpu\libc.a(lib_a-errno.o)
                0x08010488                __errno
 *(.glue_7)
 .glue_7        0x00000000        0x0 linker stubs
 *(.glue_7t)
 .glue_7t       0x00000000        0x0 linker stubs
 *(.eh_frame)
 .eh_frame      0x08010494        0x0 c:/program files (x86)/gnu tools arm embedded/4.8 2014q3/bin/../lib/gcc/arm-none-eabi/4.8.4/armv7e-m/fpu/crtbegin.o
 *(.init)
 .init          0x08010494        0x4 c:/program files (x86)/gnu tools arm embedded/4.8 2014q3/bin/../lib/gcc/arm-none-eabi/4.8.4/armv7e-m/fpu/crti.o
                0x08010494                _init
 .init          0x08010498        0x8 c:/program files (x86)/gnu tools arm embedded/4.8 2014q3/bin/../lib/gcc/arm-none-eabi/4.8.4/armv7e-m/fpu/crtn.o
 *(.fini)
 .fini          0x080104a0        0x4 c:/program files (x86)/gnu tools arm embedded/4.8 2014q3/bin/../lib/gcc/arm-none-eabi/4.8.4/armv7e-m/fpu/crti.o
                0x080104a0                _fini
 .fini          0x080104a4        0x8 c:/program files (x86)/gnu tools arm embedded/4.8 2014q3/bin/../lib/gcc/arm-none-eabi/4.8.4/armv7e-m/fpu/crtn.o
                0x080104ac                . = ALIGN (0x4)
                0x080104ac                _etext = .

.vfp11_veneer   0x080104ac        0x0
 .vfp11_veneer  0x00000000        0x0 linker stubs

.v4_bx          0x080104ac        0x0
 .v4_bx         0x00000000        0x0 linker stubs

.iplt           0x080104ac        0x0
 .iplt          0x00000000        0x0 c:/program files (x86)/gnu tools arm embedded/4.8 2014q3/bin/../lib/gcc/arm-none-eabi/4.8.4/armv7e-m/fpu/crtbegin.o

.rodata         0x080104b0     0xed98
                0x080104b0                . = ALIGN (0x4)
 *(.rodata)
 *(.rodata*)
 .rodata.CSWTCH.11.12604.12604.4979
                0x080104b0        0x4 C:\Users\Gary\AppData\Local\Temp\ccpjkzHR.ltrans0.ltrans.o
 .rodata.str1.4
                0x080104b4        0x5 C:\Users\Gary\AppData\Local\Temp\ccpjkzHR.ltrans0.ltrans.o
                                  0x8 (size before relaxing)
 *fill*         0x080104b9        0x3 
 .rodata.sinetable
                0x080104bc     0x1004 C:\Users\Gary\AppData\Local\Temp\ccpjkzHR.ltrans1.ltrans.o
                0x080104bc                sinetable
 .rodata.step_dd_table
                0x080114c0     0x9008 C:\Users\Gary\AppData\Local\Temp\ccpjkzHR.ltrans1.ltrans.o
 .rodata.notesFreq
                0x0801a4c8      0x1ac C:\Users\Gary\AppData\Local\Temp\ccpjkzHR.ltrans1.ltrans.o
 .rodata.slope_dd_table.4414
                0x0801a674     0x4704 C:\Users\Gary\AppData\Local\Temp\ccpjkzHR.ltrans1.ltrans.o
 .rodata.CSWTCH.11.11559.11559
                0x0801ed78       0x3c C:\Users\Gary\AppData\Local\Temp\ccpjkzHR.ltrans2.ltrans.o
                0x0801ed78                CSWTCH.11.11559.11559
 .rodata.MIDIscale01
                0x0801edb4        0x8 C:\Users\Gary\AppData\Local\Temp\ccpjkzHR.ltrans2.ltrans.o
                0x0801edb4                MIDIscale01
 .rodata.MIDIscale02
                0x0801edbc        0x8 C:\Users\Gary\AppData\Local\Temp\ccpjkzHR.ltrans2.ltrans.o
                0x0801edbc                MIDIscale02
 .rodata.MIDIscale03
                0x0801edc4        0x8 C:\Users\Gary\AppData\Local\Temp\ccpjkzHR.ltrans2.ltrans.o
                0x0801edc4                MIDIscale03
 .rodata.MIDIscale04
                0x0801edcc        0x8 C:\Users\Gary\AppData\Local\Temp\ccpjkzHR.ltrans2.ltrans.o
                0x0801edcc                MIDIscale04
 .rodata.MIDIscale05
                0x0801edd4        0x8 C:\Users\Gary\AppData\Local\Temp\ccpjkzHR.ltrans2.ltrans.o
                0x0801edd4                MIDIscale05
 .rodata.MIDIscale06
                0x0801eddc        0x8 C:\Users\Gary\AppData\Local\Temp\ccpjkzHR.ltrans2.ltrans.o
                0x0801eddc                MIDIscale06
 .rodata.MIDIscale11
                0x0801ede4        0x8 C:\Users\Gary\AppData\Local\Temp\ccpjkzHR.ltrans2.ltrans.o
                0x0801ede4                MIDIscale11
 .rodata.MIDIscale09
                0x0801edec        0x4 C:\Users\Gary\AppData\Local\Temp\ccpjkzHR.ltrans2.ltrans.o
                0x0801edec                MIDIscale09
 .rodata.MIDIscale10
                0x0801edf0        0x8 C:\Users\Gary\AppData\Local\Temp\ccpjkzHR.ltrans2.ltrans.o
                0x0801edf0                MIDIscale10
 .rodata.MIDIscale07
                0x0801edf8        0x4 C:\Users\Gary\AppData\Local\Temp\ccpjkzHR.ltrans2.ltrans.o
                0x0801edf8                MIDIscale07
 .rodata.MIDIscale12
                0x0801edfc       0x10 C:\Users\Gary\AppData\Local\Temp\ccpjkzHR.ltrans2.ltrans.o
                0x0801edfc                MIDIscale12
 .rodata.MIDIscale08
                0x0801ee0c        0x4 C:\Users\Gary\AppData\Local\Temp\ccpjkzHR.ltrans2.ltrans.o
                0x0801ee0c                MIDIscale08
 .rodata.MIDIscale14
                0x0801ee10        0x4 C:\Users\Gary\AppData\Local\Temp\ccpjkzHR.ltrans2.ltrans.o
                0x0801ee10                MIDIscale14
 .rodata.MIDIscale13
                0x0801ee14        0x4 C:\Users\Gary\AppData\Local\Temp\ccpjkzHR.ltrans2.ltrans.o
                0x0801ee14                MIDIscale13
 .rodata.APBAHBPrescTable
                0x0801ee18       0x10 C:\Users\Gary\AppData\Local\Temp\ccpjkzHR.ltrans6.ltrans.o
                0x0801ee18                APBAHBPrescTable
 .rodata.GPIO_PIN
                0x0801ee28        0x8 C:\Users\Gary\AppData\Local\Temp\ccpjkzHR.ltrans7.ltrans.o
                0x0801ee28                GPIO_PIN
 .rodata.str1.4
                0x0801ee30        0x2 c:/program files (x86)/gnu tools arm embedded/4.8 2014q3/bin/../lib/gcc/arm-none-eabi/4.8.4/../../../../arm-none-eabi/lib/armv7e-m/fpu\libc.a(lib_a-impure.o)
                                  0x4 (size before relaxing)
 *fill*         0x0801ee32        0x2 
 .rodata._global_impure_ptr
                0x0801ee34        0x4 c:/program files (x86)/gnu tools arm embedded/4.8 2014q3/bin/../lib/gcc/arm-none-eabi/4.8.4/../../../../arm-none-eabi/lib/armv7e-m/fpu\libc.a(lib_a-impure.o)
                0x0801ee34                _global_impure_ptr
 .rodata.TWO23  0x0801ee38        0x8 c:/program files (x86)/gnu tools arm embedded/4.8 2014q3/bin/../lib/gcc/arm-none-eabi/4.8.4/../../../../arm-none-eabi/lib/armv7e-m/fpu\libm.a(lib_a-sf_lrint.o)
 .rodata.TWO23  0x0801ee40        0x8 c:/program files (x86)/gnu tools arm embedded/4.8 2014q3/bin/../lib/gcc/arm-none-eabi/4.8.4/../../../../arm-none-eabi/lib/armv7e-m/fpu\libm.a(lib_a-sf_rint.o)
 .rodata.str1.4
                0x0801ee48        0x5 c:/program files (x86)/gnu tools arm embedded/4.8 2014q3/bin/../lib/gcc/arm-none-eabi/4.8.4/../../../../arm-none-eabi/lib/armv7e-m/fpu\libm.a(lib_a-wf_pow.o)
                                  0x8 (size before relaxing)
 *fill*         0x0801ee4d        0x3 
 .rodata.dp_h   0x0801ee50        0x8 c:/program files (x86)/gnu tools arm embedded/4.8 2014q3/bin/../lib/gcc/arm-none-eabi/4.8.4/../../../../arm-none-eabi/lib/armv7e-m/fpu\libm.a(lib_a-ef_pow.o)
 .rodata.dp_l   0x0801ee58        0x8 c:/program files (x86)/gnu tools arm embedded/4.8 2014q3/bin/../lib/gcc/arm-none-eabi/4.8.4/../../../../arm-none-eabi/lib/armv7e-m/fpu\libm.a(lib_a-ef_pow.o)
 .rodata.bp     0x0801ee60        0x8 c:/program files (x86)/gnu tools arm embedded/4.8 2014q3/bin/../lib/gcc/arm-none-eabi/4.8.4/../../../../arm-none-eabi/lib/armv7e-m/fpu\libm.a(lib_a-ef_pow.o)
 .rodata.str1.4
                0x00000000        0x8 c:/program files (x86)/gnu tools arm embedded/4.8 2014q3/bin/../lib/gcc/arm-none-eabi/4.8.4/../../../../arm-none-eabi/lib/armv7e-m/fpu\libm.a(lib_a-ef_pow.o)
                                  0x4 (size before relaxing)
 .rodata.npio2_hw
                0x0801ee68       0x80 c:/program files (x86)/gnu tools arm embedded/4.8 2014q3/bin/../lib/gcc/arm-none-eabi/4.8.4/../../../../arm-none-eabi/lib/armv7e-m/fpu\libm.a(lib_a-ef_rem_pio2.o)
 .rodata.two_over_pi
                0x0801eee8      0x318 c:/program files (x86)/gnu tools arm embedded/4.8 2014q3/bin/../lib/gcc/arm-none-eabi/4.8.4/../../../../arm-none-eabi/lib/armv7e-m/fpu\libm.a(lib_a-ef_rem_pio2.o)
 .rodata.init_jk
                0x0801f200        0xc c:/program files (x86)/gnu tools arm embedded/4.8 2014q3/bin/../lib/gcc/arm-none-eabi/4.8.4/../../../../arm-none-eabi/lib/armv7e-m/fpu\libm.a(lib_a-kf_rem_pio2.o)
 .rodata.PIo2   0x0801f20c       0x2c c:/program files (x86)/gnu tools arm embedded/4.8 2014q3/bin/../lib/gcc/arm-none-eabi/4.8.4/../../../../arm-none-eabi/lib/armv7e-m/fpu\libm.a(lib_a-kf_rem_pio2.o)
 .rodata.TWO52  0x0801f238       0x10 c:/program files (x86)/gnu tools arm embedded/4.8 2014q3/bin/../lib/gcc/arm-none-eabi/4.8.4/../../../../arm-none-eabi/lib/armv7e-m/fpu\libm.a(lib_a-s_rint.o)
                0x0801f248                . = ALIGN (0x4)

.rel.dyn        0x0801f248        0x0
 .rel.iplt      0x00000000        0x0 c:/program files (x86)/gnu tools arm embedded/4.8 2014q3/bin/../lib/gcc/arm-none-eabi/4.8.4/armv7e-m/fpu/crtbegin.o

.ARM.extab
 *(.ARM.extab* .gnu.linkonce.armextab.*)

.ARM            0x0801f248        0x0
                0x0801f248                __exidx_start = .
 *(.ARM.exidx*)
                0x0801f248                __exidx_end = .

.preinit_array  0x0801f248        0x0
                0x0801f248                PROVIDE (__preinit_array_start, .)
 *(.preinit_array*)
                0x0801f248                PROVIDE (__preinit_array_end, .)

.init_array     0x0801f248        0x8
                0x0801f248                PROVIDE (__init_array_start, .)
 *(SORT(.init_array.*))
 .init_array.00000
                0x0801f248        0x4 c:/program files (x86)/gnu tools arm embedded/4.8 2014q3/bin/../lib/gcc/arm-none-eabi/4.8.4/../../../../arm-none-eabi/lib/armv7e-m/fpu\libc.a(lib_a-__call_atexit.o)
 *(.init_array*)
 .init_array    0x0801f24c        0x4 c:/program files (x86)/gnu tools arm embedded/4.8 2014q3/bin/../lib/gcc/arm-none-eabi/4.8.4/armv7e-m/fpu/crtbegin.o
                0x0801f250                PROVIDE (__init_array_end, .)

.fini_array     0x0801f250        0x4
                0x0801f250                PROVIDE (__fini_array_start, .)
 *(SORT(.fini_array.*))
 *(.fini_array*)
 .fini_array    0x0801f250        0x4 c:/program files (x86)/gnu tools arm embedded/4.8 2014q3/bin/../lib/gcc/arm-none-eabi/4.8.4/armv7e-m/fpu/crtbegin.o
                0x0801f254                PROVIDE (__fini_array_end, .)
                0x0801f254                _sidata = LOADADDR (.data)

.data           0x20000000      0x8b8 load address 0x0801f254
                0x20000000                . = ALIGN (0x4)
                0x20000000                _sdata = .
 *(.data)
 *(.data*)
 .data.MIDI_Class
                0x20000000       0x20 C:\Users\Gary\AppData\Local\Temp\ccpjkzHR.ltrans0.ltrans.o
 .data.cs43l22_drv
                0x20000020       0x2c C:\Users\Gary\AppData\Local\Temp\ccpjkzHR.ltrans0.ltrans.o
 .data.wet.10704
                0x2000004c        0x4 C:\Users\Gary\AppData\Local\Temp\ccpjkzHR.ltrans2.ltrans.o
                0x2000004c                wet.10704
 .data.volume.10421.4748
                0x20000050        0x1 C:\Users\Gary\AppData\Local\Temp\ccpjkzHR.ltrans2.ltrans.o
 *fill*         0x20000051        0x3 
 .data.fdb.10703
                0x20000054        0x4 C:\Users\Gary\AppData\Local\Temp\ccpjkzHR.ltrans2.ltrans.o
                0x20000054                fdb.10703
 .data.centralFreq.11229
                0x20000058        0x4 C:\Users\Gary\AppData\Local\Temp\ccpjkzHR.ltrans2.ltrans.o
                0x20000058                centralFreq.11229
 .data.GPIO_PORT
                0x2000005c       0x10 C:\Users\Gary\AppData\Local\Temp\ccpjkzHR.ltrans7.ltrans.o
                0x2000005c                GPIO_PORT
 .data.Count.12258.4464
                0x2000006c        0x1 C:\Users\Gary\AppData\Local\Temp\ccpjkzHR.ltrans7.ltrans.o
 .data.Is_cs43l22_Stop.9125.4181
                0x2000006d        0x1 C:\Users\Gary\AppData\Local\Temp\ccpjkzHR.ltrans11.ltrans.o
 *fill*         0x2000006e        0x2 
 .data.SystemCoreClock
                0x20000070        0x4 C:\Users\Gary\AppData\Local\Temp\ccpjkzHR.ltrans15.ltrans.o
 .data.__malloc_av_
                0x20000074      0x408 c:/program files (x86)/gnu tools arm embedded/4.8 2014q3/bin/../lib/gcc/arm-none-eabi/4.8.4/../../../../arm-none-eabi/lib/armv7e-m/fpu\libc.a(lib_a-mallocr.o)
                0x20000074                __malloc_av_
 .data.__malloc_trim_threshold
                0x2000047c        0x4 c:/program files (x86)/gnu tools arm embedded/4.8 2014q3/bin/../lib/gcc/arm-none-eabi/4.8.4/../../../../arm-none-eabi/lib/armv7e-m/fpu\libc.a(lib_a-mallocr.o)
                0x2000047c                __malloc_trim_threshold
 .data.__malloc_sbrk_base
                0x20000480        0x4 c:/program files (x86)/gnu tools arm embedded/4.8 2014q3/bin/../lib/gcc/arm-none-eabi/4.8.4/../../../../arm-none-eabi/lib/armv7e-m/fpu\libc.a(lib_a-mallocr.o)
                0x20000480                __malloc_sbrk_base
 *fill*         0x20000484        0x4 
 .data.impure_data
                0x20000488      0x428 c:/program files (x86)/gnu tools arm embedded/4.8 2014q3/bin/../lib/gcc/arm-none-eabi/4.8.4/../../../../arm-none-eabi/lib/armv7e-m/fpu\libc.a(lib_a-impure.o)
 .data._impure_ptr
                0x200008b0        0x4 c:/program files (x86)/gnu tools arm embedded/4.8 2014q3/bin/../lib/gcc/arm-none-eabi/4.8.4/../../../../arm-none-eabi/lib/armv7e-m/fpu\libc.a(lib_a-impure.o)
                0x200008b0                _impure_ptr
 .data.__fdlib_version
                0x200008b4        0x1 c:/program files (x86)/gnu tools arm embedded/4.8 2014q3/bin/../lib/gcc/arm-none-eabi/4.8.4/../../../../arm-none-eabi/lib/armv7e-m/fpu\libm.a(lib_a-s_lib_ver.o)
                0x200008b4                __fdlib_version
                0x200008b8                . = ALIGN (0x4)
 *fill*         0x200008b5        0x3 
                0x200008b8                _edata = .
                0x0801fb0c                _siccmram = LOADADDR (.ccmram)

.jcr            0x200008b8        0x0 load address 0x0801fb0c
 .jcr           0x200008b8        0x0 c:/program files (x86)/gnu tools arm embedded/4.8 2014q3/bin/../lib/gcc/arm-none-eabi/4.8.4/armv7e-m/fpu/crtbegin.o

.igot.plt       0x200008b8        0x0 load address 0x0801fb0c
 .igot.plt      0x00000000        0x0 c:/program files (x86)/gnu tools arm embedded/4.8 2014q3/bin/../lib/gcc/arm-none-eabi/4.8.4/armv7e-m/fpu/crtbegin.o

.ccmram         0x10000000     0x3ed8 load address 0x0801fb0c
                0x10000000                . = ALIGN (0x4)
                0x10000000                _sccmram = .
 *(.ccmram)
 .ccmram        0x10000000        0xc C:\Users\Gary\AppData\Local\Temp\ccpjkzHR.ltrans1.ltrans.o
                0x10000004                vol.11908
                0x10000008                env.11907
 .ccmram        0x1000000c     0x3ecc C:\Users\Gary\AppData\Local\Temp\ccpjkzHR.ltrans2.ltrans.o
                0x1000000c                adsr
                0x10000034                vibr_lfo
                0x10000054                seq
                0x100000a8                op1
                0x100000c8                op2
                0x100000e8                op3
                0x10000108                mbSawOsc
                0x10000654                mbRectOsc
                0x10000bb0                mbTriOsc
                0x10001108                noteG
                0x1000111c                sound.11901
                0x10001120                a.11231
                0x1000114c                ph.11232
                0x10001178                autoSound.11898
                0x1000117c                SVFilter
                0x1000119c                delayON.11903
                0x1000119d                autoFilterON.11904
                0x1000119e                chorusON.11905
                0x100011a0                delL.10650
                0x10002798                delR.10647
                0x10003d90                lfoL.10651
                0x10003da0                lfoR.10649
                0x10003db0                phaserON.11906
                0x10003db4                filt_lfo
                0x10003dd4                amp_lfo
                0x10003df4                SVFilter2
                0x10003e14                filt2_lfo
                0x10003e34                op4
                0x10003e54                d3
                0x10003e80                d2
                0x10003eac                d1
 *(.ccmram*)
                0x10003ed8                . = ALIGN (0x4)
                0x10003ed8                _eccmram = .
                0x10003ed8                . = ALIGN (0x4)

.bss            0x200008b8    0x1ef98
                0x200008b8                _sbss = .
                0x200008b8                __bss_start__ = _sbss
 *(.bss)
 .bss           0x200008b8       0x1c c:/program files (x86)/gnu tools arm embedded/4.8 2014q3/bin/../lib/gcc/arm-none-eabi/4.8.4/armv7e-m/fpu/crtbegin.o
 *(.bss*)
 .bss.hdma_i2sTx.7217.9892.4976
                0x200008d4       0x50 C:\Users\Gary\AppData\Local\Temp\ccpjkzHR.ltrans0.ltrans.o
 .bss.audiobuff
                0x20000924      0xfa0 C:\Users\Gary\AppData\Local\Temp\ccpjkzHR.ltrans0.ltrans.o
                0x20000924                audiobuff
 .bss.pAudioDrv.9897
                0x200018c4        0x4 C:\Users\Gary\AppData\Local\Temp\ccpjkzHR.ltrans0.ltrans.o
                0x200018c4                pAudioDrv.9897
 .bss.RngHandle.4977
                0x200018c8        0x8 C:\Users\Gary\AppData\Local\Temp\ccpjkzHR.ltrans0.ltrans.o
 .bss.Appli_state
                0x200018d0        0x1 C:\Users\Gary\AppData\Local\Temp\ccpjkzHR.ltrans0.ltrans.o
                0x200018d0                Appli_state
 *fill*         0x200018d1        0x3 
 .bss.MIDI_RX_Buffer
                0x200018d4       0x40 C:\Users\Gary\AppData\Local\Temp\ccpjkzHR.ltrans0.ltrans.o
                0x200018d4                MIDI_RX_Buffer
 .bss.hUSBHost  0x20001914      0x618 C:\Users\Gary\AppData\Local\Temp\ccpjkzHR.ltrans0.ltrans.o
                0x20001914                hUSBHost
 .bss.dmax.11284
                0x20001f2c        0x4 C:\Users\Gary\AppData\Local\Temp\ccpjkzHR.ltrans1.ltrans.o
                0x20001f2c                dmax.11284
 .bss.lfoPhase.11286.4340
                0x20001f30        0x4 C:\Users\Gary\AppData\Local\Temp\ccpjkzHR.ltrans1.ltrans.o
 .bss.zm1.11290.4342
                0x20001f34        0x4 C:\Users\Gary\AppData\Local\Temp\ccpjkzHR.ltrans1.ltrans.o
 .bss.a1.11289.4341
                0x20001f38        0x4 C:\Users\Gary\AppData\Local\Temp\ccpjkzHR.ltrans1.ltrans.o
 .bss.old.11291.4343
                0x20001f3c       0x18 C:\Users\Gary\AppData\Local\Temp\ccpjkzHR.ltrans1.ltrans.o
 .bss.dmin.11283
                0x20001f54        0x4 C:\Users\Gary\AppData\Local\Temp\ccpjkzHR.ltrans1.ltrans.o
                0x20001f54                dmin.11283
 .bss.old_dy.10706.4326
                0x20001f58        0x4 C:\Users\Gary\AppData\Local\Temp\ccpjkzHR.ltrans1.ltrans.o
 .bss.wet.11282
                0x20001f5c        0x4 C:\Users\Gary\AppData\Local\Temp\ccpjkzHR.ltrans2.ltrans.o
                0x20001f5c                wet.11282
 .bss.swrate.11280
                0x20001f60        0x4 C:\Users\Gary\AppData\Local\Temp\ccpjkzHR.ltrans2.ltrans.o
                0x20001f60                swrate.11280
 .bss.filterFreq2
                0x20001f64        0x4 C:\Users\Gary\AppData\Local\Temp\ccpjkzHR.ltrans2.ltrans.o
                0x20001f64                filterFreq2
 .bss.notesCount.10026.10201.4744
                0x20001f68        0x1 C:\Users\Gary\AppData\Local\Temp\ccpjkzHR.ltrans2.ltrans.o
 *fill*         0x20001f69        0x3 
 .bss.notesOn.10025.10204.4745
                0x20001f6c       0x80 C:\Users\Gary\AppData\Local\Temp\ccpjkzHR.ltrans2.ltrans.o
 .bss.velocity  0x20001fec        0x1 C:\Users\Gary\AppData\Local\Temp\ccpjkzHR.ltrans2.ltrans.o
                0x20001fec                velocity
 .bss.note      0x20001fed        0x1 C:\Users\Gary\AppData\Local\Temp\ccpjkzHR.ltrans2.ltrans.o
                0x20001fed                note
 *fill*         0x20001fee        0x2 
 .bss.rateCoeff
                0x20001ff0        0x4 C:\Users\Gary\AppData\Local\Temp\ccpjkzHR.ltrans2.ltrans.o
                0x20001ff0                rateCoeff
 .bss.filterFreq
                0x20001ff4        0x4 C:\Users\Gary\AppData\Local\Temp\ccpjkzHR.ltrans2.ltrans.o
                0x20001ff4                filterFreq
 .bss.shift.10697
                0x20001ff8        0x4 C:\Users\Gary\AppData\Local\Temp\ccpjkzHR.ltrans2.ltrans.o
                0x20001ff8                shift.10697
 .bss.fb.11281  0x20001ffc        0x4 C:\Users\Gary\AppData\Local\Temp\ccpjkzHR.ltrans2.ltrans.o
                0x20001ffc                fb.11281
 .bss.writepos.10700
                0x20002000        0x4 C:\Users\Gary\AppData\Local\Temp\ccpjkzHR.ltrans2.ltrans.o
                0x20002000                writepos.10700
 .bss.readpos.10702
                0x20002004        0x4 C:\Users\Gary\AppData\Local\Temp\ccpjkzHR.ltrans2.ltrans.o
                0x20002004                readpos.10702
 .bss.lfoInc.11285
                0x20002008        0x4 C:\Users\Gary\AppData\Local\Temp\ccpjkzHR.ltrans2.ltrans.o
                0x20002008                lfoInc.11285
 .bss.delayline.10701
                0x2000200c    0x1d4c8 C:\Users\Gary\AppData\Local\Temp\ccpjkzHR.ltrans2.ltrans.o
                0x2000200c                delayline.10701
 .bss.OutputDev
                0x2001f4d4        0x1 C:\Users\Gary\AppData\Local\Temp\ccpjkzHR.ltrans4.ltrans.o
                0x2001f4d4                OutputDev
 *fill*         0x2001f4d5        0x3 
 .bss.I2cHandle.9532
                0x2001f4d8       0x38 C:\Users\Gary\AppData\Local\Temp\ccpjkzHR.ltrans5.ltrans.o
                0x2001f4d8                I2cHandle.9532
 .bss.demoMode  0x2001f510        0x1 C:\Users\Gary\AppData\Local\Temp\ccpjkzHR.ltrans7.ltrans.o
                0x2001f510                demoMode
 .bss.freeze    0x2001f511        0x1 C:\Users\Gary\AppData\Local\Temp\ccpjkzHR.ltrans7.ltrans.o
                0x2001f511                freeze
 .bss.sequencer
                0x2001f512        0x1 C:\Users\Gary\AppData\Local\Temp\ccpjkzHR.ltrans7.ltrans.o
                0x2001f512                sequencer
 *fill*         0x2001f513        0x1 
 .bss.hAudioOutI2s
                0x2001f514       0x40 C:\Users\Gary\AppData\Local\Temp\ccpjkzHR.ltrans7.ltrans.o
                0x2001f514                hAudioOutI2s
 .bss.Key_changed.12261.4465
                0x2001f554        0x1 C:\Users\Gary\AppData\Local\Temp\ccpjkzHR.ltrans7.ltrans.o
 *fill*         0x2001f555        0x3 
 .bss.LED_counter
                0x2001f558       0x10 C:\Users\Gary\AppData\Local\Temp\ccpjkzHR.ltrans7.ltrans.o
                0x2001f558                LED_counter
 .bss.Key_pressed.12262.4466
                0x2001f568        0x1 C:\Users\Gary\AppData\Local\Temp\ccpjkzHR.ltrans7.ltrans.o
 *fill*         0x2001f569        0x3 
 .bss.TimingDelay1.12254.4461
                0x2001f56c        0x4 C:\Users\Gary\AppData\Local\Temp\ccpjkzHR.ltrans7.ltrans.o
 .bss.TimingDelay.12253.4460
                0x2001f570        0x4 C:\Users\Gary\AppData\Local\Temp\ccpjkzHR.ltrans7.ltrans.o
 .bss.DebouncedKeyPress.12256.4463
                0x2001f574        0x1 C:\Users\Gary\AppData\Local\Temp\ccpjkzHR.ltrans7.ltrans.o
 *fill*         0x2001f575        0x3 
 .bss.hHCD      0x2001f578      0x290 C:\Users\Gary\AppData\Local\Temp\ccpjkzHR.ltrans7.ltrans.o
                0x2001f578                hHCD
 .bss.uwTick.5100
                0x2001f808        0x4 C:\Users\Gary\AppData\Local\Temp\ccpjkzHR.ltrans7.ltrans.o
                0x2001f808                uwTick.5100
 .bss.f_max.11279.4384
                0x2001f80c        0x4 C:\Users\Gary\AppData\Local\Temp\ccpjkzHR.ltrans10.ltrans.o
 .bss.f_min.11278.4383
                0x2001f810        0x4 C:\Users\Gary\AppData\Local\Temp\ccpjkzHR.ltrans10.ltrans.o
 .bss.__malloc_max_total_mem
                0x2001f814        0x4 c:/program files (x86)/gnu tools arm embedded/4.8 2014q3/bin/../lib/gcc/arm-none-eabi/4.8.4/../../../../arm-none-eabi/lib/armv7e-m/fpu\libc.a(lib_a-mallocr.o)
                0x2001f814                __malloc_max_total_mem
 .bss.__malloc_max_sbrked_mem
                0x2001f818        0x4 c:/program files (x86)/gnu tools arm embedded/4.8 2014q3/bin/../lib/gcc/arm-none-eabi/4.8.4/../../../../arm-none-eabi/lib/armv7e-m/fpu\libc.a(lib_a-mallocr.o)
                0x2001f818                __malloc_max_sbrked_mem
 .bss.__malloc_top_pad
                0x2001f81c        0x4 c:/program files (x86)/gnu tools arm embedded/4.8 2014q3/bin/../lib/gcc/arm-none-eabi/4.8.4/../../../../arm-none-eabi/lib/armv7e-m/fpu\libc.a(lib_a-mallocr.o)
                0x2001f81c                __malloc_top_pad
 .bss.__malloc_current_mallinfo
                0x2001f820       0x28 c:/program files (x86)/gnu tools arm embedded/4.8 2014q3/bin/../lib/gcc/arm-none-eabi/4.8.4/../../../../arm-none-eabi/lib/armv7e-m/fpu\libc.a(lib_a-mallocr.o)
                0x2001f820                __malloc_current_mallinfo
 .bss.heap_end.4246
                0x2001f848        0x4 c:/program files (x86)/gnu tools arm embedded/4.8 2014q3/bin/../lib/gcc/arm-none-eabi/4.8.4/../../../../arm-none-eabi/lib/armv7e-m/fpu\libnosys.a(sbrk.o)
 *(COMMON)
 COMMON         0x2001f84c        0x4 c:/program files (x86)/gnu tools arm embedded/4.8 2014q3/bin/../lib/gcc/arm-none-eabi/4.8.4/../../../../arm-none-eabi/lib/armv7e-m/fpu\libc.a(lib_a-reent.o)
                0x2001f84c                errno
                0x2001f850                . = ALIGN (0x4)
                0x2001f850                _ebss = .
                0x2001f850                __bss_end__ = _ebss

._user_heap_stack
                0x10003ed8     0x2000
                0x10003ed8                . = ALIGN (0x4)
                0x10003ed8                PROVIDE (end, .)
                0x10003ed8                PROVIDE (_end, .)
                0x10004ed8                . = (. + _Min_Heap_Size)
 *fill*         0x10003ed8     0x1000 
                0x10005ed8                . = (. + _Min_Stack_Size)
 *fill*         0x10004ed8     0x1000 
                0x10005ed8                . = ALIGN (0x4)

/DISCARD/
 libc.a(*)
 libm.a(*)
 libgcc.a(*)

.ARM.attributes
                0x00000000       0x30
 *(.ARM.attributes)
 .ARM.attributes
                0x00000000       0x22 c:/program files (x86)/gnu tools arm embedded/4.8 2014q3/bin/../lib/gcc/arm-none-eabi/4.8.4/armv7e-m/fpu/crti.o
 .ARM.attributes
                0x00000022       0x34 c:/program files (x86)/gnu tools arm embedded/4.8 2014q3/bin/../lib/gcc/arm-none-eabi/4.8.4/armv7e-m/fpu/crtbegin.o
 .ARM.attributes
                0x00000056       0x37 C:\Users\Gary\AppData\Local\Temp\ccpjkzHR.ltrans0.ltrans.o
 .ARM.attributes
                0x0000008d       0x37 C:\Users\Gary\AppData\Local\Temp\ccpjkzHR.ltrans1.ltrans.o
 .ARM.attributes
                0x000000c4       0x37 C:\Users\Gary\AppData\Local\Temp\ccpjkzHR.ltrans2.ltrans.o
 .ARM.attributes
                0x000000fb       0x37 C:\Users\Gary\AppData\Local\Temp\ccpjkzHR.ltrans3.ltrans.o
 .ARM.attributes
                0x00000132       0x37 C:\Users\Gary\AppData\Local\Temp\ccpjkzHR.ltrans4.ltrans.o
 .ARM.attributes
                0x00000169       0x37 C:\Users\Gary\AppData\Local\Temp\ccpjkzHR.ltrans5.ltrans.o
 .ARM.attributes
                0x000001a0       0x37 C:\Users\Gary\AppData\Local\Temp\ccpjkzHR.ltrans6.ltrans.o
 .ARM.attributes
                0x000001d7       0x37 C:\Users\Gary\AppData\Local\Temp\ccpjkzHR.ltrans7.ltrans.o
 .ARM.attributes
                0x0000020e       0x37 C:\Users\Gary\AppData\Local\Temp\ccpjkzHR.ltrans8.ltrans.o
 .ARM.attributes
                0x00000245       0x37 C:\Users\Gary\AppData\Local\Temp\ccpjkzHR.ltrans9.ltrans.o
 .ARM.attributes
                0x0000027c       0x37 C:\Users\Gary\AppData\Local\Temp\ccpjkzHR.ltrans10.ltrans.o
 .ARM.attributes
                0x000002b3       0x37 C:\Users\Gary\AppData\Local\Temp\ccpjkzHR.ltrans11.ltrans.o
 .ARM.attributes
                0x000002ea       0x37 C:\Users\Gary\AppData\Local\Temp\ccpjkzHR.ltrans12.ltrans.o
 .ARM.attributes
                0x00000321       0x37 C:\Users\Gary\AppData\Local\Temp\ccpjkzHR.ltrans13.ltrans.o
 .ARM.attributes
                0x00000358       0x37 C:\Users\Gary\AppData\Local\Temp\ccpjkzHR.ltrans14.ltrans.o
 .ARM.attributes
                0x0000038f       0x37 C:\Users\Gary\AppData\Local\Temp\ccpjkzHR.ltrans15.ltrans.o
 .ARM.attributes
                0x000003c6       0x37 C:\Users\Gary\AppData\Local\Temp\ccpjkzHR.ltrans16.ltrans.o
 .ARM.attributes
                0x000003fd       0x37 C:\Users\Gary\AppData\Local\Temp\ccpjkzHR.ltrans17.ltrans.o
 .ARM.attributes
                0x00000434       0x37 C:\Users\Gary\AppData\Local\Temp\ccpjkzHR.ltrans18.ltrans.o
 .ARM.attributes
                0x0000046b       0x34 c:/program files (x86)/gnu tools arm embedded/4.8 2014q3/bin/../lib/gcc/arm-none-eabi/4.8.4/../../../../arm-none-eabi/lib/armv7e-m/fpu\libc.a(lib_a-malloc.o)
 .ARM.attributes
                0x0000049f       0x34 c:/program files (x86)/gnu tools arm embedded/4.8 2014q3/bin/../lib/gcc/arm-none-eabi/4.8.4/../../../../arm-none-eabi/lib/armv7e-m/fpu\libc.a(lib_a-mallocr.o)
 .ARM.attributes
                0x000004d3       0x20 c:/program files (x86)/gnu tools arm embedded/4.8 2014q3/bin/../lib/gcc/arm-none-eabi/4.8.4/../../../../arm-none-eabi/lib/armv7e-m/fpu\libc.a(lib_a-memcpy.o)
 .ARM.attributes
                0x000004f3       0x34 c:/program files (x86)/gnu tools arm embedded/4.8 2014q3/bin/../lib/gcc/arm-none-eabi/4.8.4/../../../../arm-none-eabi/lib/armv7e-m/fpu\libc.a(lib_a-mlock.o)
 .ARM.attributes
                0x00000527       0x34 c:/program files (x86)/gnu tools arm embedded/4.8 2014q3/bin/../lib/gcc/arm-none-eabi/4.8.4/../../../../arm-none-eabi/lib/armv7e-m/fpu\libc.a(lib_a-sbrkr.o)
 .ARM.attributes
                0x0000055b       0x34 c:/program files (x86)/gnu tools arm embedded/4.8 2014q3/bin/../lib/gcc/arm-none-eabi/4.8.4/../../../../arm-none-eabi/lib/armv7e-m/fpu\libc.a(lib_a-freer.o)
 .ARM.attributes
                0x0000058f       0x34 c:/program files (x86)/gnu tools arm embedded/4.8 2014q3/bin/../lib/gcc/arm-none-eabi/4.8.4/../../../../arm-none-eabi/lib/armv7e-m/fpu\libc.a(lib_a-reent.o)
 .ARM.attributes
                0x000005c3       0x34 c:/program files (x86)/gnu tools arm embedded/4.8 2014q3/bin/../lib/gcc/arm-none-eabi/4.8.4/../../../../arm-none-eabi/lib/armv7e-m/fpu\libnosys.a(sbrk.o)
 .ARM.attributes
                0x000005f7       0x21 ./Synth/startup_stm32f407xx.o
 .ARM.attributes
                0x00000618       0x34 c:/program files (x86)/gnu tools arm embedded/4.8 2014q3/bin/../lib/gcc/arm-none-eabi/4.8.4/../../../../arm-none-eabi/lib/armv7e-m/fpu\libc.a(lib_a-impure.o)
 .ARM.attributes
                0x0000064c       0x34 c:/program files (x86)/gnu tools arm embedded/4.8 2014q3/bin/../lib/gcc/arm-none-eabi/4.8.4/../../../../arm-none-eabi/lib/armv7e-m/fpu\libc.a(lib_a-init.o)
 .ARM.attributes
                0x00000680       0x34 c:/program files (x86)/gnu tools arm embedded/4.8 2014q3/bin/../lib/gcc/arm-none-eabi/4.8.4/../../../../arm-none-eabi/lib/armv7e-m/fpu\libc.a(lib_a-memset.o)
 .ARM.attributes
                0x000006b4       0x34 c:/program files (x86)/gnu tools arm embedded/4.8 2014q3/bin/../lib/gcc/arm-none-eabi/4.8.4/../../../../arm-none-eabi/lib/armv7e-m/fpu\libc.a(lib_a-rand.o)
 .ARM.attributes
                0x000006e8       0x34 c:/program files (x86)/gnu tools arm embedded/4.8 2014q3/bin/../lib/gcc/arm-none-eabi/4.8.4/../../../../arm-none-eabi/lib/armv7e-m/fpu\libc.a(lib_a-__call_atexit.o)
 .ARM.attributes
                0x0000071c       0x34 c:/program files (x86)/gnu tools arm embedded/4.8 2014q3/bin/../lib/gcc/arm-none-eabi/4.8.4/../../../../arm-none-eabi/lib/armv7e-m/fpu\libc.a(lib_a-atexit.o)
 .ARM.attributes
                0x00000750       0x34 c:/program files (x86)/gnu tools arm embedded/4.8 2014q3/bin/../lib/gcc/arm-none-eabi/4.8.4/../../../../arm-none-eabi/lib/armv7e-m/fpu\libc.a(lib_a-fini.o)
 .ARM.attributes
                0x00000784       0x34 c:/program files (x86)/gnu tools arm embedded/4.8 2014q3/bin/../lib/gcc/arm-none-eabi/4.8.4/../../../../arm-none-eabi/lib/armv7e-m/fpu\libc.a(lib_a-__atexit.o)
 .ARM.attributes
                0x000007b8       0x22 c:/program files (x86)/gnu tools arm embedded/4.8 2014q3/bin/../lib/gcc/arm-none-eabi/4.8.4/armv7e-m/fpu/crtn.o
 .ARM.attributes
                0x000007da       0x34 c:/program files (x86)/gnu tools arm embedded/4.8 2014q3/bin/../lib/gcc/arm-none-eabi/4.8.4/../../../../arm-none-eabi/lib/armv7e-m/fpu\libm.a(lib_a-sf_floor.o)
 .ARM.attributes
                0x0000080e       0x34 c:/program files (x86)/gnu tools arm embedded/4.8 2014q3/bin/../lib/gcc/arm-none-eabi/4.8.4/../../../../arm-none-eabi/lib/armv7e-m/fpu\libm.a(lib_a-sf_lrint.o)
 .ARM.attributes
                0x00000842       0x34 c:/program files (x86)/gnu tools arm embedded/4.8 2014q3/bin/../lib/gcc/arm-none-eabi/4.8.4/../../../../arm-none-eabi/lib/armv7e-m/fpu\libm.a(lib_a-sf_rint.o)
 .ARM.attributes
                0x00000876       0x34 c:/program files (x86)/gnu tools arm embedded/4.8 2014q3/bin/../lib/gcc/arm-none-eabi/4.8.4/../../../../arm-none-eabi/lib/armv7e-m/fpu\libm.a(lib_a-sf_sin.o)
 .ARM.attributes
                0x000008aa       0x34 c:/program files (x86)/gnu tools arm embedded/4.8 2014q3/bin/../lib/gcc/arm-none-eabi/4.8.4/../../../../arm-none-eabi/lib/armv7e-m/fpu\libm.a(lib_a-wf_pow.o)
 .ARM.attributes
                0x000008de       0x34 c:/program files (x86)/gnu tools arm embedded/4.8 2014q3/bin/../lib/gcc/arm-none-eabi/4.8.4/../../../../arm-none-eabi/lib/armv7e-m/fpu\libm.a(lib_a-ef_pow.o)
 .ARM.attributes
                0x00000912       0x34 c:/program files (x86)/gnu tools arm embedded/4.8 2014q3/bin/../lib/gcc/arm-none-eabi/4.8.4/../../../../arm-none-eabi/lib/armv7e-m/fpu\libm.a(lib_a-ef_rem_pio2.o)
 .ARM.attributes
                0x00000946       0x34 c:/program files (x86)/gnu tools arm embedded/4.8 2014q3/bin/../lib/gcc/arm-none-eabi/4.8.4/../../../../arm-none-eabi/lib/armv7e-m/fpu\libm.a(lib_a-ef_sqrt.o)
 .ARM.attributes
                0x0000097a       0x34 c:/program files (x86)/gnu tools arm embedded/4.8 2014q3/bin/../lib/gcc/arm-none-eabi/4.8.4/../../../../arm-none-eabi/lib/armv7e-m/fpu\libm.a(lib_a-kf_cos.o)
 .ARM.attributes
                0x000009ae       0x34 c:/program files (x86)/gnu tools arm embedded/4.8 2014q3/bin/../lib/gcc/arm-none-eabi/4.8.4/../../../../arm-none-eabi/lib/armv7e-m/fpu\libm.a(lib_a-kf_rem_pio2.o)
 .ARM.attributes
                0x000009e2       0x34 c:/program files (x86)/gnu tools arm embedded/4.8 2014q3/bin/../lib/gcc/arm-none-eabi/4.8.4/../../../../arm-none-eabi/lib/armv7e-m/fpu\libm.a(lib_a-kf_sin.o)
 .ARM.attributes
                0x00000a16       0x34 c:/program files (x86)/gnu tools arm embedded/4.8 2014q3/bin/../lib/gcc/arm-none-eabi/4.8.4/../../../../arm-none-eabi/lib/armv7e-m/fpu\libm.a(lib_a-s_lib_ver.o)
 .ARM.attributes
                0x00000a4a       0x34 c:/program files (x86)/gnu tools arm embedded/4.8 2014q3/bin/../lib/gcc/arm-none-eabi/4.8.4/../../../../arm-none-eabi/lib/armv7e-m/fpu\libm.a(lib_a-s_matherr.o)
 .ARM.attributes
                0x00000a7e       0x34 c:/program files (x86)/gnu tools arm embedded/4.8 2014q3/bin/../lib/gcc/arm-none-eabi/4.8.4/../../../../arm-none-eabi/lib/armv7e-m/fpu\libm.a(lib_a-s_rint.o)
 .ARM.attributes
                0x00000ab2       0x34 c:/program files (x86)/gnu tools arm embedded/4.8 2014q3/bin/../lib/gcc/arm-none-eabi/4.8.4/../../../../arm-none-eabi/lib/armv7e-m/fpu\libm.a(lib_a-sf_fabs.o)
 .ARM.attributes
                0x00000ae6       0x34 c:/program files (x86)/gnu tools arm embedded/4.8 2014q3/bin/../lib/gcc/arm-none-eabi/4.8.4/../../../../arm-none-eabi/lib/armv7e-m/fpu\libm.a(lib_a-sf_finite.o)
 .ARM.attributes
                0x00000b1a       0x34 c:/program files (x86)/gnu tools arm embedded/4.8 2014q3/bin/../lib/gcc/arm-none-eabi/4.8.4/../../../../arm-none-eabi/lib/armv7e-m/fpu\libm.a(lib_a-sf_fpclassify.o)
 .ARM.attributes
                0x00000b4e       0x34 c:/program files (x86)/gnu tools arm embedded/4.8 2014q3/bin/../lib/gcc/arm-none-eabi/4.8.4/../../../../arm-none-eabi/lib/armv7e-m/fpu\libm.a(lib_a-sf_nan.o)
 .ARM.attributes
                0x00000b82       0x34 c:/program files (x86)/gnu tools arm embedded/4.8 2014q3/bin/../lib/gcc/arm-none-eabi/4.8.4/../../../../arm-none-eabi/lib/armv7e-m/fpu\libm.a(lib_a-sf_scalbn.o)
 .ARM.attributes
                0x00000bb6       0x34 c:/program files (x86)/gnu tools arm embedded/4.8 2014q3/bin/../lib/gcc/arm-none-eabi/4.8.4/../../../../arm-none-eabi/lib/armv7e-m/fpu\libm.a(lib_a-sf_copysign.o)
 .ARM.attributes
                0x00000bea       0x34 c:/program files (x86)/gnu tools arm embedded/4.8 2014q3/bin/../lib/gcc/arm-none-eabi/4.8.4/../../../../arm-none-eabi/lib/armv7e-m/fpu\libc.a(lib_a-errno.o)
 .ARM.attributes
                0x00000c1e       0x22 c:/program files (x86)/gnu tools arm embedded/4.8 2014q3/bin/../lib/gcc/arm-none-eabi/4.8.4/armv7e-m/fpu\libgcc.a(_arm_addsubdf3.o)
 .ARM.attributes
                0x00000c40       0x22 c:/program files (x86)/gnu tools arm embedded/4.8 2014q3/bin/../lib/gcc/arm-none-eabi/4.8.4/armv7e-m/fpu\libgcc.a(_arm_muldivdf3.o)
 .ARM.attributes
                0x00000c62       0x22 c:/program files (x86)/gnu tools arm embedded/4.8 2014q3/bin/../lib/gcc/arm-none-eabi/4.8.4/armv7e-m/fpu\libgcc.a(_arm_cmpdf2.o)
 .ARM.attributes
                0x00000c84       0x22 c:/program files (x86)/gnu tools arm embedded/4.8 2014q3/bin/../lib/gcc/arm-none-eabi/4.8.4/armv7e-m/fpu\libgcc.a(_arm_truncdfsf2.o)
OUTPUT(Dekrispator_v2.elf elf32-littlearm)

.comment        0x00000000       0x70
 .comment       0x00000000       0x70 C:\Users\Gary\AppData\Local\Temp\ccpjkzHR.ltrans0.ltrans.o
                                 0x71 (size before relaxing)
 .comment       0x00000000       0x71 C:\Users\Gary\AppData\Local\Temp\ccpjkzHR.ltrans1.ltrans.o
 .comment       0x00000000       0x71 C:\Users\Gary\AppData\Local\Temp\ccpjkzHR.ltrans2.ltrans.o
 .comment       0x00000000       0x71 C:\Users\Gary\AppData\Local\Temp\ccpjkzHR.ltrans3.ltrans.o
 .comment       0x00000000       0x71 C:\Users\Gary\AppData\Local\Temp\ccpjkzHR.ltrans4.ltrans.o
 .comment       0x00000000       0x71 C:\Users\Gary\AppData\Local\Temp\ccpjkzHR.ltrans5.ltrans.o
 .comment       0x00000000       0x71 C:\Users\Gary\AppData\Local\Temp\ccpjkzHR.ltrans6.ltrans.o
 .comment       0x00000000       0x71 C:\Users\Gary\AppData\Local\Temp\ccpjkzHR.ltrans7.ltrans.o
 .comment       0x00000000       0x71 C:\Users\Gary\AppData\Local\Temp\ccpjkzHR.ltrans8.ltrans.o
 .comment       0x00000000       0x71 C:\Users\Gary\AppData\Local\Temp\ccpjkzHR.ltrans9.ltrans.o
 .comment       0x00000000       0x71 C:\Users\Gary\AppData\Local\Temp\ccpjkzHR.ltrans10.ltrans.o
 .comment       0x00000000       0x71 C:\Users\Gary\AppData\Local\Temp\ccpjkzHR.ltrans11.ltrans.o
 .comment       0x00000000       0x71 C:\Users\Gary\AppData\Local\Temp\ccpjkzHR.ltrans12.ltrans.o
 .comment       0x00000000       0x71 C:\Users\Gary\AppData\Local\Temp\ccpjkzHR.ltrans13.ltrans.o
 .comment       0x00000000       0x71 C:\Users\Gary\AppData\Local\Temp\ccpjkzHR.ltrans14.ltrans.o
 .comment       0x00000000       0x71 C:\Users\Gary\AppData\Local\Temp\ccpjkzHR.ltrans15.ltrans.o
 .comment       0x00000000       0x71 C:\Users\Gary\AppData\Local\Temp\ccpjkzHR.ltrans16.ltrans.o
 .comment       0x00000000       0x71 C:\Users\Gary\AppData\Local\Temp\ccpjkzHR.ltrans17.ltrans.o
 .comment       0x00000000       0x71 C:\Users\Gary\AppData\Local\Temp\ccpjkzHR.ltrans18.ltrans.o

.debug_frame    0x00000000      0x604
 .debug_frame   0x00000000       0x30 c:/program files (x86)/gnu tools arm embedded/4.8 2014q3/bin/../lib/gcc/arm-none-eabi/4.8.4/../../../../arm-none-eabi/lib/armv7e-m/fpu\libc.a(lib_a-malloc.o)
 .debug_frame   0x00000030       0x38 c:/program files (x86)/gnu tools arm embedded/4.8 2014q3/bin/../lib/gcc/arm-none-eabi/4.8.4/../../../../arm-none-eabi/lib/armv7e-m/fpu\libc.a(lib_a-mallocr.o)
 .debug_frame   0x00000068       0x30 c:/program files (x86)/gnu tools arm embedded/4.8 2014q3/bin/../lib/gcc/arm-none-eabi/4.8.4/../../../../arm-none-eabi/lib/armv7e-m/fpu\libc.a(lib_a-mlock.o)
 .debug_frame   0x00000098       0x2c c:/program files (x86)/gnu tools arm embedded/4.8 2014q3/bin/../lib/gcc/arm-none-eabi/4.8.4/../../../../arm-none-eabi/lib/armv7e-m/fpu\libc.a(lib_a-sbrkr.o)
 .debug_frame   0x000000c4       0x50 c:/program files (x86)/gnu tools arm embedded/4.8 2014q3/bin/../lib/gcc/arm-none-eabi/4.8.4/../../../../arm-none-eabi/lib/armv7e-m/fpu\libc.a(lib_a-freer.o)
 .debug_frame   0x00000114       0x48 c:/program files (x86)/gnu tools arm embedded/4.8 2014q3/bin/../lib/gcc/arm-none-eabi/4.8.4/../../../../arm-none-eabi/lib/armv7e-m/fpu\libc.a(lib_a-reent.o)
 .debug_frame   0x0000015c       0x20 c:/program files (x86)/gnu tools arm embedded/4.8 2014q3/bin/../lib/gcc/arm-none-eabi/4.8.4/../../../../arm-none-eabi/lib/armv7e-m/fpu\libnosys.a(sbrk.o)
 .debug_frame   0x0000017c       0x2c c:/program files (x86)/gnu tools arm embedded/4.8 2014q3/bin/../lib/gcc/arm-none-eabi/4.8.4/../../../../arm-none-eabi/lib/armv7e-m/fpu\libc.a(lib_a-init.o)
 .debug_frame   0x000001a8       0x2c c:/program files (x86)/gnu tools arm embedded/4.8 2014q3/bin/../lib/gcc/arm-none-eabi/4.8.4/../../../../arm-none-eabi/lib/armv7e-m/fpu\libc.a(lib_a-memset.o)
 .debug_frame   0x000001d4       0x38 c:/program files (x86)/gnu tools arm embedded/4.8 2014q3/bin/../lib/gcc/arm-none-eabi/4.8.4/../../../../arm-none-eabi/lib/armv7e-m/fpu\libc.a(lib_a-rand.o)
 .debug_frame   0x0000020c       0x48 c:/program files (x86)/gnu tools arm embedded/4.8 2014q3/bin/../lib/gcc/arm-none-eabi/4.8.4/../../../../arm-none-eabi/lib/armv7e-m/fpu\libc.a(lib_a-__call_atexit.o)
 .debug_frame   0x00000254       0x20 c:/program files (x86)/gnu tools arm embedded/4.8 2014q3/bin/../lib/gcc/arm-none-eabi/4.8.4/../../../../arm-none-eabi/lib/armv7e-m/fpu\libc.a(lib_a-atexit.o)
 .debug_frame   0x00000274       0x2c c:/program files (x86)/gnu tools arm embedded/4.8 2014q3/bin/../lib/gcc/arm-none-eabi/4.8.4/../../../../arm-none-eabi/lib/armv7e-m/fpu\libc.a(lib_a-fini.o)
 .debug_frame   0x000002a0       0x30 c:/program files (x86)/gnu tools arm embedded/4.8 2014q3/bin/../lib/gcc/arm-none-eabi/4.8.4/../../../../arm-none-eabi/lib/armv7e-m/fpu\libc.a(lib_a-__atexit.o)
 .debug_frame   0x000002d0       0x28 c:/program files (x86)/gnu tools arm embedded/4.8 2014q3/bin/../lib/gcc/arm-none-eabi/4.8.4/../../../../arm-none-eabi/lib/armv7e-m/fpu\libm.a(lib_a-sf_floor.o)
 .debug_frame   0x000002f8       0x28 c:/program files (x86)/gnu tools arm embedded/4.8 2014q3/bin/../lib/gcc/arm-none-eabi/4.8.4/../../../../arm-none-eabi/lib/armv7e-m/fpu\libm.a(lib_a-sf_lrint.o)
 .debug_frame   0x00000320       0x28 c:/program files (x86)/gnu tools arm embedded/4.8 2014q3/bin/../lib/gcc/arm-none-eabi/4.8.4/../../../../arm-none-eabi/lib/armv7e-m/fpu\libm.a(lib_a-sf_rint.o)
 .debug_frame   0x00000348       0x28 c:/program files (x86)/gnu tools arm embedded/4.8 2014q3/bin/../lib/gcc/arm-none-eabi/4.8.4/../../../../arm-none-eabi/lib/armv7e-m/fpu\libm.a(lib_a-sf_sin.o)
 .debug_frame   0x00000370       0x38 c:/program files (x86)/gnu tools arm embedded/4.8 2014q3/bin/../lib/gcc/arm-none-eabi/4.8.4/../../../../arm-none-eabi/lib/armv7e-m/fpu\libm.a(lib_a-wf_pow.o)
 .debug_frame   0x000003a8       0x3c c:/program files (x86)/gnu tools arm embedded/4.8 2014q3/bin/../lib/gcc/arm-none-eabi/4.8.4/../../../../arm-none-eabi/lib/armv7e-m/fpu\libm.a(lib_a-ef_pow.o)
 .debug_frame   0x000003e4       0x30 c:/program files (x86)/gnu tools arm embedded/4.8 2014q3/bin/../lib/gcc/arm-none-eabi/4.8.4/../../../../arm-none-eabi/lib/armv7e-m/fpu\libm.a(lib_a-ef_rem_pio2.o)
 .debug_frame   0x00000414       0x2c c:/program files (x86)/gnu tools arm embedded/4.8 2014q3/bin/../lib/gcc/arm-none-eabi/4.8.4/../../../../arm-none-eabi/lib/armv7e-m/fpu\libm.a(lib_a-ef_sqrt.o)
 .debug_frame   0x00000440       0x20 c:/program files (x86)/gnu tools arm embedded/4.8 2014q3/bin/../lib/gcc/arm-none-eabi/4.8.4/../../../../arm-none-eabi/lib/armv7e-m/fpu\libm.a(lib_a-kf_cos.o)
 .debug_frame   0x00000460       0x44 c:/program files (x86)/gnu tools arm embedded/4.8 2014q3/bin/../lib/gcc/arm-none-eabi/4.8.4/../../../../arm-none-eabi/lib/armv7e-m/fpu\libm.a(lib_a-kf_rem_pio2.o)
 .debug_frame   0x000004a4       0x20 c:/program files (x86)/gnu tools arm embedded/4.8 2014q3/bin/../lib/gcc/arm-none-eabi/4.8.4/../../../../arm-none-eabi/lib/armv7e-m/fpu\libm.a(lib_a-kf_sin.o)
 .debug_frame   0x000004c4       0x20 c:/program files (x86)/gnu tools arm embedded/4.8 2014q3/bin/../lib/gcc/arm-none-eabi/4.8.4/../../../../arm-none-eabi/lib/armv7e-m/fpu\libm.a(lib_a-s_matherr.o)
 .debug_frame   0x000004e4       0x30 c:/program files (x86)/gnu tools arm embedded/4.8 2014q3/bin/../lib/gcc/arm-none-eabi/4.8.4/../../../../arm-none-eabi/lib/armv7e-m/fpu\libm.a(lib_a-s_rint.o)
 .debug_frame   0x00000514       0x20 c:/program files (x86)/gnu tools arm embedded/4.8 2014q3/bin/../lib/gcc/arm-none-eabi/4.8.4/../../../../arm-none-eabi/lib/armv7e-m/fpu\libm.a(lib_a-sf_fabs.o)
 .debug_frame   0x00000534       0x20 c:/program files (x86)/gnu tools arm embedded/4.8 2014q3/bin/../lib/gcc/arm-none-eabi/4.8.4/../../../../arm-none-eabi/lib/armv7e-m/fpu\libm.a(lib_a-sf_finite.o)
 .debug_frame   0x00000554       0x20 c:/program files (x86)/gnu tools arm embedded/4.8 2014q3/bin/../lib/gcc/arm-none-eabi/4.8.4/../../../../arm-none-eabi/lib/armv7e-m/fpu\libm.a(lib_a-sf_fpclassify.o)
 .debug_frame   0x00000574       0x20 c:/program files (x86)/gnu tools arm embedded/4.8 2014q3/bin/../lib/gcc/arm-none-eabi/4.8.4/../../../../arm-none-eabi/lib/armv7e-m/fpu\libm.a(lib_a-sf_nan.o)
 .debug_frame   0x00000594       0x30 c:/program files (x86)/gnu tools arm embedded/4.8 2014q3/bin/../lib/gcc/arm-none-eabi/4.8.4/../../../../arm-none-eabi/lib/armv7e-m/fpu\libm.a(lib_a-sf_scalbn.o)
 .debug_frame   0x000005c4       0x20 c:/program files (x86)/gnu tools arm embedded/4.8 2014q3/bin/../lib/gcc/arm-none-eabi/4.8.4/../../../../arm-none-eabi/lib/armv7e-m/fpu\libm.a(lib_a-sf_copysign.o)
 .debug_frame   0x000005e4       0x20 c:/program files (x86)/gnu tools arm embedded/4.8 2014q3/bin/../lib/gcc/arm-none-eabi/4.8.4/../../../../arm-none-eabi/lib/armv7e-m/fpu\libc.a(lib_a-errno.o)
